Archive member included to satisfy reference by file (symbol)

/usr/lib/gcc/arm-none-eabi/6.3.1/thumb/v6-m/libgcc.a(_dvmd_tls.o)
                              CMakeFiles/usbtmc.dir/home/shiokaze/Documents/pi/pico/pico-sdk/src/rp2_common/pico_divider/divider.S.obj (__aeabi_idiv0)
/usr/lib/gcc/arm-none-eabi/6.3.1/../../../arm-none-eabi/lib/thumb/v6-m/libc.a(lib_a-atexit.o)
                              /usr/lib/gcc/arm-none-eabi/6.3.1/../../../arm-none-eabi/lib/thumb/v6-m/crt0.o (atexit)
/usr/lib/gcc/arm-none-eabi/6.3.1/../../../arm-none-eabi/lib/thumb/v6-m/libc.a(lib_a-atoi.o)
                              CMakeFiles/usbtmc.dir/src/usbtmc_app.c.obj (atoi)
/usr/lib/gcc/arm-none-eabi/6.3.1/../../../arm-none-eabi/lib/thumb/v6-m/libc.a(lib_a-calloc.o)
                              CMakeFiles/usbtmc.dir/home/shiokaze/Documents/pi/pico/pico-sdk/src/rp2_common/pico_malloc/pico_malloc.c.obj (calloc)
/usr/lib/gcc/arm-none-eabi/6.3.1/../../../arm-none-eabi/lib/thumb/v6-m/libc.a(lib_a-callocr.o)
                              /usr/lib/gcc/arm-none-eabi/6.3.1/../../../arm-none-eabi/lib/thumb/v6-m/libc.a(lib_a-calloc.o) (_calloc_r)
/usr/lib/gcc/arm-none-eabi/6.3.1/../../../arm-none-eabi/lib/thumb/v6-m/libc.a(lib_a-fini.o)
                              /usr/lib/gcc/arm-none-eabi/6.3.1/../../../arm-none-eabi/lib/thumb/v6-m/crt0.o (__libc_fini_array)
/usr/lib/gcc/arm-none-eabi/6.3.1/../../../arm-none-eabi/lib/thumb/v6-m/libc.a(lib_a-impure.o)
                              CMakeFiles/usbtmc.dir/home/shiokaze/Documents/pi/pico/pico-sdk/src/common/pico_util/pheap.c.obj (_impure_ptr)
/usr/lib/gcc/arm-none-eabi/6.3.1/../../../arm-none-eabi/lib/thumb/v6-m/libc.a(lib_a-init.o)
                              /usr/lib/gcc/arm-none-eabi/6.3.1/../../../arm-none-eabi/lib/thumb/v6-m/crt0.o (__libc_init_array)
/usr/lib/gcc/arm-none-eabi/6.3.1/../../../arm-none-eabi/lib/thumb/v6-m/libc.a(lib_a-malloc.o)
                              CMakeFiles/usbtmc.dir/home/shiokaze/Documents/pi/pico/pico-sdk/src/rp2_common/pico_malloc/pico_malloc.c.obj (malloc)
/usr/lib/gcc/arm-none-eabi/6.3.1/../../../arm-none-eabi/lib/thumb/v6-m/libc.a(lib_a-mallocr.o)
                              /usr/lib/gcc/arm-none-eabi/6.3.1/../../../arm-none-eabi/lib/thumb/v6-m/libc.a(lib_a-callocr.o) (_malloc_r)
/usr/lib/gcc/arm-none-eabi/6.3.1/../../../arm-none-eabi/lib/thumb/v6-m/libc.a(lib_a-mlock.o)
                              /usr/lib/gcc/arm-none-eabi/6.3.1/../../../arm-none-eabi/lib/thumb/v6-m/libc.a(lib_a-mallocr.o) (__malloc_lock)
/usr/lib/gcc/arm-none-eabi/6.3.1/../../../arm-none-eabi/lib/thumb/v6-m/libc.a(lib_a-sbrkr.o)
                              /usr/lib/gcc/arm-none-eabi/6.3.1/../../../arm-none-eabi/lib/thumb/v6-m/libc.a(lib_a-mallocr.o) (_sbrk_r)
/usr/lib/gcc/arm-none-eabi/6.3.1/../../../arm-none-eabi/lib/thumb/v6-m/libc.a(lib_a-strlen-stub.o)
                              CMakeFiles/usbtmc.dir/src/usb_descriptors.c.obj (strlen)
/usr/lib/gcc/arm-none-eabi/6.3.1/../../../arm-none-eabi/lib/thumb/v6-m/libc.a(lib_a-strncasecmp.o)
                              CMakeFiles/usbtmc.dir/src/usbtmc_app.c.obj (strncasecmp)
/usr/lib/gcc/arm-none-eabi/6.3.1/../../../arm-none-eabi/lib/thumb/v6-m/libc.a(lib_a-strtol.o)
                              /usr/lib/gcc/arm-none-eabi/6.3.1/../../../arm-none-eabi/lib/thumb/v6-m/libc.a(lib_a-atoi.o) (_strtol_r)
/usr/lib/gcc/arm-none-eabi/6.3.1/../../../arm-none-eabi/lib/thumb/v6-m/libc.a(lib_a-wbuf.o)
                              CMakeFiles/usbtmc.dir/home/shiokaze/Documents/pi/pico/pico-sdk/src/common/pico_util/pheap.c.obj (__swbuf_r)
/usr/lib/gcc/arm-none-eabi/6.3.1/../../../arm-none-eabi/lib/thumb/v6-m/libc.a(lib_a-wsetup.o)
                              /usr/lib/gcc/arm-none-eabi/6.3.1/../../../arm-none-eabi/lib/thumb/v6-m/libc.a(lib_a-wbuf.o) (__swsetup_r)
/usr/lib/gcc/arm-none-eabi/6.3.1/../../../arm-none-eabi/lib/thumb/v6-m/libc.a(lib_a-__atexit.o)
                              /usr/lib/gcc/arm-none-eabi/6.3.1/../../../arm-none-eabi/lib/thumb/v6-m/libc.a(lib_a-atexit.o) (__register_exitproc)
/usr/lib/gcc/arm-none-eabi/6.3.1/../../../arm-none-eabi/lib/thumb/v6-m/libc.a(lib_a-ctype_.o)
                              /usr/lib/gcc/arm-none-eabi/6.3.1/../../../arm-none-eabi/lib/thumb/v6-m/libc.a(lib_a-strncasecmp.o) (__ctype_ptr__)
/usr/lib/gcc/arm-none-eabi/6.3.1/../../../arm-none-eabi/lib/thumb/v6-m/libc.a(lib_a-fflush.o)
                              /usr/lib/gcc/arm-none-eabi/6.3.1/../../../arm-none-eabi/lib/thumb/v6-m/libc.a(lib_a-wbuf.o) (_fflush_r)
/usr/lib/gcc/arm-none-eabi/6.3.1/../../../arm-none-eabi/lib/thumb/v6-m/libc.a(lib_a-findfp.o)
                              /usr/lib/gcc/arm-none-eabi/6.3.1/../../../arm-none-eabi/lib/thumb/v6-m/libc.a(lib_a-wbuf.o) (__sinit)
/usr/lib/gcc/arm-none-eabi/6.3.1/../../../arm-none-eabi/lib/thumb/v6-m/libc.a(lib_a-freer.o)
                              /usr/lib/gcc/arm-none-eabi/6.3.1/../../../arm-none-eabi/lib/thumb/v6-m/libc.a(lib_a-malloc.o) (_free_r)
[...]
Memory Configuration

Name             Origin             Length             Attributes
FLASH            0x0000000010000000 0x0000000000200000 xr
RAM              0x0000000020000000 0x0000000000040000 xrw
SCRATCH_X        0x0000000020040000 0x0000000000001000 xrw
SCRATCH_Y        0x0000000020041000 0x0000000000001000 xrw
*default*        0x0000000000000000 0xffffffffffffffff

Linker script and memory map

LOAD /usr/lib/gcc/arm-none-eabi/6.3.1/thumb/v6-m/crti.o
LOAD /usr/lib/gcc/arm-none-eabi/6.3.1/thumb/v6-m/crtbegin.o
LOAD /usr/lib/gcc/arm-none-eabi/6.3.1/../../../arm-none-eabi/lib/thumb/v6-m/crt0.o

.flash_begin    0x0000000010000000        0x0
                0x0000000010000000                __flash_binary_start = .

.boot2          0x0000000010000000      0x100
                0x0000000010000000                __boot2_start__ = .
 *(.boot2)
 .boot2         0x0000000010000000      0x100 /tmp/ccNXDtHq.o
                0x0000000010000100                __boot2_end__ = .
                0x0000000000000001                ASSERT (((__boot2_end__ - __boot2_start__) == 0x100), ERROR: Pico second stage bootloader must be 256 bytes in size)

.text           0x0000000010000100     0x67e0
                0x0000000010000100                __logical_binary_start = .
 *(.vectors)
 .vectors       0x0000000010000100       0xd4 CMakeFiles/usbtmc.dir/home/shiokaze/Documents/pi/pico/pico-sdk/src/rp2_common/pico_standard_link/crt0.S.obj
                0x0000000010000100                __vectors
                0x0000000010000100                __VECTOR_TABLE
                0x00000000100001c0                isr_invalid
                0x00000000100001c0                __default_isrs_start
                0x00000000100001c2                isr_nmi
                0x00000000100001c4                isr_hardfault
                0x00000000100001c6                isr_svcall
                0x00000000100001c8                isr_pendsv
                0x00000000100001ca                isr_systick
                0x00000000100001cc                isr_irq30
                0x00000000100001cc                __unhandled_user_irq
                0x00000000100001cc                isr_irq13
                0x00000000100001cc                isr_irq27
                0x00000000100001cc                isr_irq31
                0x00000000100001cc                isr_irq5
                0x00000000100001cc                isr_irq11
                0x00000000100001cc                isr_irq23
                0x00000000100001cc                isr_irq18
                0x00000000100001cc                isr_irq28
                0x00000000100001cc                isr_irq19
                0x00000000100001cc                isr_irq0
                0x00000000100001cc                isr_irq6
                0x00000000100001cc                isr_irq22
                0x00000000100001cc                isr_irq17
                0x00000000100001cc                isr_irq14
                0x00000000100001cc                isr_irq2
                0x00000000100001cc                isr_irq10
                0x00000000100001cc                isr_irq8
                0x00000000100001cc                isr_irq24
                0x00000000100001cc                isr_irq1
                0x00000000100001cc                isr_irq7
                0x00000000100001cc                isr_irq21
                0x00000000100001cc                isr_irq20
                0x00000000100001cc                isr_irq15
                0x00000000100001cc                isr_irq25
                0x00000000100001cc                isr_irq4
                0x00000000100001cc                isr_irq16
                0x00000000100001cc                isr_irq29
                0x00000000100001cc                isr_irq26
                0x00000000100001cc                __default_isrs_end
                0x00000000100001cc                isr_irq3
                0x00000000100001cc                isr_irq12
                0x00000000100001cc                isr_irq9
                0x00000000100001d2                unhandled_user_irq_num_in_r0
 *(.binary_info_header)
 .binary_info_header
                0x00000000100001d4       0x14 CMakeFiles/usbtmc.dir/home/shiokaze/Documents/pi/pico/pico-sdk/src/rp2_common/pico_standard_link/crt0.S.obj
                0x00000000100001e8                __binary_info_header_end = .
 *(.reset)
 .reset         0x00000000100001e8       0xa8 CMakeFiles/usbtmc.dir/home/shiokaze/Documents/pi/pico/pico-sdk/src/rp2_common/pico_standard_link/crt0.S.obj
                0x00000000100001e8                _entry_point
                0x0000000010000266                __get_current_exception
 .reset         0x0000000010000290       0x30 CMakeFiles/usbtmc.dir/home/shiokaze/Documents/pi/pico/pico-sdk/src/rp2_common/pico_standard_link/binary_info.c.obj
 *(.init)
 .init          0x00000000100002c0        0x4 /usr/lib/gcc/arm-none-eabi/6.3.1/thumb/v6-m/crti.o
                0x00000000100002c0                _init
 *(EXCLUDE_FILE(*libm.a: *libc.a:*lib_a-mem*.o *libgcc.a:) .text*)
 .text          0x00000000100002c4       0xb4 /usr/lib/gcc/arm-none-eabi/6.3.1/thumb/v6-m/crtbegin.o
 .text.startup.main
                0x0000000010000378       0xe4 CMakeFiles/usbtmc.dir/src/main.c.obj
                0x0000000010000378                main
 .text.tud_mount_cb
                0x000000001000045c        0xc CMakeFiles/usbtmc.dir/src/main.c.obj
                0x000000001000045c                tud_mount_cb
 .text.tud_umount_cb
                0x0000000010000468        0xc CMakeFiles/usbtmc.dir/src/main.c.obj
                0x0000000010000468                tud_umount_cb
 .text.tud_suspend_cb
                0x0000000010000474       0x10 CMakeFiles/usbtmc.dir/src/main.c.obj
                0x0000000010000474                tud_suspend_cb
 .text.tud_resume_cb
                0x0000000010000484        0xc CMakeFiles/usbtmc.dir/src/main.c.obj
                0x0000000010000484                tud_resume_cb
 .text.led_indicator_pulse
                0x0000000010000490        0xc CMakeFiles/usbtmc.dir/src/main.c.obj
                0x0000000010000490                led_indicator_pulse
 .text.tud_descriptor_device_cb
                0x000000001000049c        0x8 CMakeFiles/usbtmc.dir/src/usb_descriptors.c.obj
                0x000000001000049c                tud_descriptor_device_cb
 .text.tud_descriptor_configuration_cb
                0x00000000100004a4        0x8 CMakeFiles/usbtmc.dir/src/usb_descriptors.c.obj
                0x00000000100004a4                tud_descriptor_configuration_cb
 .text.tud_descriptor_string_cb
                0x00000000100004ac       0x74 CMakeFiles/usbtmc.dir/src/usb_descriptors.c.obj
                0x00000000100004ac                tud_descriptor_string_cb
 .text.tud_usbtmc_open_cb
                0x0000000010000520        0x8 CMakeFiles/usbtmc.dir/src/usbtmc_app.c.obj
                0x0000000010000520                tud_usbtmc_open_cb
 .text.tud_usbtmc_get_capabilities_cb
                0x0000000010000528        0x8 CMakeFiles/usbtmc.dir/src/usbtmc_app.c.obj
                0x0000000010000528                tud_usbtmc_get_capabilities_cb
 .text.tud_usbtmc_msg_trigger_cb
                0x0000000010000530       0x14 CMakeFiles/usbtmc.dir/src/usbtmc_app.c.obj
                0x0000000010000530                tud_usbtmc_msg_trigger_cb
 .text.tud_usbtmc_msgBulkOut_start_cb
                0x0000000010000544       0x28 CMakeFiles/usbtmc.dir/src/usbtmc_app.c.obj
                0x0000000010000544                tud_usbtmc_msgBulkOut_start_cb
 .text.tud_usbtmc_msg_data_cb
                0x000000001000056c       0xb8 CMakeFiles/usbtmc.dir/src/usbtmc_app.c.obj
                0x000000001000056c                tud_usbtmc_msg_data_cb
 .text.tud_usbtmc_msgBulkIn_complete_cb
                0x0000000010000624       0x4c CMakeFiles/usbtmc.dir/src/usbtmc_app.c.obj
                0x0000000010000624                tud_usbtmc_msgBulkIn_complete_cb
 .text.tud_usbtmc_msgBulkIn_request_cb
                0x0000000010000670       0x84 CMakeFiles/usbtmc.dir/src/usbtmc_app.c.obj
                0x0000000010000670                tud_usbtmc_msgBulkIn_request_cb
 .text.usbtmc_app_task_iter
                0x00000000100006f4      0x154 CMakeFiles/usbtmc.dir/src/usbtmc_app.c.obj
                0x00000000100006f4                usbtmc_app_task_iter
 .text.tud_usbtmc_initiate_clear_cb
                0x0000000010000848       0x24 CMakeFiles/usbtmc.dir/src/usbtmc_app.c.obj
                0x0000000010000848                tud_usbtmc_initiate_clear_cb
 .text.tud_usbtmc_check_clear_cb
                0x000000001000086c       0x3c CMakeFiles/usbtmc.dir/src/usbtmc_app.c.obj
                0x000000001000086c                tud_usbtmc_check_clear_cb
 .text.tud_usbtmc_initiate_abort_bulk_in_cb
                0x00000000100008a8       0x14 CMakeFiles/usbtmc.dir/src/usbtmc_app.c.obj
                0x00000000100008a8                tud_usbtmc_initiate_abort_bulk_in_cb
 .text.tud_usbtmc_check_abort_bulk_in_cb
                0x00000000100008bc        0xc CMakeFiles/usbtmc.dir/src/usbtmc_app.c.obj
                0x00000000100008bc                tud_usbtmc_check_abort_bulk_in_cb
 .text.tud_usbtmc_initiate_abort_bulk_out_cb
                0x00000000100008c8        0x8 CMakeFiles/usbtmc.dir/src/usbtmc_app.c.obj
                0x00000000100008c8                tud_usbtmc_initiate_abort_bulk_out_cb
 .text.tud_usbtmc_check_abort_bulk_out_cb
                0x00000000100008d0        0xc CMakeFiles/usbtmc.dir/src/usbtmc_app.c.obj
                0x00000000100008d0                tud_usbtmc_check_abort_bulk_out_cb
 .text.tud_usbtmc_bulkIn_clearFeature_cb
                0x00000000100008dc        0x4 CMakeFiles/usbtmc.dir/src/usbtmc_app.c.obj
                0x00000000100008dc                tud_usbtmc_bulkIn_clearFeature_cb
 .text.tud_usbtmc_bulkOut_clearFeature_cb
                0x00000000100008e0        0x8 CMakeFiles/usbtmc.dir/src/usbtmc_app.c.obj
                0x00000000100008e0                tud_usbtmc_bulkOut_clearFeature_cb
 .text.tud_usbtmc_get_stb_cb
                0x00000000100008e8       0x1c CMakeFiles/usbtmc.dir/src/usbtmc_app.c.obj
                0x00000000100008e8                tud_usbtmc_get_stb_cb
 .text.tud_usbtmc_indicator_pulse_cb
                0x0000000010000904       0x10 CMakeFiles/usbtmc.dir/src/usbtmc_app.c.obj
                0x0000000010000904                tud_usbtmc_indicator_pulse_cb
 .text.gpio_set_function
                0x0000000010000914       0x30 CMakeFiles/usbtmc.dir/home/shiokaze/Documents/pi/pico/pico-sdk/src/rp2_common/hardware_gpio/gpio.c.obj
                0x0000000010000914                gpio_set_function
 .text.gpio_get_function
                0x0000000010000944       0x14 CMakeFiles/usbtmc.dir/home/shiokaze/Documents/pi/pico/pico-sdk/src/rp2_common/hardware_gpio/gpio.c.obj
                0x0000000010000944                gpio_get_function
 .text.gpio_set_pulls
                0x0000000010000958       0x34 CMakeFiles/usbtmc.dir/home/shiokaze/Documents/pi/pico/pico-sdk/src/rp2_common/hardware_gpio/gpio.c.obj
                0x0000000010000958                gpio_set_pulls
 .text.gpio_set_inover
                0x000000001000098c       0x24 CMakeFiles/usbtmc.dir/home/shiokaze/Documents/pi/pico/pico-sdk/src/rp2_common/hardware_gpio/gpio.c.obj
                0x000000001000098c                gpio_set_inover
 .text.gpio_set_oeover
                0x00000000100009b0       0x24 CMakeFiles/usbtmc.dir/home/shiokaze/Documents/pi/pico/pico-sdk/src/rp2_common/hardware_gpio/gpio.c.obj
                0x00000000100009b0                gpio_set_oeover
 .text.gpio_init
                0x00000000100009d4       0x3c CMakeFiles/usbtmc.dir/home/shiokaze/Documents/pi/pico/pico-sdk/src/rp2_common/hardware_gpio/gpio.c.obj
                0x00000000100009d4                gpio_init
 .text.hw_claim_or_assert
                0x0000000010000a10       0x44 CMakeFiles/usbtmc.dir/home/shiokaze/Documents/pi/pico/pico-sdk/src/rp2_common/hardware_claim/claim.c.obj
                0x0000000010000a10                hw_claim_or_assert
 .text.hw_claim_unused_from_range
                0x0000000010000a54       0x8c CMakeFiles/usbtmc.dir/home/shiokaze/Documents/pi/pico/pico-sdk/src/rp2_common/hardware_claim/claim.c.obj
                0x0000000010000a54                hw_claim_unused_from_range
 .text.running_on_fpga
                0x0000000010000ae0       0x10 CMakeFiles/usbtmc.dir/home/shiokaze/Documents/pi/pico/pico-sdk/src/rp2_common/pico_platform/platform.c.obj
                0x0000000010000ae0                running_on_fpga
 .text.spin_locks_reset
                0x0000000010000af0       0x1c CMakeFiles/usbtmc.dir/home/shiokaze/Documents/pi/pico/pico-sdk/src/rp2_common/hardware_sync/sync.c.obj
                0x0000000010000af0                spin_locks_reset
 .text.next_striped_spin_lock_num
                0x0000000010000b0c       0x18 CMakeFiles/usbtmc.dir/home/shiokaze/Documents/pi/pico/pico-sdk/src/rp2_common/hardware_sync/sync.c.obj
                0x0000000010000b0c                next_striped_spin_lock_num
 .text.spin_lock_claim_unused
                0x0000000010000b24       0x20 CMakeFiles/usbtmc.dir/home/shiokaze/Documents/pi/pico/pico-sdk/src/rp2_common/hardware_sync/sync.c.obj
                0x0000000010000b24                spin_lock_claim_unused
 .text.uart_init
                0x0000000010000b44       0xe4 CMakeFiles/usbtmc.dir/home/shiokaze/Documents/pi/pico/pico-sdk/src/rp2_common/hardware_uart/uart.c.obj
                0x0000000010000b44                uart_init
 .text.timer_pool_entry_comparator
                0x0000000010000c28       0x34 CMakeFiles/usbtmc.dir/home/shiokaze/Documents/pi/pico/pico-sdk/src/common/pico_time/time.c.obj
                0x0000000010000c28                timer_pool_entry_comparator
 .text.sleep_until_callback
                0x0000000010000c5c       0x30 CMakeFiles/usbtmc.dir/home/shiokaze/Documents/pi/pico/pico-sdk/src/common/pico_time/time.c.obj
 .text.add_alarm_under_lock
                0x0000000010000c8c      0x124 CMakeFiles/usbtmc.dir/home/shiokaze/Documents/pi/pico/pico-sdk/src/common/pico_time/time.c.obj
 .text.alarm_pool_alarm_callback
                0x0000000010000db0      0x1dc CMakeFiles/usbtmc.dir/home/shiokaze/Documents/pi/pico/pico-sdk/src/common/pico_time/time.c.obj
 .text.alarm_pool_init_default
                0x0000000010000f8c       0x64 CMakeFiles/usbtmc.dir/home/shiokaze/Documents/pi/pico/pico-sdk/src/common/pico_time/time.c.obj
                0x0000000010000f8c                alarm_pool_init_default
 .text.alarm_pool_get_default
                0x0000000010000ff0        0x8 CMakeFiles/usbtmc.dir/home/shiokaze/Documents/pi/pico/pico-sdk/src/common/pico_time/time.c.obj
                0x0000000010000ff0                alarm_pool_get_default
 .text.alarm_pool_add_alarm_at
                0x0000000010000ff8      0x1a0 CMakeFiles/usbtmc.dir/home/shiokaze/Documents/pi/pico/pico-sdk/src/common/pico_time/time.c.obj
                0x0000000010000ff8                alarm_pool_add_alarm_at
 .text.best_effort_wfe_or_timeout
                0x0000000010001198      0x1c8 CMakeFiles/usbtmc.dir/home/shiokaze/Documents/pi/pico/pico-sdk/src/common/pico_time/time.c.obj
                0x0000000010001198                best_effort_wfe_or_timeout
 .text.hardware_alarm_irq_handler
                0x0000000010001360       0xa0 CMakeFiles/usbtmc.dir/home/shiokaze/Documents/pi/pico/pico-sdk/src/rp2_common/hardware_timer/timer.c.obj
 .text.hardware_alarm_claim
                0x0000000010001400       0x18 CMakeFiles/usbtmc.dir/home/shiokaze/Documents/pi/pico/pico-sdk/src/rp2_common/hardware_timer/timer.c.obj
                0x0000000010001400                hardware_alarm_claim
 .text.time_us_64
                0x0000000010001418       0x18 CMakeFiles/usbtmc.dir/home/shiokaze/Documents/pi/pico/pico-sdk/src/rp2_common/hardware_timer/timer.c.obj
                0x0000000010001418                time_us_64
 .text.busy_wait_us
                0x0000000010001430       0x54 CMakeFiles/usbtmc.dir/home/shiokaze/Documents/pi/pico/pico-sdk/src/rp2_common/hardware_timer/timer.c.obj
                0x0000000010001430                busy_wait_us
 .text.hardware_alarm_set_callback
                0x0000000010001484       0x8c CMakeFiles/usbtmc.dir/home/shiokaze/Documents/pi/pico/pico-sdk/src/rp2_common/hardware_timer/timer.c.obj
                0x0000000010001484                hardware_alarm_set_callback
 .text.hardware_alarm_set_target
                0x0000000010001510       0xdc CMakeFiles/usbtmc.dir/home/shiokaze/Documents/pi/pico/pico-sdk/src/rp2_common/hardware_timer/timer.c.obj
                0x0000000010001510                hardware_alarm_set_target
 .text.hardware_alarm_cancel
                0x00000000100015ec       0x40 CMakeFiles/usbtmc.dir/home/shiokaze/Documents/pi/pico/pico-sdk/src/rp2_common/hardware_timer/timer.c.obj
                0x00000000100015ec                hardware_alarm_cancel
 .text.lock_init
                0x000000001000162c       0x10 CMakeFiles/usbtmc.dir/home/shiokaze/Documents/pi/pico/pico-sdk/src/common/pico_sync/lock_core.c.obj
                0x000000001000162c                lock_init
 .text.mutex_init
                0x000000001000163c       0x20 CMakeFiles/usbtmc.dir/home/shiokaze/Documents/pi/pico/pico-sdk/src/common/pico_sync/mutex.c.obj
                0x000000001000163c                mutex_init
 .text.recursive_mutex_init
                0x000000001000165c       0x1c CMakeFiles/usbtmc.dir/home/shiokaze/Documents/pi/pico/pico-sdk/src/common/pico_sync/mutex.c.obj
                0x000000001000165c                recursive_mutex_init
 .text.critical_section_init
                0x0000000010001678       0x20 CMakeFiles/usbtmc.dir/home/shiokaze/Documents/pi/pico/pico-sdk/src/common/pico_sync/critical_section.c.obj
                0x0000000010001678                critical_section_init
 .text.ph_merge_two_pass.part.3
                0x0000000010001698      0x18c CMakeFiles/usbtmc.dir/home/shiokaze/Documents/pi/pico/pico-sdk/src/common/pico_util/pheap.c.obj
 .text.ph_post_alloc_init
                0x0000000010001824       0x3c CMakeFiles/usbtmc.dir/home/shiokaze/Documents/pi/pico/pico-sdk/src/common/pico_util/pheap.c.obj
                0x0000000010001824                ph_post_alloc_init
 .text.ph_remove_head
                0x0000000010001860      0x158 CMakeFiles/usbtmc.dir/home/shiokaze/Documents/pi/pico/pico-sdk/src/common/pico_util/pheap.c.obj
                0x0000000010001860                ph_remove_head
 .text.ph_remove_and_free_node
                0x00000000100019b8      0x254 CMakeFiles/usbtmc.dir/home/shiokaze/Documents/pi/pico/pico-sdk/src/common/pico_util/pheap.c.obj
                0x00000000100019b8                ph_remove_and_free_node
 .text.runtime_init
                0x0000000010001c0c      0x104 CMakeFiles/usbtmc.dir/home/shiokaze/Documents/pi/pico/pico-sdk/src/rp2_common/pico_runtime/runtime.c.obj
                0x0000000010001c0c                runtime_init
 .text._sbrk    0x0000000010001d10       0x34 CMakeFiles/usbtmc.dir/home/shiokaze/Documents/pi/pico/pico-sdk/src/rp2_common/pico_runtime/runtime.c.obj
                0x0000000010001d10                _sbrk
 .text.exit     0x0000000010001d44        0x4 CMakeFiles/usbtmc.dir/home/shiokaze/Documents/pi/pico/pico-sdk/src/rp2_common/pico_runtime/runtime.c.obj
                0x0000000010001d44                exit
 .text.panic    0x0000000010001d48       0x30 CMakeFiles/usbtmc.dir/home/shiokaze/Documents/pi/pico/pico-sdk/src/rp2_common/pico_runtime/runtime.c.obj
                0x0000000010001d48                panic
 .text.hard_assertion_failure
                0x0000000010001d78        0xc CMakeFiles/usbtmc.dir/home/shiokaze/Documents/pi/pico/pico-sdk/src/rp2_common/pico_runtime/runtime.c.obj
                0x0000000010001d78                hard_assertion_failure
 .text.clocks_init
                0x0000000010001d84      0x2c8 CMakeFiles/usbtmc.dir/home/shiokaze/Documents/pi/pico/pico-sdk/src/rp2_common/hardware_clocks/clocks.c.obj
                0x0000000010001d84                clocks_init
 .text.clock_get_hz
                0x000000001000204c        0xc CMakeFiles/usbtmc.dir/home/shiokaze/Documents/pi/pico/pico-sdk/src/rp2_common/hardware_clocks/clocks.c.obj
                0x000000001000204c                clock_get_hz
 .text.irq_set_enabled
                0x0000000010002058       0x24 CMakeFiles/usbtmc.dir/home/shiokaze/Documents/pi/pico/pico-sdk/src/rp2_common/hardware_irq/irq.c.obj
                0x0000000010002058                irq_set_enabled
 .text.irq_get_vtable_handler
                0x000000001000207c       0x10 CMakeFiles/usbtmc.dir/home/shiokaze/Documents/pi/pico/pico-sdk/src/rp2_common/hardware_irq/irq.c.obj
                0x000000001000207c                irq_get_vtable_handler
 .text.irq_set_exclusive_handler
                0x000000001000208c       0x54 CMakeFiles/usbtmc.dir/home/shiokaze/Documents/pi/pico/pico-sdk/src/rp2_common/hardware_irq/irq.c.obj
                0x000000001000208c                irq_set_exclusive_handler
 .text.irq_remove_handler
                0x00000000100020e0      0x1bc CMakeFiles/usbtmc.dir/home/shiokaze/Documents/pi/pico/pico-sdk/src/rp2_common/hardware_irq/irq.c.obj
                0x00000000100020e0                irq_remove_handler
 .text.irq_add_tail_to_free_list
                0x000000001000229c       0xb4 CMakeFiles/usbtmc.dir/home/shiokaze/Documents/pi/pico/pico-sdk/src/rp2_common/hardware_irq/irq.c.obj
                0x000000001000229c                irq_add_tail_to_free_list
 .text.irq_init_priorities
                0x0000000010002350       0x38 CMakeFiles/usbtmc.dir/home/shiokaze/Documents/pi/pico/pico-sdk/src/rp2_common/hardware_irq/irq.c.obj
                0x0000000010002350                irq_init_priorities
 .text.pll_init
                0x0000000010002388       0x98 CMakeFiles/usbtmc.dir/home/shiokaze/Documents/pi/pico/pico-sdk/src/rp2_common/hardware_pll/pll.c.obj
                0x0000000010002388                pll_init
 .text.watchdog_start_tick
                0x0000000010002420       0x10 CMakeFiles/usbtmc.dir/home/shiokaze/Documents/pi/pico/pico-sdk/src/rp2_common/hardware_watchdog/watchdog.c.obj
                0x0000000010002420                watchdog_start_tick
 .text.xosc_init
                0x0000000010002430       0x28 CMakeFiles/usbtmc.dir/home/shiokaze/Documents/pi/pico/pico-sdk/src/rp2_common/hardware_xosc/xosc.c.obj
                0x0000000010002430                xosc_init
 .text._out_char
                0x0000000010002458       0x3c CMakeFiles/usbtmc.dir/home/shiokaze/Documents/pi/pico/pico-sdk/src/rp2_common/pico_printf/printf.c.obj
 .text.weak_raw_vprintf
                0x0000000010002494       0x30 CMakeFiles/usbtmc.dir/home/shiokaze/Documents/pi/pico/pico-sdk/src/rp2_common/pico_printf/printf.c.obj
                0x0000000010002494                weak_raw_vprintf
 .text          0x00000000100024c4       0x10 CMakeFiles/usbtmc.dir/home/shiokaze/Documents/pi/pico/pico-sdk/src/rp2_common/pico_bit_ops/bit_ops_aeabi.S.obj
 .text.rom_func_lookup
                0x00000000100024d4       0x10 CMakeFiles/usbtmc.dir/home/shiokaze/Documents/pi/pico/pico-sdk/src/rp2_common/pico_bootrom/bootrom.c.obj
                0x00000000100024d4                rom_func_lookup
 .text.rom_data_lookup
                0x00000000100024e4       0x10 CMakeFiles/usbtmc.dir/home/shiokaze/Documents/pi/pico/pico-sdk/src/rp2_common/pico_bootrom/bootrom.c.obj
                0x00000000100024e4                rom_data_lookup
 .text.rom_funcs_lookup
                0x00000000100024f4       0x44 CMakeFiles/usbtmc.dir/home/shiokaze/Documents/pi/pico/pico-sdk/src/rp2_common/pico_bootrom/bootrom.c.obj
                0x00000000100024f4                rom_funcs_lookup
 .text.__wrap___aeabi_uidiv
                0x0000000010002538       0x4c CMakeFiles/usbtmc.dir/home/shiokaze/Documents/pi/pico/pico-sdk/src/rp2_common/pico_divider/divider.S.obj
                0x0000000010002538                __wrap___aeabi_uidiv
                0x0000000010002538                __wrap___aeabi_uidivmod
                0x0000000010002538                div_u32u32
                0x0000000010002538                divmod_u32u32
                0x0000000010002540                divmod_u32u32_unsafe
                0x0000000010002568                divmod_u32u32_savestate
 .text.__wrap___aeabi_ldiv
                0x0000000010002584      0x430 CMakeFiles/usbtmc.dir/home/shiokaze/Documents/pi/pico/pico-sdk/src/rp2_common/pico_divider/divider.S.obj
                0x0000000010002584                div_s64s64
                0x0000000010002584                divmod_s64s64
                0x0000000010002584                __wrap___aeabi_ldivmod
                0x00000000100025bc                div_u64u64
                0x00000000100025bc                divmod_u64u64
                0x00000000100025bc                __wrap___aeabi_uldivmod
                0x00000000100025cc                divmod_u64u64_savestate
                0x00000000100025f4                divmod_s64s64_unsafe
                0x000000001000267c                divmod_u64u64_unsafe
 .text.__aeabi_double_init
                0x00000000100029b4       0x4c CMakeFiles/usbtmc.dir/home/shiokaze/Documents/pi/pico/pico-sdk/src/rp2_common/pico_double/double_init_rom.c.obj
                0x00000000100029b4                __aeabi_double_init
 .text.double_table_shim_on_use_helper
                0x0000000010002a00       0x2c CMakeFiles/usbtmc.dir/home/shiokaze/Documents/pi/pico/pico-sdk/src/rp2_common/pico_double/double_v1_rom_shim.S.obj
                0x0000000010002a00                double_table_shim_on_use_helper
 .text.__aeabi_lmul
                0x0000000010002a2c       0x32 CMakeFiles/usbtmc.dir/home/shiokaze/Documents/pi/pico/pico-sdk/src/rp2_common/pico_int64_ops/pico_int64_ops_aeabi.S.obj
                0x0000000010002a2c                __wrap___aeabi_lmul
 *fill*         0x0000000010002a5e        0x2 
 .text.__aeabi_float_init
                0x0000000010002a60       0x68 CMakeFiles/usbtmc.dir/home/shiokaze/Documents/pi/pico/pico-sdk/src/rp2_common/pico_float/float_init_rom.c.obj
                0x0000000010002a60                __aeabi_float_init
 .text.float_table_shim_on_use_helper
                0x0000000010002ac8       0x2c CMakeFiles/usbtmc.dir/home/shiokaze/Documents/pi/pico/pico-sdk/src/rp2_common/pico_float/float_v1_rom_shim.S.obj
                0x0000000010002ac8                float_table_shim_on_use_helper
 .text          0x0000000010002af4       0x10 CMakeFiles/usbtmc.dir/home/shiokaze/Documents/pi/pico/pico-sdk/src/rp2_common/pico_mem_ops/mem_ops_aeabi.S.obj
                0x0000000010002af4                __aeabi_mem_init
 .text.memset   0x0000000010002b04        0xc CMakeFiles/usbtmc.dir/home/shiokaze/Documents/pi/pico/pico-sdk/src/rp2_common/pico_mem_ops/mem_ops_aeabi.S.obj
                0x0000000010002b04                __wrap_memset
 .text.memcpy   0x0000000010002b10        0xc CMakeFiles/usbtmc.dir/home/shiokaze/Documents/pi/pico/pico-sdk/src/rp2_common/pico_mem_ops/mem_ops_aeabi.S.obj
                0x0000000010002b10                __wrap___aeabi_memcpy
                0x0000000010002b10                __wrap_memcpy
 .text.stdio_out_chars_crlf
                0x0000000010002b1c       0xbc CMakeFiles/usbtmc.dir/home/shiokaze/Documents/pi/pico/pico-sdk/src/rp2_common/pico_stdio/stdio.c.obj
 .text.__wrap_puts
                0x0000000010002bd8      0x104 CMakeFiles/usbtmc.dir/home/shiokaze/Documents/pi/pico/pico-sdk/src/rp2_common/pico_stdio/stdio.c.obj
                0x0000000010002bd8                __wrap_puts
 .text._read    0x0000000010002cdc       0x8c CMakeFiles/usbtmc.dir/home/shiokaze/Documents/pi/pico/pico-sdk/src/rp2_common/pico_stdio/stdio.c.obj
                0x0000000010002cdc                _read
 .text._write   0x0000000010002d68       0xa8 CMakeFiles/usbtmc.dir/home/shiokaze/Documents/pi/pico/pico-sdk/src/rp2_common/pico_stdio/stdio.c.obj
                0x0000000010002d68                _write
 .text.stdio_set_driver_enabled
                0x0000000010002e10       0x3c CMakeFiles/usbtmc.dir/home/shiokaze/Documents/pi/pico/pico-sdk/src/rp2_common/pico_stdio/stdio.c.obj
                0x0000000010002e10                stdio_set_driver_enabled
 .text.stdio_uart_out_chars
                0x0000000010002e4c       0x4c CMakeFiles/usbtmc.dir/home/shiokaze/Documents/pi/pico/pico-sdk/src/rp2_common/pico_stdio_uart/stdio_uart.c.obj
 .text.stdio_uart_in_chars
                0x0000000010002e98       0x3c CMakeFiles/usbtmc.dir/home/shiokaze/Documents/pi/pico/pico-sdk/src/rp2_common/pico_stdio_uart/stdio_uart.c.obj
                0x0000000010002e98                stdio_uart_in_chars
 .text.stdio_uart_init_full
                0x0000000010002ed4       0x38 CMakeFiles/usbtmc.dir/home/shiokaze/Documents/pi/pico/pico-sdk/src/rp2_common/pico_stdio_uart/stdio_uart.c.obj
                0x0000000010002ed4                stdio_uart_init_full
 .text.startup.boot_double_tap_check
                0x0000000010002f0c       0x60 CMakeFiles/usbtmc.dir/home/shiokaze/Documents/pi/pico/pico-sdk/src/rp2_common/pico_bootsel_via_double_reset/pico_bootsel_via_double_reset.c.obj
 .text.board_init
                0x0000000010002f6c       0x30 CMakeFiles/usbtmc.dir/home/shiokaze/Documents/pi/pico/tinyusb/hw/bsp/rp2040/family.c.obj
                0x0000000010002f6c                board_init
 .text.board_led_write
                0x0000000010002f9c       0x14 CMakeFiles/usbtmc.dir/home/shiokaze/Documents/pi/pico/tinyusb/hw/bsp/rp2040/family.c.obj
                0x0000000010002f9c                board_led_write
 .text.dcd_rp2040_irq
                0x0000000010002fb0      0x1cc CMakeFiles/usbtmc.dir/home/shiokaze/Documents/pi/pico/tinyusb/src/portable/raspberrypi/rp2040/dcd_rp2040.c.obj
 .text.dcd_int_enable
                0x000000001000317c        0xc CMakeFiles/usbtmc.dir/home/shiokaze/Documents/pi/pico/tinyusb/src/portable/raspberrypi/rp2040/dcd_rp2040.c.obj
                0x000000001000317c                dcd_int_enable
 .text.dcd_set_address
                0x0000000010003188       0x1c CMakeFiles/usbtmc.dir/home/shiokaze/Documents/pi/pico/tinyusb/src/portable/raspberrypi/rp2040/dcd_rp2040.c.obj
                0x0000000010003188                dcd_set_address
 .text.dcd_connect
                0x00000000100031a4       0x10 CMakeFiles/usbtmc.dir/home/shiokaze/Documents/pi/pico/tinyusb/src/portable/raspberrypi/rp2040/dcd_rp2040.c.obj
                0x00000000100031a4                dcd_connect
 .text.dcd_init
                0x00000000100031b4       0xac CMakeFiles/usbtmc.dir/home/shiokaze/Documents/pi/pico/tinyusb/src/portable/raspberrypi/rp2040/dcd_rp2040.c.obj
                0x00000000100031b4                dcd_init
 .text.dcd_edpt0_status_complete
                0x0000000010003260       0x28 CMakeFiles/usbtmc.dir/home/shiokaze/Documents/pi/pico/tinyusb/src/portable/raspberrypi/rp2040/dcd_rp2040.c.obj
                0x0000000010003260                dcd_edpt0_status_complete
 .text.dcd_edpt_open
                0x0000000010003288      0x108 CMakeFiles/usbtmc.dir/home/shiokaze/Documents/pi/pico/tinyusb/src/portable/raspberrypi/rp2040/dcd_rp2040.c.obj
                0x0000000010003288                dcd_edpt_open
 .text.dcd_edpt_xfer
                0x0000000010003390       0x24 CMakeFiles/usbtmc.dir/home/shiokaze/Documents/pi/pico/tinyusb/src/portable/raspberrypi/rp2040/dcd_rp2040.c.obj
                0x0000000010003390                dcd_edpt_xfer
 .text.dcd_edpt_stall
                0x00000000100033b4       0x3c CMakeFiles/usbtmc.dir/home/shiokaze/Documents/pi/pico/tinyusb/src/portable/raspberrypi/rp2040/dcd_rp2040.c.obj
                0x00000000100033b4                dcd_edpt_stall
 .text.dcd_edpt_clear_stall
                0x00000000100033f0       0x28 CMakeFiles/usbtmc.dir/home/shiokaze/Documents/pi/pico/tinyusb/src/portable/raspberrypi/rp2040/dcd_rp2040.c.obj
                0x00000000100033f0                dcd_edpt_clear_stall
 .text.rp2040_usb_init
                0x0000000010003418       0x4c CMakeFiles/usbtmc.dir/home/shiokaze/Documents/pi/pico/tinyusb/src/portable/raspberrypi/rp2040/rp2040_usb.c.obj
                0x0000000010003418                rp2040_usb_init
 .text.hw_endpoint_reset_transfer
                0x0000000010003464       0x10 CMakeFiles/usbtmc.dir/home/shiokaze/Documents/pi/pico/tinyusb/src/portable/raspberrypi/rp2040/rp2040_usb.c.obj
                0x0000000010003464                hw_endpoint_reset_transfer
 .text._hw_endpoint_buffer_control_update32
                0x0000000010003474       0x58 CMakeFiles/usbtmc.dir/home/shiokaze/Documents/pi/pico/tinyusb/src/portable/raspberrypi/rp2040/rp2040_usb.c.obj
                0x0000000010003474                _hw_endpoint_buffer_control_update32
 .text.hw_endpoint_xfer_start
                0x00000000100034cc      0x15c CMakeFiles/usbtmc.dir/home/shiokaze/Documents/pi/pico/tinyusb/src/portable/raspberrypi/rp2040/rp2040_usb.c.obj
                0x00000000100034cc                hw_endpoint_xfer_start
 .text.hw_endpoint_xfer_continue
                0x0000000010003628      0x1f8 CMakeFiles/usbtmc.dir/home/shiokaze/Documents/pi/pico/tinyusb/src/portable/raspberrypi/rp2040/rp2040_usb.c.obj
                0x0000000010003628                hw_endpoint_xfer_continue
 .text.tud_inited
                0x0000000010003820        0xc CMakeFiles/usbtmc.dir/home/shiokaze/Documents/pi/pico/tinyusb/src/device/usbd.c.obj
                0x0000000010003820                tud_inited
 .text.tud_init
                0x000000001000382c       0xd8 CMakeFiles/usbtmc.dir/home/shiokaze/Documents/pi/pico/tinyusb/src/device/usbd.c.obj
                0x000000001000382c                tud_init
 .text.tud_task
                0x0000000010003904      0x864 CMakeFiles/usbtmc.dir/home/shiokaze/Documents/pi/pico/tinyusb/src/device/usbd.c.obj
                0x0000000010003904                tud_task
 .text.dcd_event_bus_signal
                0x0000000010004168      0x128 CMakeFiles/usbtmc.dir/home/shiokaze/Documents/pi/pico/tinyusb/src/device/usbd.c.obj
                0x0000000010004168                dcd_event_bus_signal
 .text.dcd_event_bus_reset
                0x0000000010004290       0x54 CMakeFiles/usbtmc.dir/home/shiokaze/Documents/pi/pico/tinyusb/src/device/usbd.c.obj
                0x0000000010004290                dcd_event_bus_reset
 .text.dcd_event_setup_received
                0x00000000100042e4       0x5c CMakeFiles/usbtmc.dir/home/shiokaze/Documents/pi/pico/tinyusb/src/device/usbd.c.obj
                0x00000000100042e4                dcd_event_setup_received
 .text.dcd_event_xfer_complete
                0x0000000010004340       0x68 CMakeFiles/usbtmc.dir/home/shiokaze/Documents/pi/pico/tinyusb/src/device/usbd.c.obj
                0x0000000010004340                dcd_event_xfer_complete
 .text.usbd_edpt_open
                0x00000000100043a8       0x30 CMakeFiles/usbtmc.dir/home/shiokaze/Documents/pi/pico/tinyusb/src/device/usbd.c.obj
                0x00000000100043a8                usbd_edpt_open
 .text.usbd_edpt_xfer
                0x00000000100043d8       0x48 CMakeFiles/usbtmc.dir/home/shiokaze/Documents/pi/pico/tinyusb/src/device/usbd.c.obj
                0x00000000100043d8                usbd_edpt_xfer
 .text.usbd_edpt_busy
                0x0000000010004420       0x1c CMakeFiles/usbtmc.dir/home/shiokaze/Documents/pi/pico/tinyusb/src/device/usbd.c.obj
                0x0000000010004420                usbd_edpt_busy
 .text.usbd_edpt_stall
                0x000000001000443c       0x30 CMakeFiles/usbtmc.dir/home/shiokaze/Documents/pi/pico/tinyusb/src/device/usbd.c.obj
                0x000000001000443c                usbd_edpt_stall
 .text.tud_control_status
                0x000000001000446c       0x30 CMakeFiles/usbtmc.dir/home/shiokaze/Documents/pi/pico/tinyusb/src/device/usbd_control.c.obj
                0x000000001000446c                tud_control_status
 .text.tud_control_xfer
                0x000000001000449c       0xac CMakeFiles/usbtmc.dir/home/shiokaze/Documents/pi/pico/tinyusb/src/device/usbd_control.c.obj
                0x000000001000449c                tud_control_xfer
 .text.usbd_control_reset
                0x0000000010004548       0x14 CMakeFiles/usbtmc.dir/home/shiokaze/Documents/pi/pico/tinyusb/src/device/usbd_control.c.obj
                0x0000000010004548                usbd_control_reset
 .text.usbd_control_set_complete_callback
                0x000000001000455c        0xc CMakeFiles/usbtmc.dir/home/shiokaze/Documents/pi/pico/tinyusb/src/device/usbd_control.c.obj
                0x000000001000455c                usbd_control_set_complete_callback
 .text.usbd_control_set_request
                0x0000000010004568       0x1c CMakeFiles/usbtmc.dir/home/shiokaze/Documents/pi/pico/tinyusb/src/device/usbd_control.c.obj
                0x0000000010004568                usbd_control_set_request
 .text.usbd_control_xfer_cb
                0x0000000010004584       0xf8 CMakeFiles/usbtmc.dir/home/shiokaze/Documents/pi/pico/tinyusb/src/device/usbd_control.c.obj
                0x0000000010004584                usbd_control_xfer_cb
 .text.atomicChangeState
                0x000000001000467c       0x34 CMakeFiles/usbtmc.dir/home/shiokaze/Documents/pi/pico/tinyusb/src/class/usbtmc/usbtmc_device.c.obj
                0x000000001000467c                atomicChangeState
 .text.tud_usbtmc_transmit_dev_msg_data
                0x00000000100046b0       0xdc CMakeFiles/usbtmc.dir/home/shiokaze/Documents/pi/pico/tinyusb/src/class/usbtmc/usbtmc_device.c.obj
                0x00000000100046b0                tud_usbtmc_transmit_dev_msg_data
 .text.usbtmcd_init_cb
                0x000000001000478c       0x28 CMakeFiles/usbtmc.dir/home/shiokaze/Documents/pi/pico/tinyusb/src/class/usbtmc/usbtmc_device.c.obj
                0x000000001000478c                usbtmcd_init_cb
 .text.usbtmcd_open_cb
                0x00000000100047b4       0xf0 CMakeFiles/usbtmc.dir/home/shiokaze/Documents/pi/pico/tinyusb/src/class/usbtmc/usbtmc_device.c.obj
                0x00000000100047b4                usbtmcd_open_cb
 .text.tud_usbtmc_start_bus_read
                0x00000000100048a4       0x54 CMakeFiles/usbtmc.dir/home/shiokaze/Documents/pi/pico/tinyusb/src/class/usbtmc/usbtmc_device.c.obj
                0x00000000100048a4                tud_usbtmc_start_bus_read
 .text.usbtmcd_reset_cb
                0x00000000100048f8       0x38 CMakeFiles/usbtmc.dir/home/shiokaze/Documents/pi/pico/tinyusb/src/class/usbtmc/usbtmc_device.c.obj
                0x00000000100048f8                usbtmcd_reset_cb
 .text.usbtmcd_xfer_cb
                0x0000000010004930      0x318 CMakeFiles/usbtmc.dir/home/shiokaze/Documents/pi/pico/tinyusb/src/class/usbtmc/usbtmc_device.c.obj
                0x0000000010004930                usbtmcd_xfer_cb
 .text.usbtmcd_control_xfer_cb
                0x0000000010004c48      0x488 CMakeFiles/usbtmc.dir/home/shiokaze/Documents/pi/pico/tinyusb/src/class/usbtmc/usbtmc_device.c.obj
                0x0000000010004c48                usbtmcd_control_xfer_cb
 .text.tusb_init
                0x00000000100050d0        0xc CMakeFiles/usbtmc.dir/home/shiokaze/Documents/pi/pico/tinyusb/src/tusb.c.obj
                0x00000000100050d0                tusb_init
 .text.tusb_inited
                0x00000000100050dc        0x8 CMakeFiles/usbtmc.dir/home/shiokaze/Documents/pi/pico/tinyusb/src/tusb.c.obj
                0x00000000100050dc                tusb_inited
 .text.tu_edpt_validate
                0x00000000100050e4       0x74 CMakeFiles/usbtmc.dir/home/shiokaze/Documents/pi/pico/tinyusb/src/tusb.c.obj
                0x00000000100050e4                tu_edpt_validate
 .text.tu_edpt_bind_driver
                0x0000000010005158       0x3c CMakeFiles/usbtmc.dir/home/shiokaze/Documents/pi/pico/tinyusb/src/tusb.c.obj
                0x0000000010005158                tu_edpt_bind_driver
 .text.tu_fifo_read
                0x0000000010005194       0x9c CMakeFiles/usbtmc.dir/home/shiokaze/Documents/pi/pico/tinyusb/src/common/tusb_fifo.c.obj
                0x0000000010005194                tu_fifo_read
 .text.tu_fifo_write
                0x0000000010005230       0x88 CMakeFiles/usbtmc.dir/home/shiokaze/Documents/pi/pico/tinyusb/src/common/tusb_fifo.c.obj
                0x0000000010005230                tu_fifo_write
 .text.tu_fifo_clear
                0x00000000100052b8       0x4c CMakeFiles/usbtmc.dir/home/shiokaze/Documents/pi/pico/tinyusb/src/common/tusb_fifo.c.obj
                0x00000000100052b8                tu_fifo_clear
 .text.hw_enumeration_fix_force_ls_j_done
                0x0000000010005304       0x48 CMakeFiles/usbtmc.dir/home/shiokaze/Documents/pi/pico/pico-sdk/src/rp2_common/pico_fix/rp2040_usb_device_enumeration/rp2040_usb_device_enumeration.c.obj
                0x0000000010005304                hw_enumeration_fix_force_ls_j_done
 .text.hw_enumeration_fix_force_ls_j
                0x000000001000534c      0x10c CMakeFiles/usbtmc.dir/home/shiokaze/Documents/pi/pico/pico-sdk/src/rp2_common/pico_fix/rp2040_usb_device_enumeration/rp2040_usb_device_enumeration.c.obj
 .text.hw_enumeration_fix_wait_se0_callback
                0x0000000010005458       0x24 CMakeFiles/usbtmc.dir/home/shiokaze/Documents/pi/pico/pico-sdk/src/rp2_common/pico_fix/rp2040_usb_device_enumeration/rp2040_usb_device_enumeration.c.obj
                0x0000000010005458                hw_enumeration_fix_wait_se0_callback
 .text.rp2040_usb_device_enumeration_fix
                0x000000001000547c       0x60 CMakeFiles/usbtmc.dir/home/shiokaze/Documents/pi/pico/pico-sdk/src/rp2_common/pico_fix/rp2040_usb_device_enumeration/rp2040_usb_device_enumeration.c.obj
                0x000000001000547c                rp2040_usb_device_enumeration_fix
 .text          0x00000000100054dc       0x18 /usr/lib/gcc/arm-none-eabi/6.3.1/../../../arm-none-eabi/lib/thumb/v6-m/libc.a(lib_a-atoi.o)
                0x00000000100054dc                atoi
                0x00000000100054e8                _atoi_r
 .text          0x00000000100054f4      0x558 /usr/lib/gcc/arm-none-eabi/6.3.1/../../../arm-none-eabi/lib/thumb/v6-m/libc.a(lib_a-mallocr.o)
                0x00000000100054f4                _malloc_r
 .text          0x0000000010005a4c        0x8 /usr/lib/gcc/arm-none-eabi/6.3.1/../../../arm-none-eabi/lib/thumb/v6-m/libc.a(lib_a-mlock.o)
                0x0000000010005a4c                __malloc_lock
                0x0000000010005a50                __malloc_unlock
 .text          0x0000000010005a54       0x24 /usr/lib/gcc/arm-none-eabi/6.3.1/../../../arm-none-eabi/lib/thumb/v6-m/libc.a(lib_a-sbrkr.o)
                0x0000000010005a54                _sbrk_r
 .text          0x0000000010005a78       0x64 /usr/lib/gcc/arm-none-eabi/6.3.1/../../../arm-none-eabi/lib/thumb/v6-m/libc.a(lib_a-strlen-stub.o)
                0x0000000010005a78                strlen
 .text          0x0000000010005adc       0x58 /usr/lib/gcc/arm-none-eabi/6.3.1/../../../arm-none-eabi/lib/thumb/v6-m/libc.a(lib_a-strncasecmp.o)
                0x0000000010005adc                strncasecmp
 .text          0x0000000010005b34      0x190 /usr/lib/gcc/arm-none-eabi/6.3.1/../../../arm-none-eabi/lib/thumb/v6-m/libc.a(lib_a-strtol.o)
                0x0000000010005b34                _strtol_r
                0x0000000010005cac                strtol
 .text          0x0000000010005cc4       0xd4 /usr/lib/gcc/arm-none-eabi/6.3.1/../../../arm-none-eabi/lib/thumb/v6-m/libc.a(lib_a-wbuf.o)
                0x0000000010005cc4                __swbuf_r
                0x0000000010005d80                __swbuf
 .text          0x0000000010005d98       0xd4 /usr/lib/gcc/arm-none-eabi/6.3.1/../../../arm-none-eabi/lib/thumb/v6-m/libc.a(lib_a-wsetup.o)
                0x0000000010005d98                __swsetup_r
 .text          0x0000000010005e6c      0x1a4 /usr/lib/gcc/arm-none-eabi/6.3.1/../../../arm-none-eabi/lib/thumb/v6-m/libc.a(lib_a-fflush.o)
                0x0000000010005e6c                __sflush_r
                0x0000000010005fbc                _fflush_r
                0x0000000010005fe8                fflush
 .text          0x0000000010006010      0x22c /usr/lib/gcc/arm-none-eabi/6.3.1/../../../arm-none-eabi/lib/thumb/v6-m/libc.a(lib_a-findfp.o)
                0x0000000010006014                _cleanup_r
                0x0000000010006118                __sfmoreglue
                0x0000000010006148                __sfp
                0x00000000100061d4                _cleanup
                0x00000000100061ec                __sinit
                0x00000000100061fc                __sfp_lock_acquire
                0x0000000010006200                __sfp_lock_release
                0x0000000010006204                __sinit_lock_acquire
                0x0000000010006208                __sinit_lock_release
                0x000000001000620c                __fp_lock_all
                0x0000000010006224                __fp_unlock_all
 .text          0x000000001000623c      0x25c /usr/lib/gcc/arm-none-eabi/6.3.1/../../../arm-none-eabi/lib/thumb/v6-m/libc.a(lib_a-freer.o)
                0x000000001000623c                _malloc_trim_r
                0x00000000100062dc                _free_r
 .text          0x0000000010006498       0x90 /usr/lib/gcc/arm-none-eabi/6.3.1/../../../arm-none-eabi/lib/thumb/v6-m/libc.a(lib_a-fwalk.o)
                0x0000000010006498                _fwalk
                0x00000000100064dc                _fwalk_reent
 .text          0x0000000010006528       0xe8 /usr/lib/gcc/arm-none-eabi/6.3.1/../../../arm-none-eabi/lib/thumb/v6-m/libc.a(lib_a-makebuf.o)
                0x0000000010006528                __swhatbuf_r
                0x0000000010006588                __smakebuf_r
 .text          0x0000000010006610       0xa0 /usr/lib/gcc/arm-none-eabi/6.3.1/../../../arm-none-eabi/lib/thumb/v6-m/libc.a(lib_a-stdio.o)
                0x0000000010006610                __sread
                0x0000000010006638                __seofread
                0x000000001000663c                __swrite
                0x0000000010006678                __sseek
                0x00000000100066a4                __sclose
 .text          0x00000000100066b0       0x28 /usr/lib/gcc/arm-none-eabi/6.3.1/../../../arm-none-eabi/lib/thumb/v6-m/libc.a(lib_a-writer.o)
                0x00000000100066b0                _write_r
 .text          0x00000000100066d8       0x24 /usr/lib/gcc/arm-none-eabi/6.3.1/../../../arm-none-eabi/lib/thumb/v6-m/libc.a(lib_a-closer.o)
                0x00000000100066d8                _close_r
 .text          0x00000000100066fc       0xa0 /usr/lib/gcc/arm-none-eabi/6.3.1/../../../arm-none-eabi/lib/thumb/v6-m/libc.a(lib_a-fclose.o)
                0x00000000100066fc                _fclose_r
                0x0000000010006788                fclose
 .text          0x000000001000679c       0x28 /usr/lib/gcc/arm-none-eabi/6.3.1/../../../arm-none-eabi/lib/thumb/v6-m/libc.a(lib_a-fstatr.o)
                0x000000001000679c                _fstat_r
 .text          0x00000000100067c4       0x24 /usr/lib/gcc/arm-none-eabi/6.3.1/../../../arm-none-eabi/lib/thumb/v6-m/libc.a(lib_a-isattyr.o)
                0x00000000100067c4                _isatty_r
 .text          0x00000000100067e8       0x28 /usr/lib/gcc/arm-none-eabi/6.3.1/../../../arm-none-eabi/lib/thumb/v6-m/libc.a(lib_a-lseekr.o)
                0x00000000100067e8                _lseek_r
 .text          0x0000000010006810       0x28 /usr/lib/gcc/arm-none-eabi/6.3.1/../../../arm-none-eabi/lib/thumb/v6-m/libc.a(lib_a-readr.o)
                0x0000000010006810                _read_r
 .text          0x0000000010006838       0x10 /usr/lib/gcc/arm-none-eabi/6.3.1/../../../arm-none-eabi/lib/thumb/v6-m/libnosys.a(close.o)
                0x0000000010006838                _close
 .text          0x0000000010006848       0x10 /usr/lib/gcc/arm-none-eabi/6.3.1/../../../arm-none-eabi/lib/thumb/v6-m/libnosys.a(fstat.o)
                0x0000000010006848                _fstat
 .text          0x0000000010006858       0x10 /usr/lib/gcc/arm-none-eabi/6.3.1/../../../arm-none-eabi/lib/thumb/v6-m/libnosys.a(isatty.o)
                0x0000000010006858                _isatty
 .text          0x0000000010006868       0x10 /usr/lib/gcc/arm-none-eabi/6.3.1/../../../arm-none-eabi/lib/thumb/v6-m/libnosys.a(lseek.o)
                0x0000000010006868                _lseek
 *(.fini)
 .fini          0x0000000010006878        0x4 /usr/lib/gcc/arm-none-eabi/6.3.1/thumb/v6-m/crti.o
                0x0000000010006878                _fini
 *fill*         0x000000001000687c        0x4 
 .fini.__stub   0x0000000010006880       0x60 linker stubs
 *crtbegin.o(.ctors)
 *crtbegin?.o(.ctors)
 *(EXCLUDE_FILE(*crtend.o *crtend?.o) .ctors)
 *(SORT(.ctors.*))
 *(.ctors)
 *crtbegin.o(.dtors)
 *crtbegin?.o(.dtors)
 *(EXCLUDE_FILE(*crtend.o *crtend?.o) .dtors)
 *(SORT(.dtors.*))
 *(.dtors)
 *(.eh_frame*)
 .eh_frame      0x00000000100068e0        0x0 /usr/lib/gcc/arm-none-eabi/6.3.1/thumb/v6-m/crtbegin.o
                0x00000000100068e0                . = ALIGN (0x4)

.glue_7         0x00000000100068e0        0x0
 .glue_7        0x00000000100068e0        0x0 linker stubs

.glue_7t        0x00000000100068e0        0x0
 .glue_7t       0x00000000100068e0        0x0 linker stubs

.vfp11_veneer   0x00000000100068e0        0x0
 .vfp11_veneer  0x00000000100068e0        0x0 linker stubs

.v4_bx          0x00000000100068e0        0x0
 .v4_bx         0x00000000100068e0        0x0 linker stubs

.iplt           0x00000000100068e0        0x0
 .iplt          0x00000000100068e0        0x0 /usr/lib/gcc/arm-none-eabi/6.3.1/thumb/v6-m/crtbegin.o

.rodata         0x00000000100068e0      0x418
 *(EXCLUDE_FILE(*libm.a: *libc.a:*lib_a-mem*.o *libgcc.a:) .rodata*)
 .rodata.__compound_literal.0
                0x00000000100068e0        0x2 CMakeFiles/usbtmc.dir/src/usb_descriptors.c.obj
 *fill*         0x00000000100068e2        0x2 
 .rodata.desc_configuration
                0x00000000100068e4       0x27 CMakeFiles/usbtmc.dir/src/usb_descriptors.c.obj
                0x00000000100068e4                desc_configuration
 *fill*         0x000000001000690b        0x1 
 .rodata.desc_device
                0x000000001000690c       0x12 CMakeFiles/usbtmc.dir/src/usb_descriptors.c.obj
                0x000000001000690c                desc_device
 *fill*         0x000000001000691e        0x2 
 .rodata.str1.4
                0x0000000010006920       0x2f CMakeFiles/usbtmc.dir/src/usb_descriptors.c.obj
 *fill*         0x000000001000694f        0x1 
 .rodata.idn    0x0000000010006950       0x35 CMakeFiles/usbtmc.dir/src/usbtmc_app.c.obj
 *fill*         0x0000000010006985        0x3 
 .rodata.tud_usbtmc_app_capabilities
                0x0000000010006988       0x18 CMakeFiles/usbtmc.dir/src/usbtmc_app.c.obj
 .rodata.tud_usbtmc_msg_data_cb.str1.4
                0x00000000100069a0        0xf CMakeFiles/usbtmc.dir/src/usbtmc_app.c.obj
 *fill*         0x00000000100069af        0x1 
 .rodata.spin_lock_claim_unused.str1.4
                0x00000000100069b0       0x1b CMakeFiles/usbtmc.dir/home/shiokaze/Documents/pi/pico/pico-sdk/src/rp2_common/hardware_sync/sync.c.obj
 *fill*         0x00000000100069cb        0x5 
 .rodata.at_the_end_of_time
                0x00000000100069d0        0x8 CMakeFiles/usbtmc.dir/home/shiokaze/Documents/pi/pico/pico-sdk/src/common/pico_time/time.c.obj
                0x00000000100069d0                at_the_end_of_time
 .rodata.hardware_alarm_claim.str1.4
                0x00000000100069d8       0x22 CMakeFiles/usbtmc.dir/home/shiokaze/Documents/pi/pico/pico-sdk/src/rp2_common/hardware_timer/timer.c.obj
 *fill*         0x00000000100069fa        0x2 
 .rodata.hard_assertion_failure.str1.4
                0x00000000100069fc        0xc CMakeFiles/usbtmc.dir/home/shiokaze/Documents/pi/pico/pico-sdk/src/rp2_common/pico_runtime/runtime.c.obj
 .rodata.panic.str1.4
                0x0000000010006a08       0x12 CMakeFiles/usbtmc.dir/home/shiokaze/Documents/pi/pico/pico-sdk/src/rp2_common/pico_runtime/runtime.c.obj
 *fill*         0x0000000010006a1a        0x2 
 .rodata.__bi_44
                0x0000000010006a1c        0xc CMakeFiles/usbtmc.dir/home/shiokaze/Documents/pi/pico/pico-sdk/src/rp2_common/pico_standard_link/binary_info.c.obj
 .rodata.__bi_75
                0x0000000010006a28        0xc CMakeFiles/usbtmc.dir/home/shiokaze/Documents/pi/pico/pico-sdk/src/rp2_common/pico_standard_link/binary_info.c.obj
 .rodata.__bi_81
                0x0000000010006a34        0xc CMakeFiles/usbtmc.dir/home/shiokaze/Documents/pi/pico/pico-sdk/src/rp2_common/pico_standard_link/binary_info.c.obj
 .rodata.str1.4
                0x0000000010006a40       0x3c CMakeFiles/usbtmc.dir/home/shiokaze/Documents/pi/pico/pico-sdk/src/rp2_common/pico_standard_link/binary_info.c.obj
 .rodata.crlf_str.5896
                0x0000000010006a7c        0x2 CMakeFiles/usbtmc.dir/home/shiokaze/Documents/pi/pico/pico-sdk/src/rp2_common/pico_stdio/stdio.c.obj
 *fill*         0x0000000010006a7e        0x2 
 .rodata.__bi_35
                0x0000000010006a80        0xc CMakeFiles/usbtmc.dir/home/shiokaze/Documents/pi/pico/pico-sdk/src/rp2_common/pico_bootsel_via_double_reset/pico_bootsel_via_double_reset.c.obj
 .rodata.str1.4
                0x0000000010006a8c       0x18 CMakeFiles/usbtmc.dir/home/shiokaze/Documents/pi/pico/pico-sdk/src/rp2_common/pico_bootsel_via_double_reset/pico_bootsel_via_double_reset.c.obj
 .rodata.__bi_121.7204
                0x0000000010006aa4        0xc CMakeFiles/usbtmc.dir/home/shiokaze/Documents/pi/pico/tinyusb/hw/bsp/rp2040/family.c.obj
 .rodata.__bi_131.7207
                0x0000000010006ab0        0x8 CMakeFiles/usbtmc.dir/home/shiokaze/Documents/pi/pico/tinyusb/hw/bsp/rp2040/family.c.obj
 .rodata.str1.4
                0x0000000010006ab8        0x4 CMakeFiles/usbtmc.dir/home/shiokaze/Documents/pi/pico/tinyusb/hw/bsp/rp2040/family.c.obj
 .rodata.dcd_rp2040_irq.str1.4
                0x0000000010006abc       0x14 CMakeFiles/usbtmc.dir/home/shiokaze/Documents/pi/pico/tinyusb/src/portable/raspberrypi/rp2040/dcd_rp2040.c.obj
 .rodata._hw_endpoint_buffer_control_update32.str1.4
                0x0000000010006ad0       0x1f CMakeFiles/usbtmc.dir/home/shiokaze/Documents/pi/pico/tinyusb/src/portable/raspberrypi/rp2040/rp2040_usb.c.obj
 *fill*         0x0000000010006aef        0x1 
 .rodata.hw_endpoint_xfer_continue.str1.4
                0x0000000010006af0       0x29 CMakeFiles/usbtmc.dir/home/shiokaze/Documents/pi/pico/tinyusb/src/portable/raspberrypi/rp2040/rp2040_usb.c.obj
 *fill*         0x0000000010006b19        0x3 
 .rodata.str1.4
                0x0000000010006b1c        0x7 CMakeFiles/usbtmc.dir/home/shiokaze/Documents/pi/pico/tinyusb/src/portable/raspberrypi/rp2040/rp2040_usb.c.obj
 *fill*         0x0000000010006b23        0x1 
 .rodata.tud_task
                0x0000000010006b24       0x8c CMakeFiles/usbtmc.dir/home/shiokaze/Documents/pi/pico/tinyusb/src/device/usbd.c.obj
 .rodata._usbd_driver
                0x0000000010006bb0       0x18 CMakeFiles/usbtmc.dir/home/shiokaze/Documents/pi/pico/tinyusb/src/device/usbd.c.obj
 .rodata.hw_enumeration_fix_force_ls_j.str1.4
                0x0000000010006bc8       0x22 CMakeFiles/usbtmc.dir/home/shiokaze/Documents/pi/pico/pico-sdk/src/rp2_common/pico_fix/rp2040_usb_device_enumeration/rp2040_usb_device_enumeration.c.obj
 *fill*         0x0000000010006bea        0x2 
 .rodata        0x0000000010006bec        0x4 /usr/lib/gcc/arm-none-eabi/6.3.1/../../../arm-none-eabi/lib/thumb/v6-m/libc.a(lib_a-impure.o)
                0x0000000010006bec                _global_impure_ptr
 .rodata.str1.4
                0x0000000010006bf0        0x4 /usr/lib/gcc/arm-none-eabi/6.3.1/../../../arm-none-eabi/lib/thumb/v6-m/libc.a(lib_a-impure.o)
                                          0x2 (size before relaxing)
 .rodata        0x0000000010006bf4      0x101 /usr/lib/gcc/arm-none-eabi/6.3.1/../../../arm-none-eabi/lib/thumb/v6-m/libc.a(lib_a-ctype_.o)
                0x0000000010006bf4                _ctype_
                0x0000000010006cf8                . = ALIGN (0x4)
 *fill*         0x0000000010006cf5        0x3 
 *(SORT(.flashdata*))
                0x0000000010006cf8                . = ALIGN (0x4)

.rel.dyn        0x0000000010006cf8        0x0
 .rel.iplt      0x0000000010006cf8        0x0 /usr/lib/gcc/arm-none-eabi/6.3.1/thumb/v6-m/crtbegin.o

.ARM.extab
 *(.ARM.extab* .gnu.linkonce.armextab.*)
                0x0000000010006cf8                __exidx_start = .

.ARM.exidx
 *(.ARM.exidx* .gnu.linkonce.armexidx.*)
                0x0000000010006cf8                __exidx_end = .
                0x0000000010006cf8                . = ALIGN (0x4)
                0x0000000010006cf8                __binary_info_start = .

.binary_info    0x0000000010006cf8       0x28
 *(.binary_info.keep.*)
 .binary_info.keep.__bi_ptr22
                0x0000000010006cf8        0x4 CMakeFiles/usbtmc.dir/home/shiokaze/Documents/pi/pico/pico-sdk/src/rp2_common/pico_standard_link/binary_info.c.obj
 .binary_info.keep.__bi_ptr30
                0x0000000010006cfc        0x4 CMakeFiles/usbtmc.dir/home/shiokaze/Documents/pi/pico/pico-sdk/src/rp2_common/pico_standard_link/binary_info.c.obj
 .binary_info.keep.__bi_ptr38
                0x0000000010006d00        0x4 CMakeFiles/usbtmc.dir/home/shiokaze/Documents/pi/pico/pico-sdk/src/rp2_common/pico_standard_link/binary_info.c.obj
 .binary_info.keep.__bi_ptr44
                0x0000000010006d04        0x4 CMakeFiles/usbtmc.dir/home/shiokaze/Documents/pi/pico/pico-sdk/src/rp2_common/pico_standard_link/binary_info.c.obj
 .binary_info.keep.__bi_ptr50
                0x0000000010006d08        0x4 CMakeFiles/usbtmc.dir/home/shiokaze/Documents/pi/pico/pico-sdk/src/rp2_common/pico_standard_link/binary_info.c.obj
 .binary_info.keep.__bi_ptr75
                0x0000000010006d0c        0x4 CMakeFiles/usbtmc.dir/home/shiokaze/Documents/pi/pico/pico-sdk/src/rp2_common/pico_standard_link/binary_info.c.obj
 .binary_info.keep.__bi_ptr81
                0x0000000010006d10        0x4 CMakeFiles/usbtmc.dir/home/shiokaze/Documents/pi/pico/pico-sdk/src/rp2_common/pico_standard_link/binary_info.c.obj
 .binary_info.keep.__bi_ptr35
                0x0000000010006d14        0x4 CMakeFiles/usbtmc.dir/home/shiokaze/Documents/pi/pico/pico-sdk/src/rp2_common/pico_bootsel_via_double_reset/pico_bootsel_via_double_reset.c.obj
 .binary_info.keep.__bi_ptr121
                0x0000000010006d18        0x4 CMakeFiles/usbtmc.dir/home/shiokaze/Documents/pi/pico/tinyusb/hw/bsp/rp2040/family.c.obj
 .binary_info.keep.__bi_ptr131
                0x0000000010006d1c        0x4 CMakeFiles/usbtmc.dir/home/shiokaze/Documents/pi/pico/tinyusb/hw/bsp/rp2040/family.c.obj
 *(.binary_info.*)
                0x0000000010006d20                __binary_info_end = .
                0x0000000010006d20                . = ALIGN (0x4)
                0x0000000010006d20                __etext = .

.ram_vector_table
                0x0000000020000000       0xc0
 *(.ram_vector_table)
 .ram_vector_table
                0x0000000020000000       0xc0 CMakeFiles/usbtmc.dir/home/shiokaze/Documents/pi/pico/pico-sdk/src/rp2_common/pico_runtime/runtime.c.obj
                0x0000000020000000                ram_vector_table

.data           0x00000000200000c0      0xc04 load address 0x0000000010006d20
                0x00000000200000c0                __data_start__ = .
 *(vtable)
 *(.time_critical*)
 .time_critical.mutex_enter_blocking
                0x00000000200000c0       0x68 CMakeFiles/usbtmc.dir/home/shiokaze/Documents/pi/pico/pico-sdk/src/common/pico_sync/mutex.c.obj
                0x00000000200000c0                mutex_enter_blocking
 .time_critical.mutex_try_enter
                0x0000000020000128       0x5c CMakeFiles/usbtmc.dir/home/shiokaze/Documents/pi/pico/pico-sdk/src/common/pico_sync/mutex.c.obj
                0x0000000020000128                mutex_try_enter
 .time_critical.mutex_enter_timeout_ms
                0x0000000020000184       0xb4 CMakeFiles/usbtmc.dir/home/shiokaze/Documents/pi/pico/pico-sdk/src/common/pico_sync/mutex.c.obj
                0x0000000020000184                mutex_enter_timeout_ms
 .time_critical.mutex_exit
                0x0000000020000238       0x5c CMakeFiles/usbtmc.dir/home/shiokaze/Documents/pi/pico/pico-sdk/src/common/pico_sync/mutex.c.obj
                0x0000000020000238                mutex_exit
 *(.text*)
 .text          0x0000000020000294        0x4 /usr/lib/gcc/arm-none-eabi/6.3.1/thumb/v6-m/libgcc.a(_dvmd_tls.o)
                0x0000000020000294                __aeabi_ldiv0
                0x0000000020000294                __aeabi_idiv0
 .text.__stub   0x0000000020000298       0x30 linker stubs
                0x00000000200002c8                . = ALIGN (0x4)
 *(.rodata*)
                0x00000000200002c8                . = ALIGN (0x4)
 *(.data*)
 .data.blink_interval_ms
                0x00000000200002c8        0x4 CMakeFiles/usbtmc.dir/src/main.c.obj
 .data.string_desc_arr
                0x00000000200002cc       0x14 CMakeFiles/usbtmc.dir/src/usb_descriptors.c.obj
                0x00000000200002cc                string_desc_arr
 .data.resp_delay
                0x00000000200002e0        0x4 CMakeFiles/usbtmc.dir/src/usbtmc_app.c.obj
 .data.striped_spin_lock_num
                0x00000000200002e4        0x1 CMakeFiles/usbtmc.dir/home/shiokaze/Documents/pi/pico/pico-sdk/src/rp2_common/hardware_sync/sync.c.obj
 *fill*         0x00000000200002e5        0x3 
 .data.default_alarm_pool
                0x00000000200002e8       0x18 CMakeFiles/usbtmc.dir/home/shiokaze/Documents/pi/pico/pico-sdk/src/common/pico_time/time.c.obj
 .data.default_alarm_pool_heap
                0x0000000020000300       0x10 CMakeFiles/usbtmc.dir/home/shiokaze/Documents/pi/pico/pico-sdk/src/common/pico_time/time.c.obj
 .data          0x0000000020000310       0x48 CMakeFiles/usbtmc.dir/home/shiokaze/Documents/pi/pico/pico-sdk/src/rp2_common/hardware_irq/irq_handler_chain.S.obj
                0x0000000020000310                irq_handler_chain_slots
                0x0000000020000340                irq_handler_chain_first_slot
                0x000000002000034a                irq_handler_chain_remove_tail
 *fill*         0x0000000020000358        0x8 
 .data.aeabi_bits_funcs
                0x0000000020000360       0x10 CMakeFiles/usbtmc.dir/home/shiokaze/Documents/pi/pico/pico-sdk/src/rp2_common/pico_bit_ops/bit_ops_aeabi.S.obj
                0x0000000020000360                aeabi_bits_funcs
                0x0000000020000370                aeabi_bits_funcs_end
 .data.aeabi_mem_funcs
                0x0000000020000370       0x10 CMakeFiles/usbtmc.dir/home/shiokaze/Documents/pi/pico/pico-sdk/src/rp2_common/pico_mem_ops/mem_ops_aeabi.S.obj
                0x0000000020000370                aeabi_mem_funcs
                0x0000000020000380                aeabi_mem_funcs_end
 .data.stdio_uart
                0x0000000020000380       0x14 CMakeFiles/usbtmc.dir/home/shiokaze/Documents/pi/pico/pico-sdk/src/rp2_common/pico_stdio_uart/stdio_uart.c.obj
                0x0000000020000380                stdio_uart
 .data.ep_dir_string
                0x0000000020000394        0x8 CMakeFiles/usbtmc.dir/home/shiokaze/Documents/pi/pico/tinyusb/src/portable/raspberrypi/rp2040/rp2040_usb.c.obj
                0x0000000020000394                ep_dir_string
 .data._usbd_qdef
                0x000000002000039c       0x24 CMakeFiles/usbtmc.dir/home/shiokaze/Documents/pi/pico/tinyusb/src/device/usbd.c.obj
                0x000000002000039c                _usbd_qdef
 .data.usbtmc_state
                0x00000000200003c0       0x9c CMakeFiles/usbtmc.dir/home/shiokaze/Documents/pi/pico/tinyusb/src/class/usbtmc/usbtmc_device.c.obj
 *fill*         0x000000002000045c        0x4 
 .data          0x0000000020000460      0x430 /usr/lib/gcc/arm-none-eabi/6.3.1/../../../arm-none-eabi/lib/thumb/v6-m/libc.a(lib_a-impure.o)
                0x0000000020000460                _impure_ptr
 .data          0x0000000020000890      0x410 /usr/lib/gcc/arm-none-eabi/6.3.1/../../../arm-none-eabi/lib/thumb/v6-m/libc.a(lib_a-mallocr.o)
                0x0000000020000890                __malloc_av_
                0x0000000020000c98                __malloc_sbrk_base
                0x0000000020000c9c                __malloc_trim_threshold
 .data          0x0000000020000ca0        0x4 /usr/lib/gcc/arm-none-eabi/6.3.1/../../../arm-none-eabi/lib/thumb/v6-m/libc.a(lib_a-ctype_.o)
                0x0000000020000ca0                __ctype_ptr__
                0x0000000020000ca4                . = ALIGN (0x4)
 *(.after_data.*)
                0x0000000020000ca4                . = ALIGN (0x4)
                0x0000000020000ca4                PROVIDE (__mutex_array_start, .)
 *(SORT(.mutex_array.*))
 *(.mutex_array)
 .mutex_array   0x0000000020000ca4        0x8 CMakeFiles/usbtmc.dir/home/shiokaze/Documents/pi/pico/pico-sdk/src/rp2_common/pico_stdio/stdio.c.obj
                0x0000000020000cac                PROVIDE (__mutex_array_end, .)
                0x0000000020000cac                . = ALIGN (0x4)
                0x0000000020000cac                PROVIDE (__preinit_array_start, .)
 *(SORT(.preinit_array.*))
 .preinit_array.00001
                0x0000000020000cac        0x4 CMakeFiles/usbtmc.dir/home/shiokaze/Documents/pi/pico/pico-sdk/src/rp2_common/pico_mem_ops/mem_ops_aeabi.S.obj
 .preinit_array.00010
                0x0000000020000cb0        0x4 CMakeFiles/usbtmc.dir/home/shiokaze/Documents/pi/pico/pico-sdk/src/rp2_common/pico_bit_ops/bit_ops_aeabi.S.obj
 .preinit_array.00020
                0x0000000020000cb4        0x4 CMakeFiles/usbtmc.dir/home/shiokaze/Documents/pi/pico/pico-sdk/src/rp2_common/pico_double/double_aeabi.S.obj
 .preinit_array.00020
                0x0000000020000cb8        0x4 CMakeFiles/usbtmc.dir/home/shiokaze/Documents/pi/pico/pico-sdk/src/rp2_common/pico_float/float_aeabi.S.obj
 *(.preinit_array)
                0x0000000020000cbc                PROVIDE (__preinit_array_end, .)
                0x0000000020000cbc                . = ALIGN (0x4)
                0x0000000020000cbc                PROVIDE (__init_array_start, .)
 *(SORT(.init_array.*))
 *(.init_array)
 .init_array    0x0000000020000cbc        0x4 /usr/lib/gcc/arm-none-eabi/6.3.1/thumb/v6-m/crtbegin.o
 .init_array    0x0000000020000cc0        0x4 CMakeFiles/usbtmc.dir/home/shiokaze/Documents/pi/pico/pico-sdk/src/rp2_common/pico_bootsel_via_double_reset/pico_bootsel_via_double_reset.c.obj
                0x0000000020000cc4                PROVIDE (__init_array_end, .)
                0x0000000020000cc4                . = ALIGN (0x4)
                0x0000000020000cc4                PROVIDE (__fini_array_start, .)
 *(SORT(.fini_array.*))
 *(.fini_array)
                0x0000000020000cc4                PROVIDE (__fini_array_end, .)
 *(.jcr)
 .jcr           0x0000000020000cc4        0x0 /usr/lib/gcc/arm-none-eabi/6.3.1/thumb/v6-m/crtbegin.o
                0x0000000020000cc4                . = ALIGN (0x4)
                0x0000000020000cc4                __data_end__ = .

.tm_clone_table
                0x0000000020000cc4        0x0 load address 0x0000000010007924
 .tm_clone_table
                0x0000000020000cc4        0x0 /usr/lib/gcc/arm-none-eabi/6.3.1/thumb/v6-m/crtbegin.o
 .tm_clone_table
                0x0000000020000cc4        0x0 /usr/lib/gcc/arm-none-eabi/6.3.1/thumb/v6-m/crtend.o

.igot.plt       0x0000000020000cc4        0x0 load address 0x0000000010007924
 .igot.plt      0x0000000020000cc4        0x0 /usr/lib/gcc/arm-none-eabi/6.3.1/thumb/v6-m/crtbegin.o

.uninitialized_ram.magic_location
                0x0000000020000cc4        0xc load address 0x0000000010007924
 .uninitialized_ram.magic_location
                0x0000000020000cc4        0xc CMakeFiles/usbtmc.dir/home/shiokaze/Documents/pi/pico/pico-sdk/src/rp2_common/pico_bootsel_via_double_reset/pico_bootsel_via_double_reset.c.obj

.uninitialized_data
                0x0000000020000cd0        0x0 load address 0x0000000010007930
                0x0000000020000cd0                . = ALIGN (0x4)
 *(.uninitialized_data*)

.scratch_x      0x0000000020040000        0x0 load address 0x0000000010007930
                0x0000000020040000                __scratch_x_start__ = .
 *(.scratch_x.*)
                0x0000000020040000                . = ALIGN (0x4)
                0x0000000020040000                __scratch_x_end__ = .
                0x0000000010007930                __scratch_x_source__ = LOADADDR (.scratch_x)

.scratch_y      0x0000000020041000        0x0 load address 0x0000000010007930
                0x0000000020041000                __scratch_y_start__ = .
 *(.scratch_y.*)
                0x0000000020041000                . = ALIGN (0x4)
                0x0000000020041000                __scratch_y_end__ = .
                0x0000000010007930                __scratch_y_source__ = LOADADDR (.scratch_y)

.bss            0x0000000020000cd0      0xaf4
                0x0000000020000cd0                . = ALIGN (0x4)
                0x0000000020000cd0                __bss_start__ = .
 *(SORT(.bss*))
 .bss.default_alarm_pool_entries
                0x0000000020000cd0      0x100 CMakeFiles/usbtmc.dir/home/shiokaze/Documents/pi/pico/pico-sdk/src/common/pico_time/time.c.obj
 .bss           0x0000000020000dd0       0x1c /usr/lib/gcc/arm-none-eabi/6.3.1/thumb/v6-m/crtbegin.o
 .bss           0x0000000020000dec       0x34 /usr/lib/gcc/arm-none-eabi/6.3.1/../../../arm-none-eabi/lib/thumb/v6-m/libc.a(lib_a-mallocr.o)
                0x0000000020000dec                __malloc_top_pad
                0x0000000020000df0                __malloc_current_mallinfo
                0x0000000020000e18                __malloc_max_sbrked_mem
                0x0000000020000e1c                __malloc_max_total_mem
 .bss._app_driver
                0x0000000020000e20        0x4 CMakeFiles/usbtmc.dir/home/shiokaze/Documents/pi/pico/tinyusb/src/device/usbd.c.obj
 .bss._ctrl_xfer
                0x0000000020000e24       0x14 CMakeFiles/usbtmc.dir/home/shiokaze/Documents/pi/pico/tinyusb/src/device/usbd_control.c.obj
 .bss._desc_str
                0x0000000020000e38       0x40 CMakeFiles/usbtmc.dir/src/usb_descriptors.c.obj
 .bss._ubsd_mutexdef
                0x0000000020000e78        0x8 CMakeFiles/usbtmc.dir/home/shiokaze/Documents/pi/pico/tinyusb/src/device/usbd.c.obj
 .bss._usbd_ctrl_buf
                0x0000000020000e80       0x40 CMakeFiles/usbtmc.dir/home/shiokaze/Documents/pi/pico/tinyusb/src/device/usbd_control.c.obj
 .bss._usbd_dev
                0x0000000020000ec0       0x53 CMakeFiles/usbtmc.dir/home/shiokaze/Documents/pi/pico/tinyusb/src/device/usbd.c.obj
 *fill*         0x0000000020000f13        0x1 
 .bss._usbd_mutex
                0x0000000020000f14        0x4 CMakeFiles/usbtmc.dir/home/shiokaze/Documents/pi/pico/tinyusb/src/device/usbd.c.obj
 .bss._usbd_q   0x0000000020000f18        0x4 CMakeFiles/usbtmc.dir/home/shiokaze/Documents/pi/pico/tinyusb/src/device/usbd.c.obj
 .bss.alarm_callbacks
                0x0000000020000f1c       0x10 CMakeFiles/usbtmc.dir/home/shiokaze/Documents/pi/pico/pico-sdk/src/rp2_common/hardware_timer/timer.c.obj
 .bss.buffer    0x0000000020000f2c       0xe1 CMakeFiles/usbtmc.dir/src/usbtmc_app.c.obj
 *fill*         0x000000002000100d        0x3 
 .bss.buffer_len
                0x0000000020001010        0x4 CMakeFiles/usbtmc.dir/src/usbtmc_app.c.obj
 .bss.buffer_tx_ix
                0x0000000020001014        0x4 CMakeFiles/usbtmc.dir/src/usbtmc_app.c.obj
 .bss.bulkInStarted
                0x0000000020001018        0x4 CMakeFiles/usbtmc.dir/src/usbtmc_app.c.obj
 .bss.claimed   0x000000002000101c        0x4 CMakeFiles/usbtmc.dir/home/shiokaze/Documents/pi/pico/pico-sdk/src/rp2_common/hardware_sync/sync.c.obj
 .bss.configured_freq
                0x0000000020001020       0x28 CMakeFiles/usbtmc.dir/home/shiokaze/Documents/pi/pico/pico-sdk/src/rp2_common/hardware_clocks/clocks.c.obj
 .bss.default_alarm_pool_entry_ids_high
                0x0000000020001048       0x10 CMakeFiles/usbtmc.dir/home/shiokaze/Documents/pi/pico/pico-sdk/src/common/pico_time/time.c.obj
 .bss.default_alarm_pool_heap_nodes
                0x0000000020001058       0x30 CMakeFiles/usbtmc.dir/home/shiokaze/Documents/pi/pico/pico-sdk/src/common/pico_time/time.c.obj
 .bss.drivers   0x0000000020001088        0x4 CMakeFiles/usbtmc.dir/home/shiokaze/Documents/pi/pico/pico-sdk/src/rp2_common/pico_stdio/stdio.c.obj
 .bss.filter    0x000000002000108c        0x4 CMakeFiles/usbtmc.dir/home/shiokaze/Documents/pi/pico/pico-sdk/src/rp2_common/pico_stdio/stdio.c.obj
 .bss.gpio_ctrl_prev
                0x0000000020001090        0x4 CMakeFiles/usbtmc.dir/home/shiokaze/Documents/pi/pico/pico-sdk/src/rp2_common/pico_fix/rp2040_usb_device_enumeration/rp2040_usb_device_enumeration.c.obj
 .bss.heap_end.5732
                0x0000000020001094        0x4 CMakeFiles/usbtmc.dir/home/shiokaze/Documents/pi/pico/pico-sdk/src/rp2_common/pico_runtime/runtime.c.obj
 .bss.hw_endpoints
                0x0000000020001098      0x400 CMakeFiles/usbtmc.dir/home/shiokaze/Documents/pi/pico/tinyusb/src/portable/raspberrypi/rp2040/dcd_rp2040.c.obj
 .bss.idnQuery  0x0000000020001498        0x4 CMakeFiles/usbtmc.dir/src/usbtmc_app.c.obj
 .bss.lazy_vsnprintf
                0x000000002000149c        0x4 CMakeFiles/usbtmc.dir/home/shiokaze/Documents/pi/pico/pico-sdk/src/rp2_common/pico_printf/printf.c.obj
 .bss.msgReqLen
                0x00000000200014a0        0x4 CMakeFiles/usbtmc.dir/src/usbtmc_app.c.obj
 .bss.next_buffer_ptr
                0x00000000200014a4        0x4 CMakeFiles/usbtmc.dir/home/shiokaze/Documents/pi/pico/tinyusb/src/portable/raspberrypi/rp2040/dcd_rp2040.c.obj
 .bss.pad_ctrl_prev
                0x00000000200014a8        0x4 CMakeFiles/usbtmc.dir/home/shiokaze/Documents/pi/pico/pico-sdk/src/rp2_common/pico_fix/rp2040_usb_device_enumeration/rp2040_usb_device_enumeration.c.obj
 .bss.pools     0x00000000200014ac       0x10 CMakeFiles/usbtmc.dir/home/shiokaze/Documents/pi/pico/pico-sdk/src/common/pico_time/time.c.obj
 .bss.queryDelayStart
                0x00000000200014bc        0x4 CMakeFiles/usbtmc.dir/src/usbtmc_app.c.obj
 .bss.sleep_notifier
                0x00000000200014c0        0x4 CMakeFiles/usbtmc.dir/home/shiokaze/Documents/pi/pico/pico-sdk/src/common/pico_time/time.c.obj
 .bss.start_ms.7170
                0x00000000200014c4        0x4 CMakeFiles/usbtmc.dir/src/main.c.obj
 .bss.target_hi
                0x00000000200014c8       0x10 CMakeFiles/usbtmc.dir/home/shiokaze/Documents/pi/pico/pico-sdk/src/rp2_common/hardware_timer/timer.c.obj
 .bss.uart_inst
                0x00000000200014d8        0x4 CMakeFiles/usbtmc.dir/home/shiokaze/Documents/pi/pico/tinyusb/hw/bsp/rp2040/family.c.obj
 .bss.uart_instance
                0x00000000200014dc        0x4 CMakeFiles/usbtmc.dir/home/shiokaze/Documents/pi/pico/pico-sdk/src/rp2_common/pico_stdio_uart/stdio_uart.c.obj
 .bss.usbtmcLock
                0x00000000200014e0        0x4 CMakeFiles/usbtmc.dir/home/shiokaze/Documents/pi/pico/tinyusb/src/class/usbtmc/usbtmc_device.c.obj
 .bss.queryState
                0x00000000200014e4        0x2 CMakeFiles/usbtmc.dir/src/usbtmc_app.c.obj
 .bss._app_driver_count
                0x00000000200014e6        0x1 CMakeFiles/usbtmc.dir/home/shiokaze/Documents/pi/pico/tinyusb/src/device/usbd.c.obj
 .bss._usbd_initialized
                0x00000000200014e7        0x1 CMakeFiles/usbtmc.dir/home/shiokaze/Documents/pi/pico/tinyusb/src/device/usbd.c.obj
 .bss.claimed   0x00000000200014e8        0x1 CMakeFiles/usbtmc.dir/home/shiokaze/Documents/pi/pico/pico-sdk/src/rp2_common/hardware_timer/timer.c.obj
 .bss.doPulse   0x00000000200014e9        0x1 CMakeFiles/usbtmc.dir/src/main.c.obj
                0x00000000200014e9                doPulse
 .bss.irq_hander_chain_free_slot_head
                0x00000000200014ea        0x1 CMakeFiles/usbtmc.dir/home/shiokaze/Documents/pi/pico/pico-sdk/src/rp2_common/hardware_irq/irq.c.obj
 .bss.led_state.7171
                0x00000000200014eb        0x1 CMakeFiles/usbtmc.dir/src/main.c.obj
 .bss.status    0x00000000200014ec        0x1 CMakeFiles/usbtmc.dir/src/usbtmc_app.c.obj
 .bss.timer_callbacks_pending
                0x00000000200014ed        0x1 CMakeFiles/usbtmc.dir/home/shiokaze/Documents/pi/pico/pico-sdk/src/rp2_common/hardware_timer/timer.c.obj
 *(COMMON)
 *fill*         0x00000000200014ee        0x2 
 COMMON         0x00000000200014f0        0x4 CMakeFiles/usbtmc.dir/home/shiokaze/Documents/pi/pico/pico-sdk/src/rp2_common/hardware_uart/uart.c.obj
                0x00000000200014f0                uart_char_to_line_feed
 COMMON         0x00000000200014f4      0x100 CMakeFiles/usbtmc.dir/home/shiokaze/Documents/pi/pico/pico-sdk/src/rp2_common/pico_double/double_init_rom.c.obj
                0x00000000200014f4                sd_table
 COMMON         0x00000000200015f4      0x104 CMakeFiles/usbtmc.dir/home/shiokaze/Documents/pi/pico/pico-sdk/src/rp2_common/pico_float/float_init_rom.c.obj
                0x00000000200015f4                sf_table
                0x00000000200016f4                sf_clz_func
 COMMON         0x00000000200016f8       0xc0 CMakeFiles/usbtmc.dir/home/shiokaze/Documents/pi/pico/tinyusb/src/device/usbd.c.obj
                0x00000000200016f8                _usbd_qdef_buf
 COMMON         0x00000000200017b8        0x8 CMakeFiles/usbtmc.dir/home/shiokaze/Documents/pi/pico/tinyusb/src/class/usbtmc/usbtmc_device.c.obj
                0x00000000200017b8                usbtmcLockBuffer
 COMMON         0x00000000200017c0        0x4 /usr/lib/gcc/arm-none-eabi/6.3.1/../../../arm-none-eabi/lib/thumb/v6-m/libc.a(lib_a-reent.o)
                0x00000000200017c0                errno
                0x00000000200017c4                . = ALIGN (0x4)
                0x00000000200017c4                __bss_end__ = .

.heap           0x00000000200017c4      0x800
                0x00000000200017c4                __end__ = .
                0x00000000200017c4                end = __end__
 *(.heap*)
 .heap          0x00000000200017c4      0x800 CMakeFiles/usbtmc.dir/home/shiokaze/Documents/pi/pico/pico-sdk/src/rp2_common/pico_standard_link/crt0.S.obj
                0x0000000020001fc4                __HeapLimit = .

.stack1_dummy   0x0000000020040000        0x0
 *(.stack1*)

.stack_dummy    0x0000000020041000      0x800
 *(.stack*)
 .stack         0x0000000020041000      0x800 CMakeFiles/usbtmc.dir/home/shiokaze/Documents/pi/pico/pico-sdk/src/rp2_common/pico_standard_link/crt0.S.obj

.flash_end      0x0000000010007930        0x0
                0x0000000010007930                __flash_binary_end = .
                0x0000000020040000                __StackLimit = (ORIGIN (RAM) + LENGTH (RAM))
                0x0000000020041000                __StackOneTop = (ORIGIN (SCRATCH_X) + LENGTH (SCRATCH_X))
                0x0000000020042000                __StackTop = (ORIGIN (SCRATCH_Y) + LENGTH (SCRATCH_Y))
                0x0000000020041000                __StackOneBottom = (__StackOneTop - SIZEOF (.stack1_dummy))
                0x0000000020041800                __StackBottom = (__StackTop - SIZEOF (.stack_dummy))
                0x0000000020042000                PROVIDE (__stack, __StackTop)
                0x0000000000000001                ASSERT ((__StackLimit >= __HeapLimit), region RAM overflowed)
                0x0000000000000001                ASSERT (((__binary_info_header_end - __logical_binary_start) <= 0x100), Binary info must be in first 256 bytes of the binary)
LOAD CMakeFiles/usbtmc.dir/src/main.c.obj
LOAD CMakeFiles/usbtmc.dir/src/usb_descriptors.c.obj
LOAD CMakeFiles/usbtmc.dir/src/usbtmc_app.c.obj
LOAD CMakeFiles/usbtmc.dir/home/shiokaze/Documents/pi/pico/pico-sdk/src/rp2_common/pico_stdlib/stdlib.c.obj
LOAD CMakeFiles/usbtmc.dir/home/shiokaze/Documents/pi/pico/pico-sdk/src/rp2_common/hardware_gpio/gpio.c.obj
LOAD CMakeFiles/usbtmc.dir/home/shiokaze/Documents/pi/pico/pico-sdk/src/rp2_common/hardware_claim/claim.c.obj
LOAD CMakeFiles/usbtmc.dir/home/shiokaze/Documents/pi/pico/pico-sdk/src/rp2_common/pico_platform/platform.c.obj
LOAD CMakeFiles/usbtmc.dir/home/shiokaze/Documents/pi/pico/pico-sdk/src/rp2_common/hardware_sync/sync.c.obj
LOAD CMakeFiles/usbtmc.dir/home/shiokaze/Documents/pi/pico/pico-sdk/src/rp2_common/hardware_uart/uart.c.obj
LOAD CMakeFiles/usbtmc.dir/home/shiokaze/Documents/pi/pico/pico-sdk/src/rp2_common/hardware_divider/divider.S.obj
LOAD CMakeFiles/usbtmc.dir/home/shiokaze/Documents/pi/pico/pico-sdk/src/common/pico_time/time.c.obj
LOAD CMakeFiles/usbtmc.dir/home/shiokaze/Documents/pi/pico/pico-sdk/src/common/pico_time/timeout_helper.c.obj
LOAD CMakeFiles/usbtmc.dir/home/shiokaze/Documents/pi/pico/pico-sdk/src/rp2_common/hardware_timer/timer.c.obj
LOAD CMakeFiles/usbtmc.dir/home/shiokaze/Documents/pi/pico/pico-sdk/src/common/pico_sync/sem.c.obj
LOAD CMakeFiles/usbtmc.dir/home/shiokaze/Documents/pi/pico/pico-sdk/src/common/pico_sync/lock_core.c.obj
LOAD CMakeFiles/usbtmc.dir/home/shiokaze/Documents/pi/pico/pico-sdk/src/common/pico_sync/mutex.c.obj
LOAD CMakeFiles/usbtmc.dir/home/shiokaze/Documents/pi/pico/pico-sdk/src/common/pico_sync/critical_section.c.obj
LOAD CMakeFiles/usbtmc.dir/home/shiokaze/Documents/pi/pico/pico-sdk/src/common/pico_util/datetime.c.obj
LOAD CMakeFiles/usbtmc.dir/home/shiokaze/Documents/pi/pico/pico-sdk/src/common/pico_util/pheap.c.obj
LOAD CMakeFiles/usbtmc.dir/home/shiokaze/Documents/pi/pico/pico-sdk/src/common/pico_util/queue.c.obj
LOAD CMakeFiles/usbtmc.dir/home/shiokaze/Documents/pi/pico/pico-sdk/src/rp2_common/pico_runtime/runtime.c.obj
LOAD CMakeFiles/usbtmc.dir/home/shiokaze/Documents/pi/pico/pico-sdk/src/rp2_common/hardware_clocks/clocks.c.obj
LOAD CMakeFiles/usbtmc.dir/home/shiokaze/Documents/pi/pico/pico-sdk/src/rp2_common/hardware_irq/irq.c.obj
LOAD CMakeFiles/usbtmc.dir/home/shiokaze/Documents/pi/pico/pico-sdk/src/rp2_common/hardware_irq/irq_handler_chain.S.obj
LOAD CMakeFiles/usbtmc.dir/home/shiokaze/Documents/pi/pico/pico-sdk/src/rp2_common/hardware_pll/pll.c.obj
LOAD CMakeFiles/usbtmc.dir/home/shiokaze/Documents/pi/pico/pico-sdk/src/rp2_common/hardware_vreg/vreg.c.obj
LOAD CMakeFiles/usbtmc.dir/home/shiokaze/Documents/pi/pico/pico-sdk/src/rp2_common/hardware_watchdog/watchdog.c.obj
LOAD CMakeFiles/usbtmc.dir/home/shiokaze/Documents/pi/pico/pico-sdk/src/rp2_common/hardware_xosc/xosc.c.obj
LOAD CMakeFiles/usbtmc.dir/home/shiokaze/Documents/pi/pico/pico-sdk/src/rp2_common/pico_printf/printf.c.obj
LOAD CMakeFiles/usbtmc.dir/home/shiokaze/Documents/pi/pico/pico-sdk/src/rp2_common/pico_bit_ops/bit_ops_aeabi.S.obj
LOAD CMakeFiles/usbtmc.dir/home/shiokaze/Documents/pi/pico/pico-sdk/src/rp2_common/pico_bootrom/bootrom.c.obj
LOAD CMakeFiles/usbtmc.dir/home/shiokaze/Documents/pi/pico/pico-sdk/src/rp2_common/pico_divider/divider.S.obj
LOAD CMakeFiles/usbtmc.dir/home/shiokaze/Documents/pi/pico/pico-sdk/src/rp2_common/pico_double/double_aeabi.S.obj
LOAD CMakeFiles/usbtmc.dir/home/shiokaze/Documents/pi/pico/pico-sdk/src/rp2_common/pico_double/double_init_rom.c.obj
LOAD CMakeFiles/usbtmc.dir/home/shiokaze/Documents/pi/pico/pico-sdk/src/rp2_common/pico_double/double_math.c.obj
LOAD CMakeFiles/usbtmc.dir/home/shiokaze/Documents/pi/pico/pico-sdk/src/rp2_common/pico_double/double_v1_rom_shim.S.obj
LOAD CMakeFiles/usbtmc.dir/home/shiokaze/Documents/pi/pico/pico-sdk/src/rp2_common/pico_int64_ops/pico_int64_ops_aeabi.S.obj
LOAD CMakeFiles/usbtmc.dir/home/shiokaze/Documents/pi/pico/pico-sdk/src/rp2_common/pico_float/float_aeabi.S.obj
LOAD CMakeFiles/usbtmc.dir/home/shiokaze/Documents/pi/pico/pico-sdk/src/rp2_common/pico_float/float_init_rom.c.obj
LOAD CMakeFiles/usbtmc.dir/home/shiokaze/Documents/pi/pico/pico-sdk/src/rp2_common/pico_float/float_math.c.obj
LOAD CMakeFiles/usbtmc.dir/home/shiokaze/Documents/pi/pico/pico-sdk/src/rp2_common/pico_float/float_v1_rom_shim.S.obj
LOAD CMakeFiles/usbtmc.dir/home/shiokaze/Documents/pi/pico/pico-sdk/src/rp2_common/pico_malloc/pico_malloc.c.obj
LOAD CMakeFiles/usbtmc.dir/home/shiokaze/Documents/pi/pico/pico-sdk/src/rp2_common/pico_mem_ops/mem_ops_aeabi.S.obj
LOAD CMakeFiles/usbtmc.dir/home/shiokaze/Documents/pi/pico/pico-sdk/src/rp2_common/pico_standard_link/crt0.S.obj
LOAD CMakeFiles/usbtmc.dir/home/shiokaze/Documents/pi/pico/pico-sdk/src/rp2_common/pico_standard_link/new_delete.cpp.obj
LOAD CMakeFiles/usbtmc.dir/home/shiokaze/Documents/pi/pico/pico-sdk/src/rp2_common/pico_standard_link/binary_info.c.obj
LOAD CMakeFiles/usbtmc.dir/home/shiokaze/Documents/pi/pico/pico-sdk/src/rp2_common/pico_stdio/stdio.c.obj
LOAD CMakeFiles/usbtmc.dir/home/shiokaze/Documents/pi/pico/pico-sdk/src/rp2_common/pico_stdio_uart/stdio_uart.c.obj
LOAD CMakeFiles/usbtmc.dir/home/shiokaze/Documents/pi/pico/pico-sdk/src/rp2_common/pico_bootsel_via_double_reset/pico_bootsel_via_double_reset.c.obj
LOAD CMakeFiles/usbtmc.dir/home/shiokaze/Documents/pi/pico/tinyusb/hw/bsp/rp2040/family.c.obj
LOAD CMakeFiles/usbtmc.dir/home/shiokaze/Documents/pi/pico/tinyusb/src/portable/raspberrypi/rp2040/dcd_rp2040.c.obj
LOAD CMakeFiles/usbtmc.dir/home/shiokaze/Documents/pi/pico/tinyusb/src/portable/raspberrypi/rp2040/rp2040_usb.c.obj
LOAD CMakeFiles/usbtmc.dir/home/shiokaze/Documents/pi/pico/tinyusb/src/device/usbd.c.obj
LOAD CMakeFiles/usbtmc.dir/home/shiokaze/Documents/pi/pico/tinyusb/src/device/usbd_control.c.obj
LOAD CMakeFiles/usbtmc.dir/home/shiokaze/Documents/pi/pico/tinyusb/src/class/audio/audio_device.c.obj
LOAD CMakeFiles/usbtmc.dir/home/shiokaze/Documents/pi/pico/tinyusb/src/class/cdc/cdc_device.c.obj
LOAD CMakeFiles/usbtmc.dir/home/shiokaze/Documents/pi/pico/tinyusb/src/class/dfu/dfu_device.c.obj
LOAD CMakeFiles/usbtmc.dir/home/shiokaze/Documents/pi/pico/tinyusb/src/class/dfu/dfu_rt_device.c.obj
LOAD CMakeFiles/usbtmc.dir/home/shiokaze/Documents/pi/pico/tinyusb/src/class/hid/hid_device.c.obj
LOAD CMakeFiles/usbtmc.dir/home/shiokaze/Documents/pi/pico/tinyusb/src/class/midi/midi_device.c.obj
LOAD CMakeFiles/usbtmc.dir/home/shiokaze/Documents/pi/pico/tinyusb/src/class/msc/msc_device.c.obj
LOAD CMakeFiles/usbtmc.dir/home/shiokaze/Documents/pi/pico/tinyusb/src/class/net/net_device.c.obj
LOAD CMakeFiles/usbtmc.dir/home/shiokaze/Documents/pi/pico/tinyusb/src/class/usbtmc/usbtmc_device.c.obj
LOAD CMakeFiles/usbtmc.dir/home/shiokaze/Documents/pi/pico/tinyusb/src/class/vendor/vendor_device.c.obj
LOAD CMakeFiles/usbtmc.dir/home/shiokaze/Documents/pi/pico/tinyusb/src/tusb.c.obj
LOAD CMakeFiles/usbtmc.dir/home/shiokaze/Documents/pi/pico/tinyusb/src/common/tusb_fifo.c.obj
LOAD CMakeFiles/usbtmc.dir/home/shiokaze/Documents/pi/pico/pico-sdk/src/rp2_common/pico_fix/rp2040_usb_device_enumeration/rp2040_usb_device_enumeration.c.obj
LOAD /tmp/ccNXDtHq.o
LOAD /usr/lib/gcc/arm-none-eabi/6.3.1/../../../arm-none-eabi/lib/thumb/v6-m/libstdc++.a
LOAD /usr/lib/gcc/arm-none-eabi/6.3.1/../../../arm-none-eabi/lib/thumb/v6-m/libm.a
START GROUP
LOAD /usr/lib/gcc/arm-none-eabi/6.3.1/thumb/v6-m/libgcc.a
LOAD /usr/lib/gcc/arm-none-eabi/6.3.1/../../../arm-none-eabi/lib/thumb/v6-m/libc.a
END GROUP
START GROUP
LOAD /usr/lib/gcc/arm-none-eabi/6.3.1/thumb/v6-m/libgcc.a
LOAD /usr/lib/gcc/arm-none-eabi/6.3.1/../../../arm-none-eabi/lib/thumb/v6-m/libc.a
LOAD /usr/lib/gcc/arm-none-eabi/6.3.1/../../../arm-none-eabi/lib/thumb/v6-m/libnosys.a
END GROUP
LOAD /usr/lib/gcc/arm-none-eabi/6.3.1/thumb/v6-m/crtend.o
LOAD /usr/lib/gcc/arm-none-eabi/6.3.1/thumb/v6-m/crtn.o
OUTPUT(usbtmc.elf elf32-littlearm)

.ARM.attributes
                0x0000000000000000       0x28
 .ARM.attributes
                0x0000000000000000       0x1e /usr/lib/gcc/arm-none-eabi/6.3.1/thumb/v6-m/crti.o
 .ARM.attributes
                0x000000000000001e       0x2c /usr/lib/gcc/arm-none-eabi/6.3.1/thumb/v6-m/crtbegin.o
 .ARM.attributes
                0x000000000000004a       0x32 CMakeFiles/usbtmc.dir/src/main.c.obj
 .ARM.attributes
                0x000000000000007c       0x32 CMakeFiles/usbtmc.dir/src/usb_descriptors.c.obj
 .ARM.attributes
                0x00000000000000ae       0x32 CMakeFiles/usbtmc.dir/src/usbtmc_app.c.obj
 .ARM.attributes
                0x00000000000000e0       0x32 CMakeFiles/usbtmc.dir/home/shiokaze/Documents/pi/pico/pico-sdk/src/rp2_common/hardware_gpio/gpio.c.obj
 .ARM.attributes
                0x0000000000000112       0x32 CMakeFiles/usbtmc.dir/home/shiokaze/Documents/pi/pico/pico-sdk/src/rp2_common/hardware_claim/claim.c.obj
 .ARM.attributes
                0x0000000000000144       0x32 CMakeFiles/usbtmc.dir/home/shiokaze/Documents/pi/pico/pico-sdk/src/rp2_common/pico_platform/platform.c.obj
 .ARM.attributes
                0x0000000000000176       0x32 CMakeFiles/usbtmc.dir/home/shiokaze/Documents/pi/pico/pico-sdk/src/rp2_common/hardware_sync/sync.c.obj
 .ARM.attributes
                0x00000000000001a8       0x32 CMakeFiles/usbtmc.dir/home/shiokaze/Documents/pi/pico/pico-sdk/src/rp2_common/hardware_uart/uart.c.obj
 .ARM.attributes
                0x00000000000001da       0x32 CMakeFiles/usbtmc.dir/home/shiokaze/Documents/pi/pico/pico-sdk/src/common/pico_time/time.c.obj
 .ARM.attributes
                0x000000000000020c       0x32 CMakeFiles/usbtmc.dir/home/shiokaze/Documents/pi/pico/pico-sdk/src/rp2_common/hardware_timer/timer.c.obj
 .ARM.attributes
                0x000000000000023e       0x32 CMakeFiles/usbtmc.dir/home/shiokaze/Documents/pi/pico/pico-sdk/src/common/pico_sync/lock_core.c.obj
 .ARM.attributes
                0x0000000000000270       0x32 CMakeFiles/usbtmc.dir/home/shiokaze/Documents/pi/pico/pico-sdk/src/common/pico_sync/mutex.c.obj
 .ARM.attributes
                0x00000000000002a2       0x32 CMakeFiles/usbtmc.dir/home/shiokaze/Documents/pi/pico/pico-sdk/src/common/pico_sync/critical_section.c.obj
 .ARM.attributes
                0x00000000000002d4       0x32 CMakeFiles/usbtmc.dir/home/shiokaze/Documents/pi/pico/pico-sdk/src/common/pico_util/pheap.c.obj
 .ARM.attributes
                0x0000000000000306       0x32 CMakeFiles/usbtmc.dir/home/shiokaze/Documents/pi/pico/pico-sdk/src/rp2_common/pico_runtime/runtime.c.obj
 .ARM.attributes
                0x0000000000000338       0x32 CMakeFiles/usbtmc.dir/home/shiokaze/Documents/pi/pico/pico-sdk/src/rp2_common/hardware_clocks/clocks.c.obj
 .ARM.attributes
                0x000000000000036a       0x32 CMakeFiles/usbtmc.dir/home/shiokaze/Documents/pi/pico/pico-sdk/src/rp2_common/hardware_irq/irq.c.obj
 .ARM.attributes
                0x000000000000039c       0x22 CMakeFiles/usbtmc.dir/home/shiokaze/Documents/pi/pico/pico-sdk/src/rp2_common/hardware_irq/irq_handler_chain.S.obj
 .ARM.attributes
                0x00000000000003be       0x32 CMakeFiles/usbtmc.dir/home/shiokaze/Documents/pi/pico/pico-sdk/src/rp2_common/hardware_pll/pll.c.obj
 .ARM.attributes
                0x00000000000003f0       0x32 CMakeFiles/usbtmc.dir/home/shiokaze/Documents/pi/pico/pico-sdk/src/rp2_common/hardware_watchdog/watchdog.c.obj
 .ARM.attributes
                0x0000000000000422       0x32 CMakeFiles/usbtmc.dir/home/shiokaze/Documents/pi/pico/pico-sdk/src/rp2_common/hardware_xosc/xosc.c.obj
 .ARM.attributes
                0x0000000000000454       0x32 CMakeFiles/usbtmc.dir/home/shiokaze/Documents/pi/pico/pico-sdk/src/rp2_common/pico_printf/printf.c.obj
 .ARM.attributes
                0x0000000000000486       0x22 CMakeFiles/usbtmc.dir/home/shiokaze/Documents/pi/pico/pico-sdk/src/rp2_common/pico_bit_ops/bit_ops_aeabi.S.obj
 .ARM.attributes
                0x00000000000004a8       0x32 CMakeFiles/usbtmc.dir/home/shiokaze/Documents/pi/pico/pico-sdk/src/rp2_common/pico_bootrom/bootrom.c.obj
 .ARM.attributes
                0x00000000000004da       0x22 CMakeFiles/usbtmc.dir/home/shiokaze/Documents/pi/pico/pico-sdk/src/rp2_common/pico_divider/divider.S.obj
 .ARM.attributes
                0x00000000000004fc       0x22 CMakeFiles/usbtmc.dir/home/shiokaze/Documents/pi/pico/pico-sdk/src/rp2_common/pico_double/double_aeabi.S.obj
 .ARM.attributes
                0x000000000000051e       0x32 CMakeFiles/usbtmc.dir/home/shiokaze/Documents/pi/pico/pico-sdk/src/rp2_common/pico_double/double_init_rom.c.obj
 .ARM.attributes
                0x0000000000000550       0x22 CMakeFiles/usbtmc.dir/home/shiokaze/Documents/pi/pico/pico-sdk/src/rp2_common/pico_double/double_v1_rom_shim.S.obj
 .ARM.attributes
                0x0000000000000572       0x22 CMakeFiles/usbtmc.dir/home/shiokaze/Documents/pi/pico/pico-sdk/src/rp2_common/pico_int64_ops/pico_int64_ops_aeabi.S.obj
 .ARM.attributes
                0x0000000000000594       0x22 CMakeFiles/usbtmc.dir/home/shiokaze/Documents/pi/pico/pico-sdk/src/rp2_common/pico_float/float_aeabi.S.obj
 .ARM.attributes
                0x00000000000005b6       0x32 CMakeFiles/usbtmc.dir/home/shiokaze/Documents/pi/pico/pico-sdk/src/rp2_common/pico_float/float_init_rom.c.obj
 .ARM.attributes
                0x00000000000005e8       0x22 CMakeFiles/usbtmc.dir/home/shiokaze/Documents/pi/pico/pico-sdk/src/rp2_common/pico_float/float_v1_rom_shim.S.obj
 .ARM.attributes
                0x000000000000060a       0x22 CMakeFiles/usbtmc.dir/home/shiokaze/Documents/pi/pico/pico-sdk/src/rp2_common/pico_mem_ops/mem_ops_aeabi.S.obj
 .ARM.attributes
                0x000000000000062c       0x22 CMakeFiles/usbtmc.dir/home/shiokaze/Documents/pi/pico/pico-sdk/src/rp2_common/pico_standard_link/crt0.S.obj
 .ARM.attributes
                0x000000000000064e       0x32 CMakeFiles/usbtmc.dir/home/shiokaze/Documents/pi/pico/pico-sdk/src/rp2_common/pico_standard_link/binary_info.c.obj
 .ARM.attributes
                0x0000000000000680       0x32 CMakeFiles/usbtmc.dir/home/shiokaze/Documents/pi/pico/pico-sdk/src/rp2_common/pico_stdio/stdio.c.obj
 .ARM.attributes
                0x00000000000006b2       0x32 CMakeFiles/usbtmc.dir/home/shiokaze/Documents/pi/pico/pico-sdk/src/rp2_common/pico_stdio_uart/stdio_uart.c.obj
 .ARM.attributes
                0x00000000000006e4       0x32 CMakeFiles/usbtmc.dir/home/shiokaze/Documents/pi/pico/pico-sdk/src/rp2_common/pico_bootsel_via_double_reset/pico_bootsel_via_double_reset.c.obj
 .ARM.attributes
                0x0000000000000716       0x32 CMakeFiles/usbtmc.dir/home/shiokaze/Documents/pi/pico/tinyusb/hw/bsp/rp2040/family.c.obj
 .ARM.attributes
                0x0000000000000748       0x32 CMakeFiles/usbtmc.dir/home/shiokaze/Documents/pi/pico/tinyusb/src/portable/raspberrypi/rp2040/dcd_rp2040.c.obj
 .ARM.attributes