Archive member included to satisfy reference by file (symbol)

/usr/lib/gcc/arm-none-eabi/6.3.1/thumb/v6-m/libgcc.a(_dvmd_tls.o)
                              CMakeFiles/hid_composite.dir/home/shiokaze/Documents/pi/pico/pico-sdk/src/rp2_common/pico_divider/divider.S.obj (__aeabi_idiv0)
/usr/lib/gcc/arm-none-eabi/6.3.1/../../../arm-none-eabi/lib/thumb/v6-m/libc.a(lib_a-atexit.o)
                              /usr/lib/gcc/arm-none-eabi/6.3.1/../../../arm-none-eabi/lib/thumb/v6-m/crt0.o (atexit)
/usr/lib/gcc/arm-none-eabi/6.3.1/../../../arm-none-eabi/lib/thumb/v6-m/libc.a(lib_a-calloc.o)
                              CMakeFiles/hid_composite.dir/home/shiokaze/Documents/pi/pico/pico-sdk/src/rp2_common/pico_malloc/pico_malloc.c.obj (calloc)
/usr/lib/gcc/arm-none-eabi/6.3.1/../../../arm-none-eabi/lib/thumb/v6-m/libc.a(lib_a-callocr.o)
                              /usr/lib/gcc/arm-none-eabi/6.3.1/../../../arm-none-eabi/lib/thumb/v6-m/libc.a(lib_a-calloc.o) (_calloc_r)
/usr/lib/gcc/arm-none-eabi/6.3.1/../../../arm-none-eabi/lib/thumb/v6-m/libc.a(lib_a-fini.o)
                              /usr/lib/gcc/arm-none-eabi/6.3.1/../../../arm-none-eabi/lib/thumb/v6-m/crt0.o (__libc_fini_array)
/usr/lib/gcc/arm-none-eabi/6.3.1/../../../arm-none-eabi/lib/thumb/v6-m/libc.a(lib_a-impure.o)
                              CMakeFiles/hid_composite.dir/home/shiokaze/Documents/pi/pico/pico-sdk/src/common/pico_util/pheap.c.obj (_impure_ptr)
/usr/lib/gcc/arm-none-eabi/6.3.1/../../../arm-none-eabi/lib/thumb/v6-m/libc.a(lib_a-init.o)
                              /usr/lib/gcc/arm-none-eabi/6.3.1/../../../arm-none-eabi/lib/thumb/v6-m/crt0.o (__libc_init_array)
/usr/lib/gcc/arm-none-eabi/6.3.1/../../../arm-none-eabi/lib/thumb/v6-m/libc.a(lib_a-malloc.o)
                              CMakeFiles/hid_composite.dir/home/shiokaze/Documents/pi/pico/pico-sdk/src/rp2_common/pico_malloc/pico_malloc.c.obj (malloc)
/usr/lib/gcc/arm-none-eabi/6.3.1/../../../arm-none-eabi/lib/thumb/v6-m/libc.a(lib_a-mallocr.o)
                              /usr/lib/gcc/arm-none-eabi/6.3.1/../../../arm-none-eabi/lib/thumb/v6-m/libc.a(lib_a-callocr.o) (_malloc_r)
/usr/lib/gcc/arm-none-eabi/6.3.1/../../../arm-none-eabi/lib/thumb/v6-m/libc.a(lib_a-mlock.o)
                              /usr/lib/gcc/arm-none-eabi/6.3.1/../../../arm-none-eabi/lib/thumb/v6-m/libc.a(lib_a-mallocr.o) (__malloc_lock)
/usr/lib/gcc/arm-none-eabi/6.3.1/../../../arm-none-eabi/lib/thumb/v6-m/libc.a(lib_a-sbrkr.o)
                              /usr/lib/gcc/arm-none-eabi/6.3.1/../../../arm-none-eabi/lib/thumb/v6-m/libc.a(lib_a-mallocr.o) (_sbrk_r)
/usr/lib/gcc/arm-none-eabi/6.3.1/../../../arm-none-eabi/lib/thumb/v6-m/libc.a(lib_a-strlen-stub.o)
                              CMakeFiles/hid_composite.dir/src/usb_descriptors.c.obj (strlen)
/usr/lib/gcc/arm-none-eabi/6.3.1/../../../arm-none-eabi/lib/thumb/v6-m/libc.a(lib_a-wbuf.o)
                              CMakeFiles/hid_composite.dir/home/shiokaze/Documents/pi/pico/pico-sdk/src/common/pico_util/pheap.c.obj (__swbuf_r)
/usr/lib/gcc/arm-none-eabi/6.3.1/../../../arm-none-eabi/lib/thumb/v6-m/libc.a(lib_a-wsetup.o)
                              /usr/lib/gcc/arm-none-eabi/6.3.1/../../../arm-none-eabi/lib/thumb/v6-m/libc.a(lib_a-wbuf.o) (__swsetup_r)
/usr/lib/gcc/arm-none-eabi/6.3.1/../../../arm-none-eabi/lib/thumb/v6-m/libc.a(lib_a-__atexit.o)
                              /usr/lib/gcc/arm-none-eabi/6.3.1/../../../arm-none-eabi/lib/thumb/v6-m/libc.a(lib_a-atexit.o) (__register_exitproc)
/usr/lib/gcc/arm-none-eabi/6.3.1/../../../arm-none-eabi/lib/thumb/v6-m/libc.a(lib_a-fflush.o)
                              /usr/lib/gcc/arm-none-eabi/6.3.1/../../../arm-none-eabi/lib/thumb/v6-m/libc.a(lib_a-wbuf.o) (_fflush_r)
/usr/lib/gcc/arm-none-eabi/6.3.1/../../../arm-none-eabi/lib/thumb/v6-m/libc.a(lib_a-findfp.o)
                              /usr/lib/gcc/arm-none-eabi/6.3.1/../../../arm-none-eabi/lib/thumb/v6-m/libc.a(lib_a-wbuf.o) (__sinit)
/usr/lib/gcc/arm-none-eabi/6.3.1/../../../arm-none-eabi/lib/thumb/v6-m/libc.a(lib_a-freer.o)
                              /usr/lib/gcc/arm-none-eabi/6.3.1/../../../arm-none-eabi/lib/thumb/v6-m/libc.a(lib_a-malloc.o) (_free_r)
/usr/lib/gcc/arm-none-eabi/6.3.1/../../../arm-none-eabi/lib/thumb/v6-m/libc.a(lib_a-fwalk.o)
                              /usr/lib/gcc/arm-none-eabi/6.3.1/../../../arm-none-eabi/lib/thumb/v6-m/libc.a(lib_a-findfp.o) (_fwalk)
/usr/lib/gcc/arm-none-eabi/6.3.1/../../../arm-none-eabi/lib/thumb/v6-m/libc.a(lib_a-makebuf.o)
                              /usr/lib/gcc/arm-none-eabi/6.3.1/../../../arm-none-eabi/lib/thumb/v6-m/libc.a(lib_a-wsetup.o) (__smakebuf_r)
/usr/lib/gcc/arm-none-eabi/6.3.1/../../../arm-none-eabi/lib/thumb/v6-m/libc.a(lib_a-reent.o)
                              /usr/lib/gcc/arm-none-eabi/6.3.1/../../../arm-none-eabi/lib/thumb/v6-m/libc.a(lib_a-sbrkr.o) (errno)
/usr/lib/gcc/arm-none-eabi/6.3.1/../../../arm-none-eabi/lib/thumb/v6-m/libc.a(lib_a-stdio.o)
[...]
Memory Configuration

Name             Origin             Length             Attributes
FLASH            0x0000000010000000 0x0000000000200000 xr
RAM              0x0000000020000000 0x0000000000040000 xrw
SCRATCH_X        0x0000000020040000 0x0000000000001000 xrw
SCRATCH_Y        0x0000000020041000 0x0000000000001000 xrw
*default*        0x0000000000000000 0xffffffffffffffff

Linker script and memory map

LOAD /usr/lib/gcc/arm-none-eabi/6.3.1/thumb/v6-m/crti.o
LOAD /usr/lib/gcc/arm-none-eabi/6.3.1/thumb/v6-m/crtbegin.o
LOAD /usr/lib/gcc/arm-none-eabi/6.3.1/../../../arm-none-eabi/lib/thumb/v6-m/crt0.o

.flash_begin    0x0000000010000000        0x0
                0x0000000010000000                __flash_binary_start = .

.boot2          0x0000000010000000      0x100
                0x0000000010000000                __boot2_start__ = .
 *(.boot2)
 .boot2         0x0000000010000000      0x100 /tmp/ccAzuPvM.o
                0x0000000010000100                __boot2_end__ = .
                0x0000000000000001                ASSERT (((__boot2_end__ - __boot2_start__) == 0x100), ERROR: Pico second stage bootloader must be 256 bytes in size)

.text           0x0000000010000100     0x5f18
                0x0000000010000100                __logical_binary_start = .
 *(.vectors)
 .vectors       0x0000000010000100       0xd4 CMakeFiles/hid_composite.dir/home/shiokaze/Documents/pi/pico/pico-sdk/src/rp2_common/pico_standard_link/crt0.S.obj
                0x0000000010000100                __vectors
                0x0000000010000100                __VECTOR_TABLE
                0x00000000100001c0                isr_invalid
                0x00000000100001c0                __default_isrs_start
                0x00000000100001c2                isr_nmi
                0x00000000100001c4                isr_hardfault
                0x00000000100001c6                isr_svcall
                0x00000000100001c8                isr_pendsv
                0x00000000100001ca                isr_systick
                0x00000000100001cc                isr_irq30
                0x00000000100001cc                __unhandled_user_irq
                0x00000000100001cc                isr_irq13
                0x00000000100001cc                isr_irq27
                0x00000000100001cc                isr_irq31
                0x00000000100001cc                isr_irq5
                0x00000000100001cc                isr_irq11
                0x00000000100001cc                isr_irq23
                0x00000000100001cc                isr_irq18
                0x00000000100001cc                isr_irq28
                0x00000000100001cc                isr_irq19
                0x00000000100001cc                isr_irq0
                0x00000000100001cc                isr_irq6
                0x00000000100001cc                isr_irq22
                0x00000000100001cc                isr_irq17
                0x00000000100001cc                isr_irq14
                0x00000000100001cc                isr_irq2
                0x00000000100001cc                isr_irq10
                0x00000000100001cc                isr_irq8
                0x00000000100001cc                isr_irq24
                0x00000000100001cc                isr_irq1
                0x00000000100001cc                isr_irq7
                0x00000000100001cc                isr_irq21
                0x00000000100001cc                isr_irq20
                0x00000000100001cc                isr_irq15
                0x00000000100001cc                isr_irq25
                0x00000000100001cc                isr_irq4
                0x00000000100001cc                isr_irq16
                0x00000000100001cc                isr_irq29
                0x00000000100001cc                isr_irq26
                0x00000000100001cc                __default_isrs_end
                0x00000000100001cc                isr_irq3
                0x00000000100001cc                isr_irq12
                0x00000000100001cc                isr_irq9
                0x00000000100001d2                unhandled_user_irq_num_in_r0
 *(.binary_info_header)
 .binary_info_header
                0x00000000100001d4       0x14 CMakeFiles/hid_composite.dir/home/shiokaze/Documents/pi/pico/pico-sdk/src/rp2_common/pico_standard_link/crt0.S.obj
                0x00000000100001e8                __binary_info_header_end = .
 *(.reset)
 .reset         0x00000000100001e8       0xa8 CMakeFiles/hid_composite.dir/home/shiokaze/Documents/pi/pico/pico-sdk/src/rp2_common/pico_standard_link/crt0.S.obj
                0x00000000100001e8                _entry_point
                0x0000000010000266                __get_current_exception
 .reset         0x0000000010000290       0x30 CMakeFiles/hid_composite.dir/home/shiokaze/Documents/pi/pico/pico-sdk/src/rp2_common/pico_standard_link/binary_info.c.obj
 *(.init)
 .init          0x00000000100002c0        0x4 /usr/lib/gcc/arm-none-eabi/6.3.1/thumb/v6-m/crti.o
                0x00000000100002c0                _init
 *(EXCLUDE_FILE(*libm.a: *libc.a:*lib_a-mem*.o *libgcc.a:) .text*)
 .text          0x00000000100002c4       0xb4 /usr/lib/gcc/arm-none-eabi/6.3.1/thumb/v6-m/crtbegin.o
 .text.startup.main
                0x0000000010000378      0x134 CMakeFiles/hid_composite.dir/src/main.c.obj
                0x0000000010000378                main
 .text.tud_mount_cb
                0x00000000100004ac       0x10 CMakeFiles/hid_composite.dir/src/main.c.obj
                0x00000000100004ac                tud_mount_cb
 .text.tud_umount_cb
                0x00000000100004bc        0xc CMakeFiles/hid_composite.dir/src/main.c.obj
                0x00000000100004bc                tud_umount_cb
 .text.tud_suspend_cb
                0x00000000100004c8       0x10 CMakeFiles/hid_composite.dir/src/main.c.obj
                0x00000000100004c8                tud_suspend_cb
 .text.tud_resume_cb
                0x00000000100004d8       0x10 CMakeFiles/hid_composite.dir/src/main.c.obj
                0x00000000100004d8                tud_resume_cb
 .text.tud_hid_report_complete_cb
                0x00000000100004e8      0x114 CMakeFiles/hid_composite.dir/src/main.c.obj
                0x00000000100004e8                tud_hid_report_complete_cb
 .text.tud_hid_get_report_cb
                0x00000000100005fc        0x4 CMakeFiles/hid_composite.dir/src/main.c.obj
                0x00000000100005fc                tud_hid_get_report_cb
 .text.tud_hid_set_report_cb
                0x0000000010000600       0x3c CMakeFiles/hid_composite.dir/src/main.c.obj
                0x0000000010000600                tud_hid_set_report_cb
 .text.tud_descriptor_device_cb
                0x000000001000063c        0x8 CMakeFiles/hid_composite.dir/src/usb_descriptors.c.obj
                0x000000001000063c                tud_descriptor_device_cb
 .text.tud_hid_descriptor_report_cb
                0x0000000010000644        0x8 CMakeFiles/hid_composite.dir/src/usb_descriptors.c.obj
                0x0000000010000644                tud_hid_descriptor_report_cb
 .text.tud_descriptor_configuration_cb
                0x000000001000064c        0x8 CMakeFiles/hid_composite.dir/src/usb_descriptors.c.obj
                0x000000001000064c                tud_descriptor_configuration_cb
 .text.tud_descriptor_string_cb
                0x0000000010000654       0x7c CMakeFiles/hid_composite.dir/src/usb_descriptors.c.obj
                0x0000000010000654                tud_descriptor_string_cb
 .text.gpio_set_function
                0x00000000100006d0       0x30 CMakeFiles/hid_composite.dir/home/shiokaze/Documents/pi/pico/pico-sdk/src/rp2_common/hardware_gpio/gpio.c.obj
                0x00000000100006d0                gpio_set_function
 .text.gpio_get_function
                0x0000000010000700       0x14 CMakeFiles/hid_composite.dir/home/shiokaze/Documents/pi/pico/pico-sdk/src/rp2_common/hardware_gpio/gpio.c.obj
                0x0000000010000700                gpio_get_function
 .text.gpio_set_pulls
                0x0000000010000714       0x34 CMakeFiles/hid_composite.dir/home/shiokaze/Documents/pi/pico/pico-sdk/src/rp2_common/hardware_gpio/gpio.c.obj
                0x0000000010000714                gpio_set_pulls
 .text.gpio_set_inover
                0x0000000010000748       0x24 CMakeFiles/hid_composite.dir/home/shiokaze/Documents/pi/pico/pico-sdk/src/rp2_common/hardware_gpio/gpio.c.obj
                0x0000000010000748                gpio_set_inover
 .text.gpio_set_oeover
                0x000000001000076c       0x24 CMakeFiles/hid_composite.dir/home/shiokaze/Documents/pi/pico/pico-sdk/src/rp2_common/hardware_gpio/gpio.c.obj
                0x000000001000076c                gpio_set_oeover
 .text.gpio_init
                0x0000000010000790       0x3c CMakeFiles/hid_composite.dir/home/shiokaze/Documents/pi/pico/pico-sdk/src/rp2_common/hardware_gpio/gpio.c.obj
                0x0000000010000790                gpio_init
 .text.hw_claim_or_assert
                0x00000000100007cc       0x44 CMakeFiles/hid_composite.dir/home/shiokaze/Documents/pi/pico/pico-sdk/src/rp2_common/hardware_claim/claim.c.obj
                0x00000000100007cc                hw_claim_or_assert
 .text.hw_claim_unused_from_range
                0x0000000010000810       0x8c CMakeFiles/hid_composite.dir/home/shiokaze/Documents/pi/pico/pico-sdk/src/rp2_common/hardware_claim/claim.c.obj
                0x0000000010000810                hw_claim_unused_from_range
 .text.running_on_fpga
                0x000000001000089c       0x10 CMakeFiles/hid_composite.dir/home/shiokaze/Documents/pi/pico/pico-sdk/src/rp2_common/pico_platform/platform.c.obj
                0x000000001000089c                running_on_fpga
 .text.spin_locks_reset
                0x00000000100008ac       0x1c CMakeFiles/hid_composite.dir/home/shiokaze/Documents/pi/pico/pico-sdk/src/rp2_common/hardware_sync/sync.c.obj
                0x00000000100008ac                spin_locks_reset
 .text.next_striped_spin_lock_num
                0x00000000100008c8       0x18 CMakeFiles/hid_composite.dir/home/shiokaze/Documents/pi/pico/pico-sdk/src/rp2_common/hardware_sync/sync.c.obj
                0x00000000100008c8                next_striped_spin_lock_num
 .text.spin_lock_claim_unused
                0x00000000100008e0       0x20 CMakeFiles/hid_composite.dir/home/shiokaze/Documents/pi/pico/pico-sdk/src/rp2_common/hardware_sync/sync.c.obj
                0x00000000100008e0                spin_lock_claim_unused
 .text.uart_init
                0x0000000010000900       0xe4 CMakeFiles/hid_composite.dir/home/shiokaze/Documents/pi/pico/pico-sdk/src/rp2_common/hardware_uart/uart.c.obj
                0x0000000010000900                uart_init
 .text.timer_pool_entry_comparator
                0x00000000100009e4       0x34 CMakeFiles/hid_composite.dir/home/shiokaze/Documents/pi/pico/pico-sdk/src/common/pico_time/time.c.obj
                0x00000000100009e4                timer_pool_entry_comparator
 .text.sleep_until_callback
                0x0000000010000a18       0x30 CMakeFiles/hid_composite.dir/home/shiokaze/Documents/pi/pico/pico-sdk/src/common/pico_time/time.c.obj
 .text.add_alarm_under_lock
                0x0000000010000a48      0x124 CMakeFiles/hid_composite.dir/home/shiokaze/Documents/pi/pico/pico-sdk/src/common/pico_time/time.c.obj
 .text.alarm_pool_alarm_callback
                0x0000000010000b6c      0x1dc CMakeFiles/hid_composite.dir/home/shiokaze/Documents/pi/pico/pico-sdk/src/common/pico_time/time.c.obj
 .text.alarm_pool_init_default
                0x0000000010000d48       0x64 CMakeFiles/hid_composite.dir/home/shiokaze/Documents/pi/pico/pico-sdk/src/common/pico_time/time.c.obj
                0x0000000010000d48                alarm_pool_init_default
 .text.alarm_pool_get_default
                0x0000000010000dac        0x8 CMakeFiles/hid_composite.dir/home/shiokaze/Documents/pi/pico/pico-sdk/src/common/pico_time/time.c.obj
                0x0000000010000dac                alarm_pool_get_default
 .text.alarm_pool_add_alarm_at
                0x0000000010000db4      0x1a0 CMakeFiles/hid_composite.dir/home/shiokaze/Documents/pi/pico/pico-sdk/src/common/pico_time/time.c.obj
                0x0000000010000db4                alarm_pool_add_alarm_at
 .text.best_effort_wfe_or_timeout
                0x0000000010000f54      0x1c8 CMakeFiles/hid_composite.dir/home/shiokaze/Documents/pi/pico/pico-sdk/src/common/pico_time/time.c.obj
                0x0000000010000f54                best_effort_wfe_or_timeout
 .text.hardware_alarm_irq_handler
                0x000000001000111c       0xa0 CMakeFiles/hid_composite.dir/home/shiokaze/Documents/pi/pico/pico-sdk/src/rp2_common/hardware_timer/timer.c.obj
 .text.hardware_alarm_claim
                0x00000000100011bc       0x18 CMakeFiles/hid_composite.dir/home/shiokaze/Documents/pi/pico/pico-sdk/src/rp2_common/hardware_timer/timer.c.obj
                0x00000000100011bc                hardware_alarm_claim
 .text.time_us_64
                0x00000000100011d4       0x18 CMakeFiles/hid_composite.dir/home/shiokaze/Documents/pi/pico/pico-sdk/src/rp2_common/hardware_timer/timer.c.obj
                0x00000000100011d4                time_us_64
 .text.busy_wait_us
                0x00000000100011ec       0x54 CMakeFiles/hid_composite.dir/home/shiokaze/Documents/pi/pico/pico-sdk/src/rp2_common/hardware_timer/timer.c.obj
                0x00000000100011ec                busy_wait_us
 .text.hardware_alarm_set_callback
                0x0000000010001240       0x8c CMakeFiles/hid_composite.dir/home/shiokaze/Documents/pi/pico/pico-sdk/src/rp2_common/hardware_timer/timer.c.obj
                0x0000000010001240                hardware_alarm_set_callback
 .text.hardware_alarm_set_target
                0x00000000100012cc       0xdc CMakeFiles/hid_composite.dir/home/shiokaze/Documents/pi/pico/pico-sdk/src/rp2_common/hardware_timer/timer.c.obj
                0x00000000100012cc                hardware_alarm_set_target
 .text.hardware_alarm_cancel
                0x00000000100013a8       0x40 CMakeFiles/hid_composite.dir/home/shiokaze/Documents/pi/pico/pico-sdk/src/rp2_common/hardware_timer/timer.c.obj
                0x00000000100013a8                hardware_alarm_cancel
 .text.lock_init
                0x00000000100013e8       0x10 CMakeFiles/hid_composite.dir/home/shiokaze/Documents/pi/pico/pico-sdk/src/common/pico_sync/lock_core.c.obj
                0x00000000100013e8                lock_init
 .text.mutex_init
                0x00000000100013f8       0x20 CMakeFiles/hid_composite.dir/home/shiokaze/Documents/pi/pico/pico-sdk/src/common/pico_sync/mutex.c.obj
                0x00000000100013f8                mutex_init
 .text.recursive_mutex_init
                0x0000000010001418       0x1c CMakeFiles/hid_composite.dir/home/shiokaze/Documents/pi/pico/pico-sdk/src/common/pico_sync/mutex.c.obj
                0x0000000010001418                recursive_mutex_init
 .text.critical_section_init
                0x0000000010001434       0x20 CMakeFiles/hid_composite.dir/home/shiokaze/Documents/pi/pico/pico-sdk/src/common/pico_sync/critical_section.c.obj
                0x0000000010001434                critical_section_init
 .text.ph_merge_two_pass.part.3
                0x0000000010001454      0x18c CMakeFiles/hid_composite.dir/home/shiokaze/Documents/pi/pico/pico-sdk/src/common/pico_util/pheap.c.obj
 .text.ph_post_alloc_init
                0x00000000100015e0       0x3c CMakeFiles/hid_composite.dir/home/shiokaze/Documents/pi/pico/pico-sdk/src/common/pico_util/pheap.c.obj
                0x00000000100015e0                ph_post_alloc_init
 .text.ph_remove_head
                0x000000001000161c      0x158 CMakeFiles/hid_composite.dir/home/shiokaze/Documents/pi/pico/pico-sdk/src/common/pico_util/pheap.c.obj
                0x000000001000161c                ph_remove_head
 .text.ph_remove_and_free_node
                0x0000000010001774      0x254 CMakeFiles/hid_composite.dir/home/shiokaze/Documents/pi/pico/pico-sdk/src/common/pico_util/pheap.c.obj
                0x0000000010001774                ph_remove_and_free_node
 .text.runtime_init
                0x00000000100019c8      0x104 CMakeFiles/hid_composite.dir/home/shiokaze/Documents/pi/pico/pico-sdk/src/rp2_common/pico_runtime/runtime.c.obj
                0x00000000100019c8                runtime_init
 .text._sbrk    0x0000000010001acc       0x34 CMakeFiles/hid_composite.dir/home/shiokaze/Documents/pi/pico/pico-sdk/src/rp2_common/pico_runtime/runtime.c.obj
                0x0000000010001acc                _sbrk
 .text.exit     0x0000000010001b00        0x4 CMakeFiles/hid_composite.dir/home/shiokaze/Documents/pi/pico/pico-sdk/src/rp2_common/pico_runtime/runtime.c.obj
                0x0000000010001b00                exit
 .text.panic    0x0000000010001b04       0x30 CMakeFiles/hid_composite.dir/home/shiokaze/Documents/pi/pico/pico-sdk/src/rp2_common/pico_runtime/runtime.c.obj
                0x0000000010001b04                panic
 .text.hard_assertion_failure
                0x0000000010001b34        0xc CMakeFiles/hid_composite.dir/home/shiokaze/Documents/pi/pico/pico-sdk/src/rp2_common/pico_runtime/runtime.c.obj
                0x0000000010001b34                hard_assertion_failure
 .text.clocks_init
                0x0000000010001b40      0x2c8 CMakeFiles/hid_composite.dir/home/shiokaze/Documents/pi/pico/pico-sdk/src/rp2_common/hardware_clocks/clocks.c.obj
                0x0000000010001b40                clocks_init
 .text.clock_get_hz
                0x0000000010001e08        0xc CMakeFiles/hid_composite.dir/home/shiokaze/Documents/pi/pico/pico-sdk/src/rp2_common/hardware_clocks/clocks.c.obj
                0x0000000010001e08                clock_get_hz
 .text.irq_set_enabled
                0x0000000010001e14       0x24 CMakeFiles/hid_composite.dir/home/shiokaze/Documents/pi/pico/pico-sdk/src/rp2_common/hardware_irq/irq.c.obj
                0x0000000010001e14                irq_set_enabled
 .text.irq_get_vtable_handler
                0x0000000010001e38       0x10 CMakeFiles/hid_composite.dir/home/shiokaze/Documents/pi/pico/pico-sdk/src/rp2_common/hardware_irq/irq.c.obj
                0x0000000010001e38                irq_get_vtable_handler
 .text.irq_set_exclusive_handler
                0x0000000010001e48       0x54 CMakeFiles/hid_composite.dir/home/shiokaze/Documents/pi/pico/pico-sdk/src/rp2_common/hardware_irq/irq.c.obj
                0x0000000010001e48                irq_set_exclusive_handler
 .text.irq_remove_handler
                0x0000000010001e9c      0x1bc CMakeFiles/hid_composite.dir/home/shiokaze/Documents/pi/pico/pico-sdk/src/rp2_common/hardware_irq/irq.c.obj
                0x0000000010001e9c                irq_remove_handler
 .text.irq_add_tail_to_free_list
                0x0000000010002058       0xb4 CMakeFiles/hid_composite.dir/home/shiokaze/Documents/pi/pico/pico-sdk/src/rp2_common/hardware_irq/irq.c.obj
                0x0000000010002058                irq_add_tail_to_free_list
 .text.irq_init_priorities
                0x000000001000210c       0x38 CMakeFiles/hid_composite.dir/home/shiokaze/Documents/pi/pico/pico-sdk/src/rp2_common/hardware_irq/irq.c.obj
                0x000000001000210c                irq_init_priorities
 .text.pll_init
                0x0000000010002144       0x98 CMakeFiles/hid_composite.dir/home/shiokaze/Documents/pi/pico/pico-sdk/src/rp2_common/hardware_pll/pll.c.obj
                0x0000000010002144                pll_init
 .text.watchdog_start_tick
                0x00000000100021dc       0x10 CMakeFiles/hid_composite.dir/home/shiokaze/Documents/pi/pico/pico-sdk/src/rp2_common/hardware_watchdog/watchdog.c.obj
                0x00000000100021dc                watchdog_start_tick
 .text.xosc_init
                0x00000000100021ec       0x28 CMakeFiles/hid_composite.dir/home/shiokaze/Documents/pi/pico/pico-sdk/src/rp2_common/hardware_xosc/xosc.c.obj
                0x00000000100021ec                xosc_init
 .text._out_char
                0x0000000010002214       0x3c CMakeFiles/hid_composite.dir/home/shiokaze/Documents/pi/pico/pico-sdk/src/rp2_common/pico_printf/printf.c.obj
 .text.weak_raw_vprintf
                0x0000000010002250       0x30 CMakeFiles/hid_composite.dir/home/shiokaze/Documents/pi/pico/pico-sdk/src/rp2_common/pico_printf/printf.c.obj
                0x0000000010002250                weak_raw_vprintf
 .text          0x0000000010002280       0x10 CMakeFiles/hid_composite.dir/home/shiokaze/Documents/pi/pico/pico-sdk/src/rp2_common/pico_bit_ops/bit_ops_aeabi.S.obj
 .text.rom_func_lookup
                0x0000000010002290       0x10 CMakeFiles/hid_composite.dir/home/shiokaze/Documents/pi/pico/pico-sdk/src/rp2_common/pico_bootrom/bootrom.c.obj
                0x0000000010002290                rom_func_lookup
 .text.rom_data_lookup
                0x00000000100022a0       0x10 CMakeFiles/hid_composite.dir/home/shiokaze/Documents/pi/pico/pico-sdk/src/rp2_common/pico_bootrom/bootrom.c.obj
                0x00000000100022a0                rom_data_lookup
 .text.rom_funcs_lookup
                0x00000000100022b0       0x44 CMakeFiles/hid_composite.dir/home/shiokaze/Documents/pi/pico/pico-sdk/src/rp2_common/pico_bootrom/bootrom.c.obj
                0x00000000100022b0                rom_funcs_lookup
 .text.__wrap___aeabi_uidiv
                0x00000000100022f4       0x4c CMakeFiles/hid_composite.dir/home/shiokaze/Documents/pi/pico/pico-sdk/src/rp2_common/pico_divider/divider.S.obj
                0x00000000100022f4                __wrap___aeabi_uidiv
                0x00000000100022f4                __wrap___aeabi_uidivmod
                0x00000000100022f4                div_u32u32
                0x00000000100022f4                divmod_u32u32
                0x00000000100022fc                divmod_u32u32_unsafe
                0x0000000010002324                divmod_u32u32_savestate
 .text.__wrap___aeabi_ldiv
                0x0000000010002340      0x430 CMakeFiles/hid_composite.dir/home/shiokaze/Documents/pi/pico/pico-sdk/src/rp2_common/pico_divider/divider.S.obj
                0x0000000010002340                div_s64s64
                0x0000000010002340                divmod_s64s64
                0x0000000010002340                __wrap___aeabi_ldivmod
                0x0000000010002378                div_u64u64
                0x0000000010002378                divmod_u64u64
                0x0000000010002378                __wrap___aeabi_uldivmod
                0x0000000010002388                divmod_u64u64_savestate
                0x00000000100023b0                divmod_s64s64_unsafe
                0x0000000010002438                divmod_u64u64_unsafe
 .text.__aeabi_double_init
                0x0000000010002770       0x4c CMakeFiles/hid_composite.dir/home/shiokaze/Documents/pi/pico/pico-sdk/src/rp2_common/pico_double/double_init_rom.c.obj
                0x0000000010002770                __aeabi_double_init
 .text.double_table_shim_on_use_helper
                0x00000000100027bc       0x2c CMakeFiles/hid_composite.dir/home/shiokaze/Documents/pi/pico/pico-sdk/src/rp2_common/pico_double/double_v1_rom_shim.S.obj
                0x00000000100027bc                double_table_shim_on_use_helper
 .text.__aeabi_lmul
                0x00000000100027e8       0x32 CMakeFiles/hid_composite.dir/home/shiokaze/Documents/pi/pico/pico-sdk/src/rp2_common/pico_int64_ops/pico_int64_ops_aeabi.S.obj
                0x00000000100027e8                __wrap___aeabi_lmul
 *fill*         0x000000001000281a        0x2 
 .text.__aeabi_float_init
                0x000000001000281c       0x68 CMakeFiles/hid_composite.dir/home/shiokaze/Documents/pi/pico/pico-sdk/src/rp2_common/pico_float/float_init_rom.c.obj
                0x000000001000281c                __aeabi_float_init
 .text.float_table_shim_on_use_helper
                0x0000000010002884       0x2c CMakeFiles/hid_composite.dir/home/shiokaze/Documents/pi/pico/pico-sdk/src/rp2_common/pico_float/float_v1_rom_shim.S.obj
                0x0000000010002884                float_table_shim_on_use_helper
 .text          0x00000000100028b0       0x10 CMakeFiles/hid_composite.dir/home/shiokaze/Documents/pi/pico/pico-sdk/src/rp2_common/pico_mem_ops/mem_ops_aeabi.S.obj
                0x00000000100028b0                __aeabi_mem_init
 .text.memset   0x00000000100028c0        0xc CMakeFiles/hid_composite.dir/home/shiokaze/Documents/pi/pico/pico-sdk/src/rp2_common/pico_mem_ops/mem_ops_aeabi.S.obj
                0x00000000100028c0                __wrap_memset
 .text.memcpy   0x00000000100028cc        0xc CMakeFiles/hid_composite.dir/home/shiokaze/Documents/pi/pico/pico-sdk/src/rp2_common/pico_mem_ops/mem_ops_aeabi.S.obj
                0x00000000100028cc                __wrap___aeabi_memcpy
                0x00000000100028cc                __wrap_memcpy
 .text.stdio_out_chars_crlf
                0x00000000100028d8       0xbc CMakeFiles/hid_composite.dir/home/shiokaze/Documents/pi/pico/pico-sdk/src/rp2_common/pico_stdio/stdio.c.obj
 .text.__wrap_puts
                0x0000000010002994      0x104 CMakeFiles/hid_composite.dir/home/shiokaze/Documents/pi/pico/pico-sdk/src/rp2_common/pico_stdio/stdio.c.obj
                0x0000000010002994                __wrap_puts
 .text._read    0x0000000010002a98       0x8c CMakeFiles/hid_composite.dir/home/shiokaze/Documents/pi/pico/pico-sdk/src/rp2_common/pico_stdio/stdio.c.obj
                0x0000000010002a98                _read
 .text._write   0x0000000010002b24       0xa8 CMakeFiles/hid_composite.dir/home/shiokaze/Documents/pi/pico/pico-sdk/src/rp2_common/pico_stdio/stdio.c.obj
                0x0000000010002b24                _write
 .text.stdio_set_driver_enabled
                0x0000000010002bcc       0x3c CMakeFiles/hid_composite.dir/home/shiokaze/Documents/pi/pico/pico-sdk/src/rp2_common/pico_stdio/stdio.c.obj
                0x0000000010002bcc                stdio_set_driver_enabled
 .text.stdio_uart_out_chars
                0x0000000010002c08       0x4c CMakeFiles/hid_composite.dir/home/shiokaze/Documents/pi/pico/pico-sdk/src/rp2_common/pico_stdio_uart/stdio_uart.c.obj
 .text.stdio_uart_in_chars
                0x0000000010002c54       0x3c CMakeFiles/hid_composite.dir/home/shiokaze/Documents/pi/pico/pico-sdk/src/rp2_common/pico_stdio_uart/stdio_uart.c.obj
                0x0000000010002c54                stdio_uart_in_chars
 .text.stdio_uart_init_full
                0x0000000010002c90       0x38 CMakeFiles/hid_composite.dir/home/shiokaze/Documents/pi/pico/pico-sdk/src/rp2_common/pico_stdio_uart/stdio_uart.c.obj
                0x0000000010002c90                stdio_uart_init_full
 .text.startup.boot_double_tap_check
                0x0000000010002cc8       0x60 CMakeFiles/hid_composite.dir/home/shiokaze/Documents/pi/pico/pico-sdk/src/rp2_common/pico_bootsel_via_double_reset/pico_bootsel_via_double_reset.c.obj
 .text.board_init
                0x0000000010002d28       0x30 CMakeFiles/hid_composite.dir/home/shiokaze/Documents/pi/pico/tinyusb/hw/bsp/rp2040/family.c.obj
                0x0000000010002d28                board_init
 .text.board_led_write
                0x0000000010002d58       0x14 CMakeFiles/hid_composite.dir/home/shiokaze/Documents/pi/pico/tinyusb/hw/bsp/rp2040/family.c.obj
                0x0000000010002d58                board_led_write
 .text.board_button_read
                0x0000000010002d6c       0x10 CMakeFiles/hid_composite.dir/home/shiokaze/Documents/pi/pico/tinyusb/hw/bsp/rp2040/family.c.obj
                0x0000000010002d6c                board_button_read
 .text.dcd_rp2040_irq
                0x0000000010002d7c      0x1cc CMakeFiles/hid_composite.dir/home/shiokaze/Documents/pi/pico/tinyusb/src/portable/raspberrypi/rp2040/dcd_rp2040.c.obj
 .text.dcd_int_enable
                0x0000000010002f48        0xc CMakeFiles/hid_composite.dir/home/shiokaze/Documents/pi/pico/tinyusb/src/portable/raspberrypi/rp2040/dcd_rp2040.c.obj
                0x0000000010002f48                dcd_int_enable
 .text.dcd_set_address
                0x0000000010002f54       0x1c CMakeFiles/hid_composite.dir/home/shiokaze/Documents/pi/pico/tinyusb/src/portable/raspberrypi/rp2040/dcd_rp2040.c.obj
                0x0000000010002f54                dcd_set_address
 .text.dcd_remote_wakeup
                0x0000000010002f70       0x10 CMakeFiles/hid_composite.dir/home/shiokaze/Documents/pi/pico/tinyusb/src/portable/raspberrypi/rp2040/dcd_rp2040.c.obj
                0x0000000010002f70                dcd_remote_wakeup
 .text.dcd_connect
                0x0000000010002f80       0x10 CMakeFiles/hid_composite.dir/home/shiokaze/Documents/pi/pico/tinyusb/src/portable/raspberrypi/rp2040/dcd_rp2040.c.obj
                0x0000000010002f80                dcd_connect
 .text.dcd_init
                0x0000000010002f90       0xac CMakeFiles/hid_composite.dir/home/shiokaze/Documents/pi/pico/tinyusb/src/portable/raspberrypi/rp2040/dcd_rp2040.c.obj
                0x0000000010002f90                dcd_init
 .text.dcd_edpt0_status_complete
                0x000000001000303c       0x28 CMakeFiles/hid_composite.dir/home/shiokaze/Documents/pi/pico/tinyusb/src/portable/raspberrypi/rp2040/dcd_rp2040.c.obj
                0x000000001000303c                dcd_edpt0_status_complete
 .text.dcd_edpt_open
                0x0000000010003064      0x108 CMakeFiles/hid_composite.dir/home/shiokaze/Documents/pi/pico/tinyusb/src/portable/raspberrypi/rp2040/dcd_rp2040.c.obj
                0x0000000010003064                dcd_edpt_open
 .text.dcd_edpt_xfer
                0x000000001000316c       0x24 CMakeFiles/hid_composite.dir/home/shiokaze/Documents/pi/pico/tinyusb/src/portable/raspberrypi/rp2040/dcd_rp2040.c.obj
                0x000000001000316c                dcd_edpt_xfer
 .text.dcd_edpt_stall
                0x0000000010003190       0x3c CMakeFiles/hid_composite.dir/home/shiokaze/Documents/pi/pico/tinyusb/src/portable/raspberrypi/rp2040/dcd_rp2040.c.obj
                0x0000000010003190                dcd_edpt_stall
 .text.dcd_edpt_clear_stall
                0x00000000100031cc       0x28 CMakeFiles/hid_composite.dir/home/shiokaze/Documents/pi/pico/tinyusb/src/portable/raspberrypi/rp2040/dcd_rp2040.c.obj
                0x00000000100031cc                dcd_edpt_clear_stall
 .text.rp2040_usb_init
                0x00000000100031f4       0x4c CMakeFiles/hid_composite.dir/home/shiokaze/Documents/pi/pico/tinyusb/src/portable/raspberrypi/rp2040/rp2040_usb.c.obj
                0x00000000100031f4                rp2040_usb_init
 .text.hw_endpoint_reset_transfer
                0x0000000010003240       0x10 CMakeFiles/hid_composite.dir/home/shiokaze/Documents/pi/pico/tinyusb/src/portable/raspberrypi/rp2040/rp2040_usb.c.obj
                0x0000000010003240                hw_endpoint_reset_transfer
 .text._hw_endpoint_buffer_control_update32
                0x0000000010003250       0x58 CMakeFiles/hid_composite.dir/home/shiokaze/Documents/pi/pico/tinyusb/src/portable/raspberrypi/rp2040/rp2040_usb.c.obj
                0x0000000010003250                _hw_endpoint_buffer_control_update32
 .text.hw_endpoint_xfer_start
                0x00000000100032a8      0x15c CMakeFiles/hid_composite.dir/home/shiokaze/Documents/pi/pico/tinyusb/src/portable/raspberrypi/rp2040/rp2040_usb.c.obj
                0x00000000100032a8                hw_endpoint_xfer_start
 .text.hw_endpoint_xfer_continue
                0x0000000010003404      0x1f8 CMakeFiles/hid_composite.dir/home/shiokaze/Documents/pi/pico/tinyusb/src/portable/raspberrypi/rp2040/rp2040_usb.c.obj
                0x0000000010003404                hw_endpoint_xfer_continue
 .text.tud_mounted
                0x00000000100035fc       0x10 CMakeFiles/hid_composite.dir/home/shiokaze/Documents/pi/pico/tinyusb/src/device/usbd.c.obj
                0x00000000100035fc                tud_mounted
 .text.tud_suspended
                0x000000001000360c       0x10 CMakeFiles/hid_composite.dir/home/shiokaze/Documents/pi/pico/tinyusb/src/device/usbd.c.obj
                0x000000001000360c                tud_suspended
 .text.tud_remote_wakeup
                0x000000001000361c       0x24 CMakeFiles/hid_composite.dir/home/shiokaze/Documents/pi/pico/tinyusb/src/device/usbd.c.obj
                0x000000001000361c                tud_remote_wakeup
 .text.tud_inited
                0x0000000010003640        0xc CMakeFiles/hid_composite.dir/home/shiokaze/Documents/pi/pico/tinyusb/src/device/usbd.c.obj
                0x0000000010003640                tud_inited
 .text.tud_init
                0x000000001000364c       0xd8 CMakeFiles/hid_composite.dir/home/shiokaze/Documents/pi/pico/tinyusb/src/device/usbd.c.obj
                0x000000001000364c                tud_init
 .text.tud_task
                0x0000000010003724      0x864 CMakeFiles/hid_composite.dir/home/shiokaze/Documents/pi/pico/tinyusb/src/device/usbd.c.obj
                0x0000000010003724                tud_task
 .text.dcd_event_bus_signal
                0x0000000010003f88      0x128 CMakeFiles/hid_composite.dir/home/shiokaze/Documents/pi/pico/tinyusb/src/device/usbd.c.obj
                0x0000000010003f88                dcd_event_bus_signal
 .text.dcd_event_bus_reset
                0x00000000100040b0       0x54 CMakeFiles/hid_composite.dir/home/shiokaze/Documents/pi/pico/tinyusb/src/device/usbd.c.obj
                0x00000000100040b0                dcd_event_bus_reset
 .text.dcd_event_setup_received
                0x0000000010004104       0x5c CMakeFiles/hid_composite.dir/home/shiokaze/Documents/pi/pico/tinyusb/src/device/usbd.c.obj
                0x0000000010004104                dcd_event_setup_received
 .text.dcd_event_xfer_complete
                0x0000000010004160       0x68 CMakeFiles/hid_composite.dir/home/shiokaze/Documents/pi/pico/tinyusb/src/device/usbd.c.obj
                0x0000000010004160                dcd_event_xfer_complete
 .text.usbd_open_edpt_pair
                0x00000000100041c8       0xb0 CMakeFiles/hid_composite.dir/home/shiokaze/Documents/pi/pico/tinyusb/src/device/usbd.c.obj
                0x00000000100041c8                usbd_open_edpt_pair
 .text.usbd_edpt_claim
                0x0000000010004278       0x5c CMakeFiles/hid_composite.dir/home/shiokaze/Documents/pi/pico/tinyusb/src/device/usbd.c.obj
                0x0000000010004278                usbd_edpt_claim
 .text.usbd_edpt_xfer
                0x00000000100042d4       0x48 CMakeFiles/hid_composite.dir/home/shiokaze/Documents/pi/pico/tinyusb/src/device/usbd.c.obj
                0x00000000100042d4                usbd_edpt_xfer
 .text.usbd_edpt_busy
                0x000000001000431c       0x1c CMakeFiles/hid_composite.dir/home/shiokaze/Documents/pi/pico/tinyusb/src/device/usbd.c.obj
                0x000000001000431c                usbd_edpt_busy
 .text.tud_control_status
                0x0000000010004338       0x30 CMakeFiles/hid_composite.dir/home/shiokaze/Documents/pi/pico/tinyusb/src/device/usbd_control.c.obj
                0x0000000010004338                tud_control_status
 .text.tud_control_xfer
                0x0000000010004368       0xac CMakeFiles/hid_composite.dir/home/shiokaze/Documents/pi/pico/tinyusb/src/device/usbd_control.c.obj
                0x0000000010004368                tud_control_xfer
 .text.usbd_control_reset
                0x0000000010004414       0x14 CMakeFiles/hid_composite.dir/home/shiokaze/Documents/pi/pico/tinyusb/src/device/usbd_control.c.obj
                0x0000000010004414                usbd_control_reset
 .text.usbd_control_set_complete_callback
                0x0000000010004428        0xc CMakeFiles/hid_composite.dir/home/shiokaze/Documents/pi/pico/tinyusb/src/device/usbd_control.c.obj
                0x0000000010004428                usbd_control_set_complete_callback
 .text.usbd_control_set_request
                0x0000000010004434       0x1c CMakeFiles/hid_composite.dir/home/shiokaze/Documents/pi/pico/tinyusb/src/device/usbd_control.c.obj
                0x0000000010004434                usbd_control_set_request
 .text.usbd_control_xfer_cb
                0x0000000010004450       0xf8 CMakeFiles/hid_composite.dir/home/shiokaze/Documents/pi/pico/tinyusb/src/device/usbd_control.c.obj
                0x0000000010004450                usbd_control_xfer_cb
 .text.tud_hid_n_ready
                0x0000000010004548       0x38 CMakeFiles/hid_composite.dir/home/shiokaze/Documents/pi/pico/tinyusb/src/class/hid/hid_device.c.obj
                0x0000000010004548                tud_hid_n_ready
 .text.tud_hid_n_report
                0x0000000010004580       0x88 CMakeFiles/hid_composite.dir/home/shiokaze/Documents/pi/pico/tinyusb/src/class/hid/hid_device.c.obj
                0x0000000010004580                tud_hid_n_report
 .text.tud_hid_n_keyboard_report
                0x0000000010004608       0x90 CMakeFiles/hid_composite.dir/home/shiokaze/Documents/pi/pico/tinyusb/src/class/hid/hid_device.c.obj
                0x0000000010004608                tud_hid_n_keyboard_report
 .text.tud_hid_n_mouse_report
                0x0000000010004698       0xac CMakeFiles/hid_composite.dir/home/shiokaze/Documents/pi/pico/tinyusb/src/class/hid/hid_device.c.obj
                0x0000000010004698                tud_hid_n_mouse_report
 .text.hidd_init
                0x0000000010004744       0x14 CMakeFiles/hid_composite.dir/home/shiokaze/Documents/pi/pico/tinyusb/src/class/hid/hid_device.c.obj
                0x0000000010004744                hidd_init
 .text.hidd_reset
                0x0000000010004758       0x14 CMakeFiles/hid_composite.dir/home/shiokaze/Documents/pi/pico/tinyusb/src/class/hid/hid_device.c.obj
                0x0000000010004758                hidd_reset
 .text.hidd_open
                0x000000001000476c       0x8c CMakeFiles/hid_composite.dir/home/shiokaze/Documents/pi/pico/tinyusb/src/class/hid/hid_device.c.obj
                0x000000001000476c                hidd_open
 .text.hidd_control_xfer_cb
                0x00000000100047f8      0x19c CMakeFiles/hid_composite.dir/home/shiokaze/Documents/pi/pico/tinyusb/src/class/hid/hid_device.c.obj
                0x00000000100047f8                hidd_control_xfer_cb
 .text.hidd_xfer_cb
                0x0000000010004994       0x64 CMakeFiles/hid_composite.dir/home/shiokaze/Documents/pi/pico/tinyusb/src/class/hid/hid_device.c.obj
                0x0000000010004994                hidd_xfer_cb
 .text.tusb_init
                0x00000000100049f8        0xc CMakeFiles/hid_composite.dir/home/shiokaze/Documents/pi/pico/tinyusb/src/tusb.c.obj
                0x00000000100049f8                tusb_init
 .text.tusb_inited
                0x0000000010004a04        0x8 CMakeFiles/hid_composite.dir/home/shiokaze/Documents/pi/pico/tinyusb/src/tusb.c.obj
                0x0000000010004a04                tusb_inited
 .text.tu_edpt_validate
                0x0000000010004a0c       0x74 CMakeFiles/hid_composite.dir/home/shiokaze/Documents/pi/pico/tinyusb/src/tusb.c.obj
                0x0000000010004a0c                tu_edpt_validate
 .text.tu_edpt_bind_driver
                0x0000000010004a80       0x3c CMakeFiles/hid_composite.dir/home/shiokaze/Documents/pi/pico/tinyusb/src/tusb.c.obj
                0x0000000010004a80                tu_edpt_bind_driver
 .text.tu_fifo_read
                0x0000000010004abc       0x9c CMakeFiles/hid_composite.dir/home/shiokaze/Documents/pi/pico/tinyusb/src/common/tusb_fifo.c.obj
                0x0000000010004abc                tu_fifo_read
 .text.tu_fifo_write
                0x0000000010004b58       0x88 CMakeFiles/hid_composite.dir/home/shiokaze/Documents/pi/pico/tinyusb/src/common/tusb_fifo.c.obj
                0x0000000010004b58                tu_fifo_write
 .text.tu_fifo_clear
                0x0000000010004be0       0x4c CMakeFiles/hid_composite.dir/home/shiokaze/Documents/pi/pico/tinyusb/src/common/tusb_fifo.c.obj
                0x0000000010004be0                tu_fifo_clear
 .text.hw_enumeration_fix_force_ls_j_done
                0x0000000010004c2c       0x48 CMakeFiles/hid_composite.dir/home/shiokaze/Documents/pi/pico/pico-sdk/src/rp2_common/pico_fix/rp2040_usb_device_enumeration/rp2040_usb_device_enumeration.c.obj
                0x0000000010004c2c                hw_enumeration_fix_force_ls_j_done
 .text.hw_enumeration_fix_force_ls_j
                0x0000000010004c74      0x10c CMakeFiles/hid_composite.dir/home/shiokaze/Documents/pi/pico/pico-sdk/src/rp2_common/pico_fix/rp2040_usb_device_enumeration/rp2040_usb_device_enumeration.c.obj
 .text.hw_enumeration_fix_wait_se0_callback
                0x0000000010004d80       0x24 CMakeFiles/hid_composite.dir/home/shiokaze/Documents/pi/pico/pico-sdk/src/rp2_common/pico_fix/rp2040_usb_device_enumeration/rp2040_usb_device_enumeration.c.obj
                0x0000000010004d80                hw_enumeration_fix_wait_se0_callback
 .text.rp2040_usb_device_enumeration_fix
                0x0000000010004da4       0x60 CMakeFiles/hid_composite.dir/home/shiokaze/Documents/pi/pico/pico-sdk/src/rp2_common/pico_fix/rp2040_usb_device_enumeration/rp2040_usb_device_enumeration.c.obj
                0x0000000010004da4                rp2040_usb_device_enumeration_fix
 .text          0x0000000010004e04      0x558 /usr/lib/gcc/arm-none-eabi/6.3.1/../../../arm-none-eabi/lib/thumb/v6-m/libc.a(lib_a-mallocr.o)
                0x0000000010004e04                _malloc_r
 .text          0x000000001000535c        0x8 /usr/lib/gcc/arm-none-eabi/6.3.1/../../../arm-none-eabi/lib/thumb/v6-m/libc.a(lib_a-mlock.o)
                0x000000001000535c                __malloc_lock
                0x0000000010005360                __malloc_unlock
 .text          0x0000000010005364       0x24 /usr/lib/gcc/arm-none-eabi/6.3.1/../../../arm-none-eabi/lib/thumb/v6-m/libc.a(lib_a-sbrkr.o)
                0x0000000010005364                _sbrk_r
 .text          0x0000000010005388       0x64 /usr/lib/gcc/arm-none-eabi/6.3.1/../../../arm-none-eabi/lib/thumb/v6-m/libc.a(lib_a-strlen-stub.o)
                0x0000000010005388                strlen
 .text          0x00000000100053ec       0xd4 /usr/lib/gcc/arm-none-eabi/6.3.1/../../../arm-none-eabi/lib/thumb/v6-m/libc.a(lib_a-wbuf.o)
                0x00000000100053ec                __swbuf_r
                0x00000000100054a8                __swbuf
 .text          0x00000000100054c0       0xd4 /usr/lib/gcc/arm-none-eabi/6.3.1/../../../arm-none-eabi/lib/thumb/v6-m/libc.a(lib_a-wsetup.o)
                0x00000000100054c0                __swsetup_r
 .text          0x0000000010005594      0x1a4 /usr/lib/gcc/arm-none-eabi/6.3.1/../../../arm-none-eabi/lib/thumb/v6-m/libc.a(lib_a-fflush.o)
                0x0000000010005594                __sflush_r
                0x00000000100056e4                _fflush_r
                0x0000000010005710                fflush
 .text          0x0000000010005738      0x22c /usr/lib/gcc/arm-none-eabi/6.3.1/../../../arm-none-eabi/lib/thumb/v6-m/libc.a(lib_a-findfp.o)
                0x000000001000573c                _cleanup_r
                0x0000000010005840                __sfmoreglue
                0x0000000010005870                __sfp
                0x00000000100058fc                _cleanup
                0x0000000010005914                __sinit
                0x0000000010005924                __sfp_lock_acquire
                0x0000000010005928                __sfp_lock_release
                0x000000001000592c                __sinit_lock_acquire
                0x0000000010005930                __sinit_lock_release
                0x0000000010005934                __fp_lock_all
                0x000000001000594c                __fp_unlock_all
 .text          0x0000000010005964      0x25c /usr/lib/gcc/arm-none-eabi/6.3.1/../../../arm-none-eabi/lib/thumb/v6-m/libc.a(lib_a-freer.o)
                0x0000000010005964                _malloc_trim_r
                0x0000000010005a04                _free_r
 .text          0x0000000010005bc0       0x90 /usr/lib/gcc/arm-none-eabi/6.3.1/../../../arm-none-eabi/lib/thumb/v6-m/libc.a(lib_a-fwalk.o)
                0x0000000010005bc0                _fwalk
                0x0000000010005c04                _fwalk_reent
 .text          0x0000000010005c50       0xe8 /usr/lib/gcc/arm-none-eabi/6.3.1/../../../arm-none-eabi/lib/thumb/v6-m/libc.a(lib_a-makebuf.o)
                0x0000000010005c50                __swhatbuf_r
                0x0000000010005cb0                __smakebuf_r
 .text          0x0000000010005d38       0xa0 /usr/lib/gcc/arm-none-eabi/6.3.1/../../../arm-none-eabi/lib/thumb/v6-m/libc.a(lib_a-stdio.o)
                0x0000000010005d38                __sread
                0x0000000010005d60                __seofread
                0x0000000010005d64                __swrite
                0x0000000010005da0                __sseek
                0x0000000010005dcc                __sclose
 .text          0x0000000010005dd8       0x28 /usr/lib/gcc/arm-none-eabi/6.3.1/../../../arm-none-eabi/lib/thumb/v6-m/libc.a(lib_a-writer.o)
                0x0000000010005dd8                _write_r
 .text          0x0000000010005e00       0x24 /usr/lib/gcc/arm-none-eabi/6.3.1/../../../arm-none-eabi/lib/thumb/v6-m/libc.a(lib_a-closer.o)
                0x0000000010005e00                _close_r
 .text          0x0000000010005e24       0xa0 /usr/lib/gcc/arm-none-eabi/6.3.1/../../../arm-none-eabi/lib/thumb/v6-m/libc.a(lib_a-fclose.o)
                0x0000000010005e24                _fclose_r
                0x0000000010005eb0                fclose
 .text          0x0000000010005ec4       0x28 /usr/lib/gcc/arm-none-eabi/6.3.1/../../../arm-none-eabi/lib/thumb/v6-m/libc.a(lib_a-fstatr.o)
                0x0000000010005ec4                _fstat_r
 .text          0x0000000010005eec       0x24 /usr/lib/gcc/arm-none-eabi/6.3.1/../../../arm-none-eabi/lib/thumb/v6-m/libc.a(lib_a-isattyr.o)
                0x0000000010005eec                _isatty_r
 .text          0x0000000010005f10       0x28 /usr/lib/gcc/arm-none-eabi/6.3.1/../../../arm-none-eabi/lib/thumb/v6-m/libc.a(lib_a-lseekr.o)
                0x0000000010005f10                _lseek_r
 .text          0x0000000010005f38       0x28 /usr/lib/gcc/arm-none-eabi/6.3.1/../../../arm-none-eabi/lib/thumb/v6-m/libc.a(lib_a-readr.o)
                0x0000000010005f38                _read_r
 .text          0x0000000010005f60       0x10 /usr/lib/gcc/arm-none-eabi/6.3.1/../../../arm-none-eabi/lib/thumb/v6-m/libnosys.a(close.o)
                0x0000000010005f60                _close
 .text          0x0000000010005f70       0x10 /usr/lib/gcc/arm-none-eabi/6.3.1/../../../arm-none-eabi/lib/thumb/v6-m/libnosys.a(fstat.o)
                0x0000000010005f70                _fstat
 .text          0x0000000010005f80       0x10 /usr/lib/gcc/arm-none-eabi/6.3.1/../../../arm-none-eabi/lib/thumb/v6-m/libnosys.a(isatty.o)
                0x0000000010005f80                _isatty
 .text          0x0000000010005f90       0x10 /usr/lib/gcc/arm-none-eabi/6.3.1/../../../arm-none-eabi/lib/thumb/v6-m/libnosys.a(lseek.o)
                0x0000000010005f90                _lseek
 *(.fini)
 .fini          0x0000000010005fa0        0x4 /usr/lib/gcc/arm-none-eabi/6.3.1/thumb/v6-m/crti.o
                0x0000000010005fa0                _fini
 *fill*         0x0000000010005fa4        0x4 
 .fini.__stub   0x0000000010005fa8       0x70 linker stubs
 *crtbegin.o(.ctors)
 *crtbegin?.o(.ctors)
 *(EXCLUDE_FILE(*crtend.o *crtend?.o) .ctors)
 *(SORT(.ctors.*))
 *(.ctors)
 *crtbegin.o(.dtors)
 *crtbegin?.o(.dtors)
 *(EXCLUDE_FILE(*crtend.o *crtend?.o) .dtors)
 *(SORT(.dtors.*))
 *(.dtors)
 *(.eh_frame*)
 .eh_frame      0x0000000010006018        0x0 /usr/lib/gcc/arm-none-eabi/6.3.1/thumb/v6-m/crtbegin.o
                0x0000000010006018                . = ALIGN (0x4)

.glue_7         0x0000000010006018        0x0
 .glue_7        0x0000000010006018        0x0 linker stubs

.glue_7t        0x0000000010006018        0x0
 .glue_7t       0x0000000010006018        0x0 linker stubs

.vfp11_veneer   0x0000000010006018        0x0
 .vfp11_veneer  0x0000000010006018        0x0 linker stubs

.v4_bx          0x0000000010006018        0x0
 .v4_bx         0x0000000010006018        0x0 linker stubs

.iplt           0x0000000010006018        0x0
 .iplt          0x0000000010006018        0x0 /usr/lib/gcc/arm-none-eabi/6.3.1/thumb/v6-m/crtbegin.o

.rodata         0x0000000010006018      0x3c4
 *(EXCLUDE_FILE(*libm.a: *libc.a:*lib_a-mem*.o *libgcc.a:) .rodata*)
 .rodata.__compound_literal.0
                0x0000000010006018        0x2 CMakeFiles/hid_composite.dir/src/usb_descriptors.c.obj
 *fill*         0x000000001000601a        0x2 
 .rodata.desc_configuration
                0x000000001000601c       0x22 CMakeFiles/hid_composite.dir/src/usb_descriptors.c.obj
                0x000000001000601c                desc_configuration
 *fill*         0x000000001000603e        0x2 
 .rodata.desc_device
                0x0000000010006040       0x12 CMakeFiles/hid_composite.dir/src/usb_descriptors.c.obj
                0x0000000010006040                desc_device
 *fill*         0x0000000010006052        0x2 
 .rodata.desc_hid_report
                0x0000000010006054       0xef CMakeFiles/hid_composite.dir/src/usb_descriptors.c.obj
                0x0000000010006054                desc_hid_report
 *fill*         0x0000000010006143        0x1 
 .rodata.str1.4
                0x0000000010006144       0x1f CMakeFiles/hid_composite.dir/src/usb_descriptors.c.obj
 *fill*         0x0000000010006163        0x1 
 .rodata.spin_lock_claim_unused.str1.4
                0x0000000010006164       0x1b CMakeFiles/hid_composite.dir/home/shiokaze/Documents/pi/pico/pico-sdk/src/rp2_common/hardware_sync/sync.c.obj
 *fill*         0x000000001000617f        0x1 
 .rodata.at_the_end_of_time
                0x0000000010006180        0x8 CMakeFiles/hid_composite.dir/home/shiokaze/Documents/pi/pico/pico-sdk/src/common/pico_time/time.c.obj
                0x0000000010006180                at_the_end_of_time
 .rodata.hardware_alarm_claim.str1.4
                0x0000000010006188       0x22 CMakeFiles/hid_composite.dir/home/shiokaze/Documents/pi/pico/pico-sdk/src/rp2_common/hardware_timer/timer.c.obj
 *fill*         0x00000000100061aa        0x2 
 .rodata.hard_assertion_failure.str1.4
                0x00000000100061ac        0xc CMakeFiles/hid_composite.dir/home/shiokaze/Documents/pi/pico/pico-sdk/src/rp2_common/pico_runtime/runtime.c.obj
 .rodata.panic.str1.4
                0x00000000100061b8       0x12 CMakeFiles/hid_composite.dir/home/shiokaze/Documents/pi/pico/pico-sdk/src/rp2_common/pico_runtime/runtime.c.obj
 *fill*         0x00000000100061ca        0x2 
 .rodata.__bi_44
                0x00000000100061cc        0xc CMakeFiles/hid_composite.dir/home/shiokaze/Documents/pi/pico/pico-sdk/src/rp2_common/pico_standard_link/binary_info.c.obj
 .rodata.__bi_75
                0x00000000100061d8        0xc CMakeFiles/hid_composite.dir/home/shiokaze/Documents/pi/pico/pico-sdk/src/rp2_common/pico_standard_link/binary_info.c.obj
 .rodata.__bi_81
                0x00000000100061e4        0xc CMakeFiles/hid_composite.dir/home/shiokaze/Documents/pi/pico/pico-sdk/src/rp2_common/pico_standard_link/binary_info.c.obj
 .rodata.str1.4
                0x00000000100061f0       0x44 CMakeFiles/hid_composite.dir/home/shiokaze/Documents/pi/pico/pico-sdk/src/rp2_common/pico_standard_link/binary_info.c.obj
 .rodata.crlf_str.5896
                0x0000000010006234        0x2 CMakeFiles/hid_composite.dir/home/shiokaze/Documents/pi/pico/pico-sdk/src/rp2_common/pico_stdio/stdio.c.obj
 *fill*         0x0000000010006236        0x2 
 .rodata.__bi_35
                0x0000000010006238        0xc CMakeFiles/hid_composite.dir/home/shiokaze/Documents/pi/pico/pico-sdk/src/rp2_common/pico_bootsel_via_double_reset/pico_bootsel_via_double_reset.c.obj
 .rodata.str1.4
                0x0000000010006244       0x18 CMakeFiles/hid_composite.dir/home/shiokaze/Documents/pi/pico/pico-sdk/src/rp2_common/pico_bootsel_via_double_reset/pico_bootsel_via_double_reset.c.obj
 .rodata.__bi_121.7467
                0x000000001000625c        0xc CMakeFiles/hid_composite.dir/home/shiokaze/Documents/pi/pico/tinyusb/hw/bsp/rp2040/family.c.obj
 .rodata.__bi_131.7470
                0x0000000010006268        0x8 CMakeFiles/hid_composite.dir/home/shiokaze/Documents/pi/pico/tinyusb/hw/bsp/rp2040/family.c.obj
 .rodata.str1.4
                0x0000000010006270        0x4 CMakeFiles/hid_composite.dir/home/shiokaze/Documents/pi/pico/tinyusb/hw/bsp/rp2040/family.c.obj
 .rodata.dcd_rp2040_irq.str1.4
                0x0000000010006274       0x14 CMakeFiles/hid_composite.dir/home/shiokaze/Documents/pi/pico/tinyusb/src/portable/raspberrypi/rp2040/dcd_rp2040.c.obj
 .rodata._hw_endpoint_buffer_control_update32.str1.4
                0x0000000010006288       0x1f CMakeFiles/hid_composite.dir/home/shiokaze/Documents/pi/pico/tinyusb/src/portable/raspberrypi/rp2040/rp2040_usb.c.obj
 *fill*         0x00000000100062a7        0x1 
 .rodata.hw_endpoint_xfer_continue.str1.4
                0x00000000100062a8       0x29 CMakeFiles/hid_composite.dir/home/shiokaze/Documents/pi/pico/tinyusb/src/portable/raspberrypi/rp2040/rp2040_usb.c.obj
 *fill*         0x00000000100062d1        0x3 
 .rodata.str1.4
                0x00000000100062d4        0x7 CMakeFiles/hid_composite.dir/home/shiokaze/Documents/pi/pico/tinyusb/src/portable/raspberrypi/rp2040/rp2040_usb.c.obj
 *fill*         0x00000000100062db        0x1 
 .rodata.tud_task
                0x00000000100062dc       0x8c CMakeFiles/hid_composite.dir/home/shiokaze/Documents/pi/pico/tinyusb/src/device/usbd.c.obj
 .rodata._usbd_driver
                0x0000000010006368       0x18 CMakeFiles/hid_composite.dir/home/shiokaze/Documents/pi/pico/tinyusb/src/device/usbd.c.obj
 .rodata.hidd_control_xfer_cb
                0x0000000010006380       0x30 CMakeFiles/hid_composite.dir/home/shiokaze/Documents/pi/pico/tinyusb/src/class/hid/hid_device.c.obj
 .rodata.hw_enumeration_fix_force_ls_j.str1.4
                0x00000000100063b0       0x22 CMakeFiles/hid_composite.dir/home/shiokaze/Documents/pi/pico/pico-sdk/src/rp2_common/pico_fix/rp2040_usb_device_enumeration/rp2040_usb_device_enumeration.c.obj
 *fill*         0x00000000100063d2        0x2 
 .rodata        0x00000000100063d4        0x4 /usr/lib/gcc/arm-none-eabi/6.3.1/../../../arm-none-eabi/lib/thumb/v6-m/libc.a(lib_a-impure.o)
                0x00000000100063d4                _global_impure_ptr
 .rodata.str1.4
                0x00000000100063d8        0x4 /usr/lib/gcc/arm-none-eabi/6.3.1/../../../arm-none-eabi/lib/thumb/v6-m/libc.a(lib_a-impure.o)
                                          0x2 (size before relaxing)
                0x00000000100063dc                . = ALIGN (0x4)
 *(SORT(.flashdata*))
                0x00000000100063dc                . = ALIGN (0x4)

.rel.dyn        0x00000000100063dc        0x0
 .rel.iplt      0x00000000100063dc        0x0 /usr/lib/gcc/arm-none-eabi/6.3.1/thumb/v6-m/crtbegin.o

.ARM.extab
 *(.ARM.extab* .gnu.linkonce.armextab.*)
                0x00000000100063dc                __exidx_start = .

.ARM.exidx
 *(.ARM.exidx* .gnu.linkonce.armexidx.*)
                0x00000000100063dc                __exidx_end = .
                0x00000000100063dc                . = ALIGN (0x4)
                0x00000000100063dc                __binary_info_start = .

.binary_info    0x00000000100063dc       0x28
 *(.binary_info.keep.*)
 .binary_info.keep.__bi_ptr22
                0x00000000100063dc        0x4 CMakeFiles/hid_composite.dir/home/shiokaze/Documents/pi/pico/pico-sdk/src/rp2_common/pico_standard_link/binary_info.c.obj
 .binary_info.keep.__bi_ptr30
                0x00000000100063e0        0x4 CMakeFiles/hid_composite.dir/home/shiokaze/Documents/pi/pico/pico-sdk/src/rp2_common/pico_standard_link/binary_info.c.obj
 .binary_info.keep.__bi_ptr38
                0x00000000100063e4        0x4 CMakeFiles/hid_composite.dir/home/shiokaze/Documents/pi/pico/pico-sdk/src/rp2_common/pico_standard_link/binary_info.c.obj
 .binary_info.keep.__bi_ptr44
                0x00000000100063e8        0x4 CMakeFiles/hid_composite.dir/home/shiokaze/Documents/pi/pico/pico-sdk/src/rp2_common/pico_standard_link/binary_info.c.obj
 .binary_info.keep.__bi_ptr50
                0x00000000100063ec        0x4 CMakeFiles/hid_composite.dir/home/shiokaze/Documents/pi/pico/pico-sdk/src/rp2_common/pico_standard_link/binary_info.c.obj
 .binary_info.keep.__bi_ptr75
                0x00000000100063f0        0x4 CMakeFiles/hid_composite.dir/home/shiokaze/Documents/pi/pico/pico-sdk/src/rp2_common/pico_standard_link/binary_info.c.obj
 .binary_info.keep.__bi_ptr81
                0x00000000100063f4        0x4 CMakeFiles/hid_composite.dir/home/shiokaze/Documents/pi/pico/pico-sdk/src/rp2_common/pico_standard_link/binary_info.c.obj
 .binary_info.keep.__bi_ptr35
                0x00000000100063f8        0x4 CMakeFiles/hid_composite.dir/home/shiokaze/Documents/pi/pico/pico-sdk/src/rp2_common/pico_bootsel_via_double_reset/pico_bootsel_via_double_reset.c.obj
 .binary_info.keep.__bi_ptr121
                0x00000000100063fc        0x4 CMakeFiles/hid_composite.dir/home/shiokaze/Documents/pi/pico/tinyusb/hw/bsp/rp2040/family.c.obj
 .binary_info.keep.__bi_ptr131
                0x0000000010006400        0x4 CMakeFiles/hid_composite.dir/home/shiokaze/Documents/pi/pico/tinyusb/hw/bsp/rp2040/family.c.obj
 *(.binary_info.*)
                0x0000000010006404                __binary_info_end = .
                0x0000000010006404                . = ALIGN (0x4)
                0x0000000010006404                __etext = .

.ram_vector_table
                0x0000000020000000       0xc0
 *(.ram_vector_table)
 .ram_vector_table
                0x0000000020000000       0xc0 CMakeFiles/hid_composite.dir/home/shiokaze/Documents/pi/pico/pico-sdk/src/rp2_common/pico_runtime/runtime.c.obj
                0x0000000020000000                ram_vector_table

.data           0x00000000200000c0      0xbc0 load address 0x0000000010006404
                0x00000000200000c0                __data_start__ = .
 *(vtable)
 *(.time_critical*)
 .time_critical.mutex_enter_blocking
                0x00000000200000c0       0x68 CMakeFiles/hid_composite.dir/home/shiokaze/Documents/pi/pico/pico-sdk/src/common/pico_sync/mutex.c.obj
                0x00000000200000c0                mutex_enter_blocking
 .time_critical.mutex_try_enter
                0x0000000020000128       0x5c CMakeFiles/hid_composite.dir/home/shiokaze/Documents/pi/pico/pico-sdk/src/common/pico_sync/mutex.c.obj
                0x0000000020000128                mutex_try_enter
 .time_critical.mutex_enter_timeout_ms
                0x0000000020000184       0xb4 CMakeFiles/hid_composite.dir/home/shiokaze/Documents/pi/pico/pico-sdk/src/common/pico_sync/mutex.c.obj
                0x0000000020000184                mutex_enter_timeout_ms
 .time_critical.mutex_exit
                0x0000000020000238       0x5c CMakeFiles/hid_composite.dir/home/shiokaze/Documents/pi/pico/pico-sdk/src/common/pico_sync/mutex.c.obj
                0x0000000020000238                mutex_exit
 .time_critical.get_bootsel_button
                0x0000000020000294       0x64 CMakeFiles/hid_composite.dir/home/shiokaze/Documents/pi/pico/tinyusb/hw/bsp/rp2040/family.c.obj
                0x0000000020000294                get_bootsel_button
 *(.text*)
 .text          0x00000000200002f8        0x4 /usr/lib/gcc/arm-none-eabi/6.3.1/thumb/v6-m/libgcc.a(_dvmd_tls.o)
                0x00000000200002f8                __aeabi_ldiv0
                0x00000000200002f8                __aeabi_idiv0
 *fill*         0x00000000200002fc        0x4 
 .text.__stub   0x0000000020000300       0x30 linker stubs
                0x0000000020000330                . = ALIGN (0x4)
 *(.rodata*)
                0x0000000020000330                . = ALIGN (0x4)
 *(.data*)
 .data.blink_interval_ms
                0x0000000020000330        0x4 CMakeFiles/hid_composite.dir/src/main.c.obj
 .data.string_desc_arr
                0x0000000020000334       0x10 CMakeFiles/hid_composite.dir/src/usb_descriptors.c.obj
                0x0000000020000334                string_desc_arr
 .data.striped_spin_lock_num
                0x0000000020000344        0x1 CMakeFiles/hid_composite.dir/home/shiokaze/Documents/pi/pico/pico-sdk/src/rp2_common/hardware_sync/sync.c.obj
 *fill*         0x0000000020000345        0x3 
 .data.default_alarm_pool
                0x0000000020000348       0x18 CMakeFiles/hid_composite.dir/home/shiokaze/Documents/pi/pico/pico-sdk/src/common/pico_time/time.c.obj
 .data.default_alarm_pool_heap
                0x0000000020000360       0x10 CMakeFiles/hid_composite.dir/home/shiokaze/Documents/pi/pico/pico-sdk/src/common/pico_time/time.c.obj
 .data          0x0000000020000370       0x48 CMakeFiles/hid_composite.dir/home/shiokaze/Documents/pi/pico/pico-sdk/src/rp2_common/hardware_irq/irq_handler_chain.S.obj
                0x0000000020000370                irq_handler_chain_slots
                0x00000000200003a0                irq_handler_chain_first_slot
                0x00000000200003aa                irq_handler_chain_remove_tail
 *fill*         0x00000000200003b8        0x8 
 .data.aeabi_bits_funcs
                0x00000000200003c0       0x10 CMakeFiles/hid_composite.dir/home/shiokaze/Documents/pi/pico/pico-sdk/src/rp2_common/pico_bit_ops/bit_ops_aeabi.S.obj
                0x00000000200003c0                aeabi_bits_funcs
                0x00000000200003d0                aeabi_bits_funcs_end
 .data.aeabi_mem_funcs
                0x00000000200003d0       0x10 CMakeFiles/hid_composite.dir/home/shiokaze/Documents/pi/pico/pico-sdk/src/rp2_common/pico_mem_ops/mem_ops_aeabi.S.obj
                0x00000000200003d0                aeabi_mem_funcs
                0x00000000200003e0                aeabi_mem_funcs_end
 .data.stdio_uart
                0x00000000200003e0       0x14 CMakeFiles/hid_composite.dir/home/shiokaze/Documents/pi/pico/pico-sdk/src/rp2_common/pico_stdio_uart/stdio_uart.c.obj
                0x00000000200003e0                stdio_uart
 .data.ep_dir_string
                0x00000000200003f4        0x8 CMakeFiles/hid_composite.dir/home/shiokaze/Documents/pi/pico/tinyusb/src/portable/raspberrypi/rp2040/rp2040_usb.c.obj
                0x00000000200003f4                ep_dir_string
 .data._usbd_qdef
                0x00000000200003fc       0x24 CMakeFiles/hid_composite.dir/home/shiokaze/Documents/pi/pico/tinyusb/src/device/usbd.c.obj
                0x00000000200003fc                _usbd_qdef
 .data          0x0000000020000420      0x430 /usr/lib/gcc/arm-none-eabi/6.3.1/../../../arm-none-eabi/lib/thumb/v6-m/libc.a(lib_a-impure.o)
                0x0000000020000420                _impure_ptr
 .data          0x0000000020000850      0x410 /usr/lib/gcc/arm-none-eabi/6.3.1/../../../arm-none-eabi/lib/thumb/v6-m/libc.a(lib_a-mallocr.o)
                0x0000000020000850                __malloc_av_
                0x0000000020000c58                __malloc_sbrk_base
                0x0000000020000c5c                __malloc_trim_threshold
                0x0000000020000c60                . = ALIGN (0x4)
 *(.after_data.*)
                0x0000000020000c60                . = ALIGN (0x4)
                0x0000000020000c60                PROVIDE (__mutex_array_start, .)
 *(SORT(.mutex_array.*))
 *(.mutex_array)
 .mutex_array   0x0000000020000c60        0x8 CMakeFiles/hid_composite.dir/home/shiokaze/Documents/pi/pico/pico-sdk/src/rp2_common/pico_stdio/stdio.c.obj
                0x0000000020000c68                PROVIDE (__mutex_array_end, .)
                0x0000000020000c68                . = ALIGN (0x4)
                0x0000000020000c68                PROVIDE (__preinit_array_start, .)
 *(SORT(.preinit_array.*))
 .preinit_array.00001
                0x0000000020000c68        0x4 CMakeFiles/hid_composite.dir/home/shiokaze/Documents/pi/pico/pico-sdk/src/rp2_common/pico_mem_ops/mem_ops_aeabi.S.obj
 .preinit_array.00010
                0x0000000020000c6c        0x4 CMakeFiles/hid_composite.dir/home/shiokaze/Documents/pi/pico/pico-sdk/src/rp2_common/pico_bit_ops/bit_ops_aeabi.S.obj
 .preinit_array.00020
                0x0000000020000c70        0x4 CMakeFiles/hid_composite.dir/home/shiokaze/Documents/pi/pico/pico-sdk/src/rp2_common/pico_double/double_aeabi.S.obj
 .preinit_array.00020
                0x0000000020000c74        0x4 CMakeFiles/hid_composite.dir/home/shiokaze/Documents/pi/pico/pico-sdk/src/rp2_common/pico_float/float_aeabi.S.obj
 *(.preinit_array)
                0x0000000020000c78                PROVIDE (__preinit_array_end, .)
                0x0000000020000c78                . = ALIGN (0x4)
                0x0000000020000c78                PROVIDE (__init_array_start, .)
 *(SORT(.init_array.*))
 *(.init_array)
 .init_array    0x0000000020000c78        0x4 /usr/lib/gcc/arm-none-eabi/6.3.1/thumb/v6-m/crtbegin.o
 .init_array    0x0000000020000c7c        0x4 CMakeFiles/hid_composite.dir/home/shiokaze/Documents/pi/pico/pico-sdk/src/rp2_common/pico_bootsel_via_double_reset/pico_bootsel_via_double_reset.c.obj
                0x0000000020000c80                PROVIDE (__init_array_end, .)
                0x0000000020000c80                . = ALIGN (0x4)
                0x0000000020000c80                PROVIDE (__fini_array_start, .)
 *(SORT(.fini_array.*))
 *(.fini_array)
                0x0000000020000c80                PROVIDE (__fini_array_end, .)
 *(.jcr)
 .jcr           0x0000000020000c80        0x0 /usr/lib/gcc/arm-none-eabi/6.3.1/thumb/v6-m/crtbegin.o
                0x0000000020000c80                . = ALIGN (0x4)
                0x0000000020000c80                __data_end__ = .

.tm_clone_table
                0x0000000020000c80        0x0 load address 0x0000000010006fc4
 .tm_clone_table
                0x0000000020000c80        0x0 /usr/lib/gcc/arm-none-eabi/6.3.1/thumb/v6-m/crtbegin.o
 .tm_clone_table
                0x0000000020000c80        0x0 /usr/lib/gcc/arm-none-eabi/6.3.1/thumb/v6-m/crtend.o

.igot.plt       0x0000000020000c80        0x0 load address 0x0000000010006fc4
 .igot.plt      0x0000000020000c80        0x0 /usr/lib/gcc/arm-none-eabi/6.3.1/thumb/v6-m/crtbegin.o

.uninitialized_ram.magic_location
                0x0000000020000c80        0xc load address 0x0000000010006fc4
 .uninitialized_ram.magic_location
                0x0000000020000c80        0xc CMakeFiles/hid_composite.dir/home/shiokaze/Documents/pi/pico/pico-sdk/src/rp2_common/pico_bootsel_via_double_reset/pico_bootsel_via_double_reset.c.obj

.uninitialized_data
                0x0000000020000c8c        0x0 load address 0x0000000010006fd0
                0x0000000020000c8c                . = ALIGN (0x4)
 *(.uninitialized_data*)

.scratch_x      0x0000000020040000        0x0 load address 0x0000000010006fd0
                0x0000000020040000                __scratch_x_start__ = .
 *(.scratch_x.*)
                0x0000000020040000                . = ALIGN (0x4)
                0x0000000020040000                __scratch_x_end__ = .
                0x0000000010006fd0                __scratch_x_source__ = LOADADDR (.scratch_x)

.scratch_y      0x0000000020041000        0x0 load address 0x0000000010006fd0
                0x0000000020041000                __scratch_y_start__ = .
 *(.scratch_y.*)
                0x0000000020041000                . = ALIGN (0x4)
                0x0000000020041000                __scratch_y_end__ = .
                0x0000000010006fd0                __scratch_y_source__ = LOADADDR (.scratch_y)

.bss            0x0000000020000c90      0xa1c
                0x0000000020000c90                . = ALIGN (0x4)
                0x0000000020000c90                __bss_start__ = .
 *(SORT(.bss*))
 .bss.default_alarm_pool_entries
                0x0000000020000c90      0x100 CMakeFiles/hid_composite.dir/home/shiokaze/Documents/pi/pico/pico-sdk/src/common/pico_time/time.c.obj
 .bss           0x0000000020000d90       0x1c /usr/lib/gcc/arm-none-eabi/6.3.1/thumb/v6-m/crtbegin.o
 .bss           0x0000000020000dac       0x34 /usr/lib/gcc/arm-none-eabi/6.3.1/../../../arm-none-eabi/lib/thumb/v6-m/libc.a(lib_a-mallocr.o)
                0x0000000020000dac                __malloc_top_pad
                0x0000000020000db0                __malloc_current_mallinfo
                0x0000000020000dd8                __malloc_max_sbrked_mem
                0x0000000020000ddc                __malloc_max_total_mem
 .bss._app_driver
                0x0000000020000de0        0x4 CMakeFiles/hid_composite.dir/home/shiokaze/Documents/pi/pico/tinyusb/src/device/usbd.c.obj
 .bss._ctrl_xfer
                0x0000000020000de4       0x14 CMakeFiles/hid_composite.dir/home/shiokaze/Documents/pi/pico/tinyusb/src/device/usbd_control.c.obj
 .bss._desc_str
                0x0000000020000df8       0x40 CMakeFiles/hid_composite.dir/src/usb_descriptors.c.obj
 .bss._hidd_itf
                0x0000000020000e38       0x2c CMakeFiles/hid_composite.dir/home/shiokaze/Documents/pi/pico/tinyusb/src/class/hid/hid_device.c.obj
 .bss._ubsd_mutexdef
                0x0000000020000e64        0x8 CMakeFiles/hid_composite.dir/home/shiokaze/Documents/pi/pico/tinyusb/src/device/usbd.c.obj
 .bss._usbd_ctrl_buf
                0x0000000020000e6c       0x40 CMakeFiles/hid_composite.dir/home/shiokaze/Documents/pi/pico/tinyusb/src/device/usbd_control.c.obj
 .bss._usbd_dev
                0x0000000020000eac       0x53 CMakeFiles/hid_composite.dir/home/shiokaze/Documents/pi/pico/tinyusb/src/device/usbd.c.obj
 *fill*         0x0000000020000eff        0x1 
 .bss._usbd_mutex
                0x0000000020000f00        0x4 CMakeFiles/hid_composite.dir/home/shiokaze/Documents/pi/pico/tinyusb/src/device/usbd.c.obj
 .bss._usbd_q   0x0000000020000f04        0x4 CMakeFiles/hid_composite.dir/home/shiokaze/Documents/pi/pico/tinyusb/src/device/usbd.c.obj
 .bss.alarm_callbacks
                0x0000000020000f08       0x10 CMakeFiles/hid_composite.dir/home/shiokaze/Documents/pi/pico/pico-sdk/src/rp2_common/hardware_timer/timer.c.obj
 .bss.claimed   0x0000000020000f18        0x4 CMakeFiles/hid_composite.dir/home/shiokaze/Documents/pi/pico/pico-sdk/src/rp2_common/hardware_sync/sync.c.obj
 .bss.configured_freq
                0x0000000020000f1c       0x28 CMakeFiles/hid_composite.dir/home/shiokaze/Documents/pi/pico/pico-sdk/src/rp2_common/hardware_clocks/clocks.c.obj
 .bss.default_alarm_pool_entry_ids_high
                0x0000000020000f44       0x10 CMakeFiles/hid_composite.dir/home/shiokaze/Documents/pi/pico/pico-sdk/src/common/pico_time/time.c.obj
 .bss.default_alarm_pool_heap_nodes
                0x0000000020000f54       0x30 CMakeFiles/hid_composite.dir/home/shiokaze/Documents/pi/pico/pico-sdk/src/common/pico_time/time.c.obj
 .bss.drivers   0x0000000020000f84        0x4 CMakeFiles/hid_composite.dir/home/shiokaze/Documents/pi/pico/pico-sdk/src/rp2_common/pico_stdio/stdio.c.obj
 .bss.filter    0x0000000020000f88        0x4 CMakeFiles/hid_composite.dir/home/shiokaze/Documents/pi/pico/pico-sdk/src/rp2_common/pico_stdio/stdio.c.obj
 .bss.gpio_ctrl_prev
                0x0000000020000f8c        0x4 CMakeFiles/hid_composite.dir/home/shiokaze/Documents/pi/pico/pico-sdk/src/rp2_common/pico_fix/rp2040_usb_device_enumeration/rp2040_usb_device_enumeration.c.obj
 .bss.heap_end.5732
                0x0000000020000f90        0x4 CMakeFiles/hid_composite.dir/home/shiokaze/Documents/pi/pico/pico-sdk/src/rp2_common/pico_runtime/runtime.c.obj
 .bss.hw_endpoints
                0x0000000020000f94      0x400 CMakeFiles/hid_composite.dir/home/shiokaze/Documents/pi/pico/tinyusb/src/portable/raspberrypi/rp2040/dcd_rp2040.c.obj
 .bss.lazy_vsnprintf
                0x0000000020001394        0x4 CMakeFiles/hid_composite.dir/home/shiokaze/Documents/pi/pico/pico-sdk/src/rp2_common/pico_printf/printf.c.obj
 .bss.next_buffer_ptr
                0x0000000020001398        0x4 CMakeFiles/hid_composite.dir/home/shiokaze/Documents/pi/pico/tinyusb/src/portable/raspberrypi/rp2040/dcd_rp2040.c.obj
 .bss.pad_ctrl_prev
                0x000000002000139c        0x4 CMakeFiles/hid_composite.dir/home/shiokaze/Documents/pi/pico/pico-sdk/src/rp2_common/pico_fix/rp2040_usb_device_enumeration/rp2040_usb_device_enumeration.c.obj
 .bss.pools     0x00000000200013a0       0x10 CMakeFiles/hid_composite.dir/home/shiokaze/Documents/pi/pico/pico-sdk/src/common/pico_time/time.c.obj
 .bss.sleep_notifier
                0x00000000200013b0        0x4 CMakeFiles/hid_composite.dir/home/shiokaze/Documents/pi/pico/pico-sdk/src/common/pico_time/time.c.obj
 .bss.start_ms.7454
                0x00000000200013b4        0x4 CMakeFiles/hid_composite.dir/src/main.c.obj
 .bss.start_ms.7480
                0x00000000200013b8        0x4 CMakeFiles/hid_composite.dir/src/main.c.obj
 .bss.target_hi
                0x00000000200013bc       0x10 CMakeFiles/hid_composite.dir/home/shiokaze/Documents/pi/pico/pico-sdk/src/rp2_common/hardware_timer/timer.c.obj
 .bss.uart_inst
                0x00000000200013cc        0x4 CMakeFiles/hid_composite.dir/home/shiokaze/Documents/pi/pico/tinyusb/hw/bsp/rp2040/family.c.obj
 .bss.uart_instance
                0x00000000200013d0        0x4 CMakeFiles/hid_composite.dir/home/shiokaze/Documents/pi/pico/pico-sdk/src/rp2_common/pico_stdio_uart/stdio_uart.c.obj
 .bss._app_driver_count
                0x00000000200013d4        0x1 CMakeFiles/hid_composite.dir/home/shiokaze/Documents/pi/pico/tinyusb/src/device/usbd.c.obj
 .bss._usbd_initialized
                0x00000000200013d5        0x1 CMakeFiles/hid_composite.dir/home/shiokaze/Documents/pi/pico/tinyusb/src/device/usbd.c.obj
 .bss.claimed   0x00000000200013d6        0x1 CMakeFiles/hid_composite.dir/home/shiokaze/Documents/pi/pico/pico-sdk/src/rp2_common/hardware_timer/timer.c.obj
 .bss.has_consumer_key.7443
                0x00000000200013d7        0x1 CMakeFiles/hid_composite.dir/src/main.c.obj
 .bss.has_gamepad_key.7447
                0x00000000200013d8        0x1 CMakeFiles/hid_composite.dir/src/main.c.obj
 .bss.has_keyboard_key.7437
                0x00000000200013d9        0x1 CMakeFiles/hid_composite.dir/src/main.c.obj
 .bss.irq_hander_chain_free_slot_head
                0x00000000200013da        0x1 CMakeFiles/hid_composite.dir/home/shiokaze/Documents/pi/pico/pico-sdk/src/rp2_common/hardware_irq/irq.c.obj
 .bss.led_state.7481
                0x00000000200013db        0x1 CMakeFiles/hid_composite.dir/src/main.c.obj
 .bss.timer_callbacks_pending
                0x00000000200013dc        0x1 CMakeFiles/hid_composite.dir/home/shiokaze/Documents/pi/pico/pico-sdk/src/rp2_common/hardware_timer/timer.c.obj
 *(COMMON)
 *fill*         0x00000000200013dd        0x3 
 COMMON         0x00000000200013e0        0x4 CMakeFiles/hid_composite.dir/home/shiokaze/Documents/pi/pico/pico-sdk/src/rp2_common/hardware_uart/uart.c.obj
                0x00000000200013e0                uart_char_to_line_feed
 COMMON         0x00000000200013e4      0x100 CMakeFiles/hid_composite.dir/home/shiokaze/Documents/pi/pico/pico-sdk/src/rp2_common/pico_double/double_init_rom.c.obj
                0x00000000200013e4                sd_table
 COMMON         0x00000000200014e4      0x104 CMakeFiles/hid_composite.dir/home/shiokaze/Documents/pi/pico/pico-sdk/src/rp2_common/pico_float/float_init_rom.c.obj
                0x00000000200014e4                sf_table
                0x00000000200015e4                sf_clz_func
 COMMON         0x00000000200015e8       0xc0 CMakeFiles/hid_composite.dir/home/shiokaze/Documents/pi/pico/tinyusb/src/device/usbd.c.obj
                0x00000000200015e8                _usbd_qdef_buf
 COMMON         0x00000000200016a8        0x4 /usr/lib/gcc/arm-none-eabi/6.3.1/../../../arm-none-eabi/lib/thumb/v6-m/libc.a(lib_a-reent.o)
                0x00000000200016a8                errno
                0x00000000200016ac                . = ALIGN (0x4)
                0x00000000200016ac                __bss_end__ = .

.heap           0x00000000200016ac      0x800
                0x00000000200016ac                __end__ = .
                0x00000000200016ac                end = __end__
 *(.heap*)
 .heap          0x00000000200016ac      0x800 CMakeFiles/hid_composite.dir/home/shiokaze/Documents/pi/pico/pico-sdk/src/rp2_common/pico_standard_link/crt0.S.obj
                0x0000000020001eac                __HeapLimit = .

.stack1_dummy   0x0000000020040000        0x0
 *(.stack1*)

.stack_dummy    0x0000000020041000      0x800
 *(.stack*)
 .stack         0x0000000020041000      0x800 CMakeFiles/hid_composite.dir/home/shiokaze/Documents/pi/pico/pico-sdk/src/rp2_common/pico_standard_link/crt0.S.obj

.flash_end      0x0000000010006fd0        0x0
                0x0000000010006fd0                __flash_binary_end = .
                0x0000000020040000                __StackLimit = (ORIGIN (RAM) + LENGTH (RAM))
                0x0000000020041000                __StackOneTop = (ORIGIN (SCRATCH_X) + LENGTH (SCRATCH_X))
                0x0000000020042000                __StackTop = (ORIGIN (SCRATCH_Y) + LENGTH (SCRATCH_Y))
                0x0000000020041000                __StackOneBottom = (__StackOneTop - SIZEOF (.stack1_dummy))
                0x0000000020041800                __StackBottom = (__StackTop - SIZEOF (.stack_dummy))
                0x0000000020042000                PROVIDE (__stack, __StackTop)
                0x0000000000000001                ASSERT ((__StackLimit >= __HeapLimit), region RAM overflowed)
                0x0000000000000001                ASSERT (((__binary_info_header_end - __logical_binary_start) <= 0x100), Binary info must be in first 256 bytes of the binary)
LOAD CMakeFiles/hid_composite.dir/src/main.c.obj
LOAD CMakeFiles/hid_composite.dir/src/usb_descriptors.c.obj
LOAD CMakeFiles/hid_composite.dir/home/shiokaze/Documents/pi/pico/pico-sdk/src/rp2_common/pico_stdlib/stdlib.c.obj
LOAD CMakeFiles/hid_composite.dir/home/shiokaze/Documents/pi/pico/pico-sdk/src/rp2_common/hardware_gpio/gpio.c.obj
LOAD CMakeFiles/hid_composite.dir/home/shiokaze/Documents/pi/pico/pico-sdk/src/rp2_common/hardware_claim/claim.c.obj
LOAD CMakeFiles/hid_composite.dir/home/shiokaze/Documents/pi/pico/pico-sdk/src/rp2_common/pico_platform/platform.c.obj
LOAD CMakeFiles/hid_composite.dir/home/shiokaze/Documents/pi/pico/pico-sdk/src/rp2_common/hardware_sync/sync.c.obj
LOAD CMakeFiles/hid_composite.dir/home/shiokaze/Documents/pi/pico/pico-sdk/src/rp2_common/hardware_uart/uart.c.obj
LOAD CMakeFiles/hid_composite.dir/home/shiokaze/Documents/pi/pico/pico-sdk/src/rp2_common/hardware_divider/divider.S.obj
LOAD CMakeFiles/hid_composite.dir/home/shiokaze/Documents/pi/pico/pico-sdk/src/common/pico_time/time.c.obj
LOAD CMakeFiles/hid_composite.dir/home/shiokaze/Documents/pi/pico/pico-sdk/src/common/pico_time/timeout_helper.c.obj
LOAD CMakeFiles/hid_composite.dir/home/shiokaze/Documents/pi/pico/pico-sdk/src/rp2_common/hardware_timer/timer.c.obj
LOAD CMakeFiles/hid_composite.dir/home/shiokaze/Documents/pi/pico/pico-sdk/src/common/pico_sync/sem.c.obj
LOAD CMakeFiles/hid_composite.dir/home/shiokaze/Documents/pi/pico/pico-sdk/src/common/pico_sync/lock_core.c.obj
LOAD CMakeFiles/hid_composite.dir/home/shiokaze/Documents/pi/pico/pico-sdk/src/common/pico_sync/mutex.c.obj
LOAD CMakeFiles/hid_composite.dir/home/shiokaze/Documents/pi/pico/pico-sdk/src/common/pico_sync/critical_section.c.obj
LOAD CMakeFiles/hid_composite.dir/home/shiokaze/Documents/pi/pico/pico-sdk/src/common/pico_util/datetime.c.obj
LOAD CMakeFiles/hid_composite.dir/home/shiokaze/Documents/pi/pico/pico-sdk/src/common/pico_util/pheap.c.obj
LOAD CMakeFiles/hid_composite.dir/home/shiokaze/Documents/pi/pico/pico-sdk/src/common/pico_util/queue.c.obj
LOAD CMakeFiles/hid_composite.dir/home/shiokaze/Documents/pi/pico/pico-sdk/src/rp2_common/pico_runtime/runtime.c.obj
LOAD CMakeFiles/hid_composite.dir/home/shiokaze/Documents/pi/pico/pico-sdk/src/rp2_common/hardware_clocks/clocks.c.obj
LOAD CMakeFiles/hid_composite.dir/home/shiokaze/Documents/pi/pico/pico-sdk/src/rp2_common/hardware_irq/irq.c.obj
LOAD CMakeFiles/hid_composite.dir/home/shiokaze/Documents/pi/pico/pico-sdk/src/rp2_common/hardware_irq/irq_handler_chain.S.obj
LOAD CMakeFiles/hid_composite.dir/home/shiokaze/Documents/pi/pico/pico-sdk/src/rp2_common/hardware_pll/pll.c.obj
LOAD CMakeFiles/hid_composite.dir/home/shiokaze/Documents/pi/pico/pico-sdk/src/rp2_common/hardware_vreg/vreg.c.obj
LOAD CMakeFiles/hid_composite.dir/home/shiokaze/Documents/pi/pico/pico-sdk/src/rp2_common/hardware_watchdog/watchdog.c.obj
LOAD CMakeFiles/hid_composite.dir/home/shiokaze/Documents/pi/pico/pico-sdk/src/rp2_common/hardware_xosc/xosc.c.obj
LOAD CMakeFiles/hid_composite.dir/home/shiokaze/Documents/pi/pico/pico-sdk/src/rp2_common/pico_printf/printf.c.obj
LOAD CMakeFiles/hid_composite.dir/home/shiokaze/Documents/pi/pico/pico-sdk/src/rp2_common/pico_bit_ops/bit_ops_aeabi.S.obj
LOAD CMakeFiles/hid_composite.dir/home/shiokaze/Documents/pi/pico/pico-sdk/src/rp2_common/pico_bootrom/bootrom.c.obj
LOAD CMakeFiles/hid_composite.dir/home/shiokaze/Documents/pi/pico/pico-sdk/src/rp2_common/pico_divider/divider.S.obj
LOAD CMakeFiles/hid_composite.dir/home/shiokaze/Documents/pi/pico/pico-sdk/src/rp2_common/pico_double/double_aeabi.S.obj
LOAD CMakeFiles/hid_composite.dir/home/shiokaze/Documents/pi/pico/pico-sdk/src/rp2_common/pico_double/double_init_rom.c.obj
LOAD CMakeFiles/hid_composite.dir/home/shiokaze/Documents/pi/pico/pico-sdk/src/rp2_common/pico_double/double_math.c.obj
LOAD CMakeFiles/hid_composite.dir/home/shiokaze/Documents/pi/pico/pico-sdk/src/rp2_common/pico_double/double_v1_rom_shim.S.obj
LOAD CMakeFiles/hid_composite.dir/home/shiokaze/Documents/pi/pico/pico-sdk/src/rp2_common/pico_int64_ops/pico_int64_ops_aeabi.S.obj
LOAD CMakeFiles/hid_composite.dir/home/shiokaze/Documents/pi/pico/pico-sdk/src/rp2_common/pico_float/float_aeabi.S.obj
LOAD CMakeFiles/hid_composite.dir/home/shiokaze/Documents/pi/pico/pico-sdk/src/rp2_common/pico_float/float_init_rom.c.obj
LOAD CMakeFiles/hid_composite.dir/home/shiokaze/Documents/pi/pico/pico-sdk/src/rp2_common/pico_float/float_math.c.obj
LOAD CMakeFiles/hid_composite.dir/home/shiokaze/Documents/pi/pico/pico-sdk/src/rp2_common/pico_float/float_v1_rom_shim.S.obj
LOAD CMakeFiles/hid_composite.dir/home/shiokaze/Documents/pi/pico/pico-sdk/src/rp2_common/pico_malloc/pico_malloc.c.obj
LOAD CMakeFiles/hid_composite.dir/home/shiokaze/Documents/pi/pico/pico-sdk/src/rp2_common/pico_mem_ops/mem_ops_aeabi.S.obj
LOAD CMakeFiles/hid_composite.dir/home/shiokaze/Documents/pi/pico/pico-sdk/src/rp2_common/pico_standard_link/crt0.S.obj
LOAD CMakeFiles/hid_composite.dir/home/shiokaze/Documents/pi/pico/pico-sdk/src/rp2_common/pico_standard_link/new_delete.cpp.obj
LOAD CMakeFiles/hid_composite.dir/home/shiokaze/Documents/pi/pico/pico-sdk/src/rp2_common/pico_standard_link/binary_info.c.obj
LOAD CMakeFiles/hid_composite.dir/home/shiokaze/Documents/pi/pico/pico-sdk/src/rp2_common/pico_stdio/stdio.c.obj
LOAD CMakeFiles/hid_composite.dir/home/shiokaze/Documents/pi/pico/pico-sdk/src/rp2_common/pico_stdio_uart/stdio_uart.c.obj
LOAD CMakeFiles/hid_composite.dir/home/shiokaze/Documents/pi/pico/pico-sdk/src/rp2_common/pico_bootsel_via_double_reset/pico_bootsel_via_double_reset.c.obj
LOAD CMakeFiles/hid_composite.dir/home/shiokaze/Documents/pi/pico/tinyusb/hw/bsp/rp2040/family.c.obj
LOAD CMakeFiles/hid_composite.dir/home/shiokaze/Documents/pi/pico/tinyusb/src/portable/raspberrypi/rp2040/dcd_rp2040.c.obj
LOAD CMakeFiles/hid_composite.dir/home/shiokaze/Documents/pi/pico/tinyusb/src/portable/raspberrypi/rp2040/rp2040_usb.c.obj
LOAD CMakeFiles/hid_composite.dir/home/shiokaze/Documents/pi/pico/tinyusb/src/device/usbd.c.obj
LOAD CMakeFiles/hid_composite.dir/home/shiokaze/Documents/pi/pico/tinyusb/src/device/usbd_control.c.obj
LOAD CMakeFiles/hid_composite.dir/home/shiokaze/Documents/pi/pico/tinyusb/src/class/audio/audio_device.c.obj
LOAD CMakeFiles/hid_composite.dir/home/shiokaze/Documents/pi/pico/tinyusb/src/class/cdc/cdc_device.c.obj
LOAD CMakeFiles/hid_composite.dir/home/shiokaze/Documents/pi/pico/tinyusb/src/class/dfu/dfu_device.c.obj
LOAD CMakeFiles/hid_composite.dir/home/shiokaze/Documents/pi/pico/tinyusb/src/class/dfu/dfu_rt_device.c.obj
LOAD CMakeFiles/hid_composite.dir/home/shiokaze/Documents/pi/pico/tinyusb/src/class/hid/hid_device.c.obj
LOAD CMakeFiles/hid_composite.dir/home/shiokaze/Documents/pi/pico/tinyusb/src/class/midi/midi_device.c.obj
LOAD CMakeFiles/hid_composite.dir/home/shiokaze/Documents/pi/pico/tinyusb/src/class/msc/msc_device.c.obj
LOAD CMakeFiles/hid_composite.dir/home/shiokaze/Documents/pi/pico/tinyusb/src/class/net/net_device.c.obj
LOAD CMakeFiles/hid_composite.dir/home/shiokaze/Documents/pi/pico/tinyusb/src/class/usbtmc/usbtmc_device.c.obj
LOAD CMakeFiles/hid_composite.dir/home/shiokaze/Documents/pi/pico/tinyusb/src/class/vendor/vendor_device.c.obj
LOAD CMakeFiles/hid_composite.dir/home/shiokaze/Documents/pi/pico/tinyusb/src/tusb.c.obj
LOAD CMakeFiles/hid_composite.dir/home/shiokaze/Documents/pi/pico/tinyusb/src/common/tusb_fifo.c.obj
LOAD CMakeFiles/hid_composite.dir/home/shiokaze/Documents/pi/pico/pico-sdk/src/rp2_common/pico_fix/rp2040_usb_device_enumeration/rp2040_usb_device_enumeration.c.obj
LOAD /tmp/ccAzuPvM.o
LOAD /usr/lib/gcc/arm-none-eabi/6.3.1/../../../arm-none-eabi/lib/thumb/v6-m/libstdc++.a
LOAD /usr/lib/gcc/arm-none-eabi/6.3.1/../../../arm-none-eabi/lib/thumb/v6-m/libm.a
START GROUP
LOAD /usr/lib/gcc/arm-none-eabi/6.3.1/thumb/v6-m/libgcc.a
LOAD /usr/lib/gcc/arm-none-eabi/6.3.1/../../../arm-none-eabi/lib/thumb/v6-m/libc.a
END GROUP
START GROUP
LOAD /usr/lib/gcc/arm-none-eabi/6.3.1/thumb/v6-m/libgcc.a
LOAD /usr/lib/gcc/arm-none-eabi/6.3.1/../../../arm-none-eabi/lib/thumb/v6-m/libc.a
LOAD /usr/lib/gcc/arm-none-eabi/6.3.1/../../../arm-none-eabi/lib/thumb/v6-m/libnosys.a
END GROUP
LOAD /usr/lib/gcc/arm-none-eabi/6.3.1/thumb/v6-m/crtend.o
LOAD /usr/lib/gcc/arm-none-eabi/6.3.1/thumb/v6-m/crtn.o
OUTPUT(hid_composite.elf elf32-littlearm)

.ARM.attributes
                0x0000000000000000       0x28
 .ARM.attributes
                0x0000000000000000       0x1e /usr/lib/gcc/arm-none-eabi/6.3.1/thumb/v6-m/crti.o
 .ARM.attributes
                0x000000000000001e       0x2c /usr/lib/gcc/arm-none-eabi/6.3.1/thumb/v6-m/crtbegin.o
 .ARM.attributes
                0x000000000000004a       0x32 CMakeFiles/hid_composite.dir/src/main.c.obj
 .ARM.attributes
                0x000000000000007c       0x32 CMakeFiles/hid_composite.dir/src/usb_descriptors.c.obj
 .ARM.attributes
                0x00000000000000ae       0x32 CMakeFiles/hid_composite.dir/home/shiokaze/Documents/pi/pico/pico-sdk/src/rp2_common/hardware_gpio/gpio.c.obj
 .ARM.attributes
                0x00000000000000e0       0x32 CMakeFiles/hid_composite.dir/home/shiokaze/Documents/pi/pico/pico-sdk/src/rp2_common/hardware_claim/claim.c.obj
 .ARM.attributes
                0x0000000000000112       0x32 CMakeFiles/hid_composite.dir/home/shiokaze/Documents/pi/pico/pico-sdk/src/rp2_common/pico_platform/platform.c.obj
 .ARM.attributes
                0x0000000000000144       0x32 CMakeFiles/hid_composite.dir/home/shiokaze/Documents/pi/pico/pico-sdk/src/rp2_common/hardware_sync/sync.c.obj
 .ARM.attributes
                0x0000000000000176       0x32 CMakeFiles/hid_composite.dir/home/shiokaze/Documents/pi/pico/pico-sdk/src/rp2_common/hardware_uart/uart.c.obj
 .ARM.attributes
                0x00000000000001a8       0x32 CMakeFiles/hid_composite.dir/home/shiokaze/Documents/pi/pico/pico-sdk/src/common/pico_time/time.c.obj
 .ARM.attributes
                0x00000000000001da       0x32 CMakeFiles/hid_composite.dir/home/shiokaze/Documents/pi/pico/pico-sdk/src/rp2_common/hardware_timer/timer.c.obj
 .ARM.attributes
                0x000000000000020c       0x32 CMakeFiles/hid_composite.dir/home/shiokaze/Documents/pi/pico/pico-sdk/src/common/pico_sync/lock_core.c.obj
 .ARM.attributes
                0x000000000000023e       0x32 CMakeFiles/hid_composite.dir/home/shiokaze/Documents/pi/pico/pico-sdk/src/common/pico_sync/mutex.c.obj
 .ARM.attributes
                0x0000000000000270       0x32 CMakeFiles/hid_composite.dir/home/shiokaze/Documents/pi/pico/pico-sdk/src/common/pico_sync/critical_section.c.obj
 .ARM.attributes
                0x00000000000002a2       0x32 CMakeFiles/hid_composite.dir/home/shiokaze/Documents/pi/pico/pico-sdk/src/common/pico_util/pheap.c.obj
 .ARM.attributes
                0x00000000000002d4       0x32 CMakeFiles/hid_composite.dir/home/shiokaze/Documents/pi/pico/pico-sdk/src/rp2_common/pico_runtime/runtime.c.obj
 .ARM.attributes
                0x0000000000000306       0x32 CMakeFiles/hid_composite.dir/home/shiokaze/Documents/pi/pico/pico-sdk/src/rp2_common/hardware_clocks/clocks.c.obj
 .ARM.attributes
                0x0000000000000338       0x32 CMakeFiles/hid_composite.dir/home/shiokaze/Documents/pi/pico/pico-sdk/src/rp2_common/hardware_irq/irq.c.obj
 .ARM.attributes
                0x000000000000036a       0x22 CMakeFiles/hid_composite.dir/home/shiokaze/Documents/pi/pico/pico-sdk/src/rp2_common/hardware_irq/irq_handler_chain.S.obj
 .ARM.attributes
                0x000000000000038c       0x32 CMakeFiles/hid_composite.dir/home/shiokaze/Documents/pi/pico/pico-sdk/src/rp2_common/hardware_pll/pll.c.obj
 .ARM.attributes
                0x00000000000003be       0x32 CMakeFiles/hid_composite.dir/home/shiokaze/Documents/pi/pico/pico-sdk/src/rp2_common/hardware_watchdog/watchdog.c.obj
 .ARM.attributes
                0x00000000000003f0       0x32 CMakeFiles/hid_composite.dir/home/shiokaze/Documents/pi/pico/pico-sdk/src/rp2_common/hardware_xosc/xosc.c.obj
 .ARM.attributes
                0x0000000000000422       0x32 CMakeFiles/hid_composite.dir/home/shiokaze/Documents/pi/pico/pico-sdk/src/rp2_common/pico_printf/printf.c.obj
 .ARM.attributes
                0x0000000000000454       0x22 CMakeFiles/hid_composite.dir/home/shiokaze/Documents/pi/pico/pico-sdk/src/rp2_common/pico_bit_ops/bit_ops_aeabi.S.obj
 .ARM.attributes
                0x0000000000000476       0x32 CMakeFiles/hid_composite.dir/home/shiokaze/Documents/pi/pico/pico-sdk/src/rp2_common/pico_bootrom/bootrom.c.obj
 .ARM.attributes
                0x00000000000004a8       0x22 CMakeFiles/hid_composite.dir/home/shiokaze/Documents/pi/pico/pico-sdk/src/rp2_common/pico_divider/divider.S.obj
 .ARM.attributes
                0x00000000000004ca       0x22 CMakeFiles/hid_composite.dir/home/shiokaze/Documents/pi/pico/pico-sdk/src/rp2_common/pico_double/double_aeabi.S.obj
 .ARM.attributes
                0x00000000000004ec       0x32 CMakeFiles/hid_composite.dir/home/shiokaze/Documents/pi/pico/pico-sdk/src/rp2_common/pico_double/double_init_rom.c.obj
 .ARM.attributes
                0x000000000000051e       0x22 CMakeFiles/hid_composite.dir/home/shiokaze/Documents/pi/pico/pico-sdk/src/rp2_common/pico_double/double_v1_rom_shim.S.obj
 .ARM.attributes
                0x0000000000000540       0x22 CMakeFiles/hid_composite.dir/home/shiokaze/Documents/pi/pico/pico-sdk/src/rp2_common/pico_int64_ops/pico_int64_ops_aeabi.S.obj
 .ARM.attributes
                0x0000000000000562       0x22 CMakeFiles/hid_composite.dir/home/shiokaze/Documents/pi/pico/pico-sdk/src/rp2_common/pico_float/float_aeabi.S.obj
 .ARM.attributes
                0x0000000000000584       0x32 CMakeFiles/hid_composite.dir/home/shiokaze/Documents/pi/pico/pico-sdk/src/rp2_common/pico_float/float_init_rom.c.obj
 .ARM.attributes
                0x00000000000005b6       0x22 CMakeFiles/hid_composite.dir/home/shiokaze/Documents/pi/pico/pico-sdk/src/rp2_common/pico_float/float_v1_rom_shim.S.obj
 .ARM.attributes
                0x00000000000005d8       0x22 CMakeFiles/hid_composite.dir/home/shiokaze/Documents/pi/pico/pico-sdk/src/rp2_common/pico_mem_ops/mem_ops_aeabi.S.obj
 .ARM.attributes
                0x00000000000005fa       0x22 CMakeFiles/hid_composite.dir/home/shiokaze/Documents/pi/pico/pico-sdk/src/rp2_common/pico_standard_link/crt0.S.obj
 .ARM.attributes
                0x000000000000061c       0x32 CMakeFiles/hid_composite.dir/home/shiokaze/Documents/pi/pico/pico-sdk/src/rp2_common/pico_standard_link/binary_info.c.obj
 .ARM.attributes
                0x000000000000064e       0x32 CMakeFiles/hid_composite.dir/home/shiokaze/Documents/pi/pico/pico-sdk/src/rp2_common/pico_stdio/stdio.c.obj
 .ARM.attributes
                0x0000000000000680       0x32 CMakeFiles/hid_composite.dir/home/shiokaze/Documents/pi/pico/pico-sdk/src/rp2_common/pico_stdio_uart/stdio_uart.c.obj
 .ARM.attributes
                0x00000000000006b2       0x32 CMakeFiles/hid_composite.dir/home/shiokaze/Documents/pi/pico/pico-sdk/src/rp2_common/pico_bootsel_via_double_reset/pico_bootsel_via_double_reset.c.obj
 .ARM.attributes
                0x00000000000006e4       0x32 CMakeFiles/hid_composite.dir/home/shiokaze/Documents/pi/pico/tinyusb/hw/bsp/rp2040/family.c.obj
 .ARM.attributes
                0x0000000000000716       0x32 CMakeFiles/hid_composite.dir/home/shiokaze/Documents/pi/pico/tinyusb/src/portable/raspberrypi/rp2040/dcd_rp2040.c.obj
 .ARM.attributes
                0x0000000000000748       0x32 CMakeFiles/hid_composite.dir/home/shiokaze/Documents/pi/pico/tinyusb/src/portable/raspberrypi/rp2040/rp2040_usb.c.obj
 .ARM.attributes
                0x000000000000077a       0x32 CMakeFiles/hid_composite.dir/home/shiokaze/Documents/pi/pico/tinyusb/src/device/usbd.c.obj
 .ARM.attributes
                0x00000000000007ac       0x32 CMakeFiles/hid_composite.dir/home/shiokaze/Documents/pi/pico/tinyusb/src/device/usbd_control.c.obj
 .ARM.attributes
                0x00000000000007de       0x32 CMakeFiles/hid_composite.dir/home/shiokaze/Documents/pi/pico/tinyusb/src/class/hid/hid_device.c.obj
 .ARM.attributes
                0x0000000000000810       0x32 CMakeFiles/hid_composite.dir/home/shiokaze/Documents/pi/pico/tinyusb/src/tusb.c.obj
 .ARM.attributes
                0x0000000000000842       0x32 CMakeFiles/hid_composite.dir/home/shiokaze/Documents/pi/pico/tinyusb/src/common/tusb_fifo.c.obj
 .ARM.attributes
                0x0000000000000874       0x32 CMakeFiles/hid_composite.dir/home/shiokaze/Documents/pi/pico/pico-sdk/src/rp2_common/pico_fix/rp2040_usb_device_enumeration/rp2040_usb_device_enumeration.c.obj
 .ARM.attributes
                0x00000000000008a6       0x22 /tmp/ccAzuPvM.o
 .ARM.attributes
                0x00000000000008c8       0x1e /usr/lib/gcc/arm-none-eabi/6.3.1/thumb/v6-m/libgcc.a(_dvmd_tls.o)
 .ARM.attributes
                0x00000000000008e6       0x2c /usr/lib/gcc/arm-none-eabi/6.3.1/../../../arm-none-eabi/lib/thumb/v6-m/libc.a(lib_a-impure.o)
 .ARM.attributes