Archive member included to satisfy reference by file (symbol)

/usr/lib/gcc/arm-none-eabi/6.3.1/thumb/v6-m/libgcc.a(_dvmd_tls.o)
                              CMakeFiles/board_test.dir/home/shiokaze/Documents/pi/pico/pico-sdk/src/rp2_common/pico_divider/divider.S.obj (__aeabi_idiv0)
/usr/lib/gcc/arm-none-eabi/6.3.1/../../../arm-none-eabi/lib/thumb/v6-m/libc.a(lib_a-atexit.o)
                              /usr/lib/gcc/arm-none-eabi/6.3.1/../../../arm-none-eabi/lib/thumb/v6-m/crt0.o (atexit)
/usr/lib/gcc/arm-none-eabi/6.3.1/../../../arm-none-eabi/lib/thumb/v6-m/libc.a(lib_a-calloc.o)
                              CMakeFiles/board_test.dir/home/shiokaze/Documents/pi/pico/pico-sdk/src/rp2_common/pico_malloc/pico_malloc.c.obj (calloc)
/usr/lib/gcc/arm-none-eabi/6.3.1/../../../arm-none-eabi/lib/thumb/v6-m/libc.a(lib_a-callocr.o)
                              /usr/lib/gcc/arm-none-eabi/6.3.1/../../../arm-none-eabi/lib/thumb/v6-m/libc.a(lib_a-calloc.o) (_calloc_r)
/usr/lib/gcc/arm-none-eabi/6.3.1/../../../arm-none-eabi/lib/thumb/v6-m/libc.a(lib_a-fini.o)
                              /usr/lib/gcc/arm-none-eabi/6.3.1/../../../arm-none-eabi/lib/thumb/v6-m/crt0.o (__libc_fini_array)
/usr/lib/gcc/arm-none-eabi/6.3.1/../../../arm-none-eabi/lib/thumb/v6-m/libc.a(lib_a-impure.o)
                              CMakeFiles/board_test.dir/home/shiokaze/Documents/pi/pico/pico-sdk/src/common/pico_util/pheap.c.obj (_impure_ptr)
/usr/lib/gcc/arm-none-eabi/6.3.1/../../../arm-none-eabi/lib/thumb/v6-m/libc.a(lib_a-init.o)
                              /usr/lib/gcc/arm-none-eabi/6.3.1/../../../arm-none-eabi/lib/thumb/v6-m/crt0.o (__libc_init_array)
/usr/lib/gcc/arm-none-eabi/6.3.1/../../../arm-none-eabi/lib/thumb/v6-m/libc.a(lib_a-malloc.o)
                              CMakeFiles/board_test.dir/home/shiokaze/Documents/pi/pico/pico-sdk/src/rp2_common/pico_malloc/pico_malloc.c.obj (malloc)
/usr/lib/gcc/arm-none-eabi/6.3.1/../../../arm-none-eabi/lib/thumb/v6-m/libc.a(lib_a-mallocr.o)
                              /usr/lib/gcc/arm-none-eabi/6.3.1/../../../arm-none-eabi/lib/thumb/v6-m/libc.a(lib_a-callocr.o) (_malloc_r)
/usr/lib/gcc/arm-none-eabi/6.3.1/../../../arm-none-eabi/lib/thumb/v6-m/libc.a(lib_a-mlock.o)
                              /usr/lib/gcc/arm-none-eabi/6.3.1/../../../arm-none-eabi/lib/thumb/v6-m/libc.a(lib_a-mallocr.o) (__malloc_lock)
/usr/lib/gcc/arm-none-eabi/6.3.1/../../../arm-none-eabi/lib/thumb/v6-m/libc.a(lib_a-sbrkr.o)
                              /usr/lib/gcc/arm-none-eabi/6.3.1/../../../arm-none-eabi/lib/thumb/v6-m/libc.a(lib_a-mallocr.o) (_sbrk_r)
/usr/lib/gcc/arm-none-eabi/6.3.1/../../../arm-none-eabi/lib/thumb/v6-m/libc.a(lib_a-strlen-stub.o)
                              CMakeFiles/board_test.dir/home/shiokaze/Documents/pi/pico/pico-sdk/src/rp2_common/pico_stdio/stdio.c.obj (strlen)
/usr/lib/gcc/arm-none-eabi/6.3.1/../../../arm-none-eabi/lib/thumb/v6-m/libc.a(lib_a-wbuf.o)
                              CMakeFiles/board_test.dir/home/shiokaze/Documents/pi/pico/pico-sdk/src/common/pico_util/pheap.c.obj (__swbuf_r)
/usr/lib/gcc/arm-none-eabi/6.3.1/../../../arm-none-eabi/lib/thumb/v6-m/libc.a(lib_a-wsetup.o)
                              /usr/lib/gcc/arm-none-eabi/6.3.1/../../../arm-none-eabi/lib/thumb/v6-m/libc.a(lib_a-wbuf.o) (__swsetup_r)
/usr/lib/gcc/arm-none-eabi/6.3.1/../../../arm-none-eabi/lib/thumb/v6-m/libc.a(lib_a-__atexit.o)
                              /usr/lib/gcc/arm-none-eabi/6.3.1/../../../arm-none-eabi/lib/thumb/v6-m/libc.a(lib_a-atexit.o) (__register_exitproc)
/usr/lib/gcc/arm-none-eabi/6.3.1/../../../arm-none-eabi/lib/thumb/v6-m/libc.a(lib_a-fflush.o)
                              /usr/lib/gcc/arm-none-eabi/6.3.1/../../../arm-none-eabi/lib/thumb/v6-m/libc.a(lib_a-wbuf.o) (_fflush_r)
/usr/lib/gcc/arm-none-eabi/6.3.1/../../../arm-none-eabi/lib/thumb/v6-m/libc.a(lib_a-findfp.o)
                              /usr/lib/gcc/arm-none-eabi/6.3.1/../../../arm-none-eabi/lib/thumb/v6-m/libc.a(lib_a-wbuf.o) (__sinit)
/usr/lib/gcc/arm-none-eabi/6.3.1/../../../arm-none-eabi/lib/thumb/v6-m/libc.a(lib_a-freer.o)
                              /usr/lib/gcc/arm-none-eabi/6.3.1/../../../arm-none-eabi/lib/thumb/v6-m/libc.a(lib_a-malloc.o) (_free_r)
/usr/lib/gcc/arm-none-eabi/6.3.1/../../../arm-none-eabi/lib/thumb/v6-m/libc.a(lib_a-fwalk.o)
                              /usr/lib/gcc/arm-none-eabi/6.3.1/../../../arm-none-eabi/lib/thumb/v6-m/libc.a(lib_a-findfp.o) (_fwalk)
/usr/lib/gcc/arm-none-eabi/6.3.1/../../../arm-none-eabi/lib/thumb/v6-m/libc.a(lib_a-makebuf.o)
                              /usr/lib/gcc/arm-none-eabi/6.3.1/../../../arm-none-eabi/lib/thumb/v6-m/libc.a(lib_a-wsetup.o) (__smakebuf_r)
/usr/lib/gcc/arm-none-eabi/6.3.1/../../../arm-none-eabi/lib/thumb/v6-m/libc.a(lib_a-reent.o)
                              /usr/lib/gcc/arm-none-eabi/6.3.1/../../../arm-none-eabi/lib/thumb/v6-m/libc.a(lib_a-sbrkr.o) (errno)
/usr/lib/gcc/arm-none-eabi/6.3.1/../../../arm-none-eabi/lib/thumb/v6-m/libc.a(lib_a-stdio.o)
[...]
Memory Configuration

Name             Origin             Length             Attributes
FLASH            0x0000000010000000 0x0000000000200000 xr
RAM              0x0000000020000000 0x0000000000040000 xrw
SCRATCH_X        0x0000000020040000 0x0000000000001000 xrw
SCRATCH_Y        0x0000000020041000 0x0000000000001000 xrw
*default*        0x0000000000000000 0xffffffffffffffff

Linker script and memory map

LOAD /usr/lib/gcc/arm-none-eabi/6.3.1/thumb/v6-m/crti.o
LOAD /usr/lib/gcc/arm-none-eabi/6.3.1/thumb/v6-m/crtbegin.o
LOAD /usr/lib/gcc/arm-none-eabi/6.3.1/../../../arm-none-eabi/lib/thumb/v6-m/crt0.o

.flash_begin    0x0000000010000000        0x0
                0x0000000010000000                __flash_binary_start = .

.boot2          0x0000000010000000      0x100
                0x0000000010000000                __boot2_start__ = .
 *(.boot2)
 .boot2         0x0000000010000000      0x100 /tmp/ccHcab6R.o
                0x0000000010000100                __boot2_end__ = .
                0x0000000000000001                ASSERT (((__boot2_end__ - __boot2_start__) == 0x100), ERROR: Pico second stage bootloader must be 256 bytes in size)

.text           0x0000000010000100     0x36d0
                0x0000000010000100                __logical_binary_start = .
 *(.vectors)
 .vectors       0x0000000010000100       0xd4 CMakeFiles/board_test.dir/home/shiokaze/Documents/pi/pico/pico-sdk/src/rp2_common/pico_standard_link/crt0.S.obj
                0x0000000010000100                __vectors
                0x0000000010000100                __VECTOR_TABLE
                0x00000000100001c0                isr_invalid
                0x00000000100001c0                __default_isrs_start
                0x00000000100001c2                isr_nmi
                0x00000000100001c4                isr_hardfault
                0x00000000100001c6                isr_svcall
                0x00000000100001c8                isr_pendsv
                0x00000000100001ca                isr_systick
                0x00000000100001cc                isr_irq30
                0x00000000100001cc                __unhandled_user_irq
                0x00000000100001cc                isr_irq13
                0x00000000100001cc                isr_irq27
                0x00000000100001cc                isr_irq31
                0x00000000100001cc                isr_irq5
                0x00000000100001cc                isr_irq11
                0x00000000100001cc                isr_irq23
                0x00000000100001cc                isr_irq18
                0x00000000100001cc                isr_irq28
                0x00000000100001cc                isr_irq19
                0x00000000100001cc                isr_irq0
                0x00000000100001cc                isr_irq6
                0x00000000100001cc                isr_irq22
                0x00000000100001cc                isr_irq17
                0x00000000100001cc                isr_irq14
                0x00000000100001cc                isr_irq2
                0x00000000100001cc                isr_irq10
                0x00000000100001cc                isr_irq8
                0x00000000100001cc                isr_irq24
                0x00000000100001cc                isr_irq1
                0x00000000100001cc                isr_irq7
                0x00000000100001cc                isr_irq21
                0x00000000100001cc                isr_irq20
                0x00000000100001cc                isr_irq15
                0x00000000100001cc                isr_irq25
                0x00000000100001cc                isr_irq4
                0x00000000100001cc                isr_irq16
                0x00000000100001cc                isr_irq29
                0x00000000100001cc                isr_irq26
                0x00000000100001cc                __default_isrs_end
                0x00000000100001cc                isr_irq3
                0x00000000100001cc                isr_irq12
                0x00000000100001cc                isr_irq9
                0x00000000100001d2                unhandled_user_irq_num_in_r0
 *(.binary_info_header)
 .binary_info_header
                0x00000000100001d4       0x14 CMakeFiles/board_test.dir/home/shiokaze/Documents/pi/pico/pico-sdk/src/rp2_common/pico_standard_link/crt0.S.obj
                0x00000000100001e8                __binary_info_header_end = .
 *(.reset)
 .reset         0x00000000100001e8       0xa8 CMakeFiles/board_test.dir/home/shiokaze/Documents/pi/pico/pico-sdk/src/rp2_common/pico_standard_link/crt0.S.obj
                0x00000000100001e8                _entry_point
                0x0000000010000266                __get_current_exception
 .reset         0x0000000010000290       0x30 CMakeFiles/board_test.dir/home/shiokaze/Documents/pi/pico/pico-sdk/src/rp2_common/pico_standard_link/binary_info.c.obj
 *(.init)
 .init          0x00000000100002c0        0x4 /usr/lib/gcc/arm-none-eabi/6.3.1/thumb/v6-m/crti.o
                0x00000000100002c0                _init
 *(EXCLUDE_FILE(*libm.a: *libc.a:*lib_a-mem*.o *libgcc.a:) .text*)
 .text          0x00000000100002c4       0xb4 /usr/lib/gcc/arm-none-eabi/6.3.1/thumb/v6-m/crtbegin.o
 .text.startup.main
                0x0000000010000378       0x88 CMakeFiles/board_test.dir/src/main.c.obj
                0x0000000010000378                main
 .text.gpio_set_function
                0x0000000010000400       0x30 CMakeFiles/board_test.dir/home/shiokaze/Documents/pi/pico/pico-sdk/src/rp2_common/hardware_gpio/gpio.c.obj
                0x0000000010000400                gpio_set_function
 .text.gpio_init
                0x0000000010000430       0x3c CMakeFiles/board_test.dir/home/shiokaze/Documents/pi/pico/pico-sdk/src/rp2_common/hardware_gpio/gpio.c.obj
                0x0000000010000430                gpio_init
 .text.hw_claim_or_assert
                0x000000001000046c       0x44 CMakeFiles/board_test.dir/home/shiokaze/Documents/pi/pico/pico-sdk/src/rp2_common/hardware_claim/claim.c.obj
                0x000000001000046c                hw_claim_or_assert
 .text.running_on_fpga
                0x00000000100004b0       0x10 CMakeFiles/board_test.dir/home/shiokaze/Documents/pi/pico/pico-sdk/src/rp2_common/pico_platform/platform.c.obj
                0x00000000100004b0                running_on_fpga
 .text.spin_locks_reset
                0x00000000100004c0       0x1c CMakeFiles/board_test.dir/home/shiokaze/Documents/pi/pico/pico-sdk/src/rp2_common/hardware_sync/sync.c.obj
                0x00000000100004c0                spin_locks_reset
 .text.next_striped_spin_lock_num
                0x00000000100004dc       0x18 CMakeFiles/board_test.dir/home/shiokaze/Documents/pi/pico/pico-sdk/src/rp2_common/hardware_sync/sync.c.obj
                0x00000000100004dc                next_striped_spin_lock_num
 .text.uart_init
                0x00000000100004f4       0xe4 CMakeFiles/board_test.dir/home/shiokaze/Documents/pi/pico/pico-sdk/src/rp2_common/hardware_uart/uart.c.obj
                0x00000000100004f4                uart_init
 .text.timer_pool_entry_comparator
                0x00000000100005d8       0x34 CMakeFiles/board_test.dir/home/shiokaze/Documents/pi/pico/pico-sdk/src/common/pico_time/time.c.obj
                0x00000000100005d8                timer_pool_entry_comparator
 .text.add_alarm_under_lock
                0x000000001000060c      0x124 CMakeFiles/board_test.dir/home/shiokaze/Documents/pi/pico/pico-sdk/src/common/pico_time/time.c.obj
 .text.alarm_pool_alarm_callback
                0x0000000010000730      0x1dc CMakeFiles/board_test.dir/home/shiokaze/Documents/pi/pico/pico-sdk/src/common/pico_time/time.c.obj
 .text.alarm_pool_init_default
                0x000000001000090c       0x64 CMakeFiles/board_test.dir/home/shiokaze/Documents/pi/pico/pico-sdk/src/common/pico_time/time.c.obj
                0x000000001000090c                alarm_pool_init_default
 .text.hardware_alarm_irq_handler
                0x0000000010000970       0xa0 CMakeFiles/board_test.dir/home/shiokaze/Documents/pi/pico/pico-sdk/src/rp2_common/hardware_timer/timer.c.obj
 .text.hardware_alarm_claim
                0x0000000010000a10       0x18 CMakeFiles/board_test.dir/home/shiokaze/Documents/pi/pico/pico-sdk/src/rp2_common/hardware_timer/timer.c.obj
                0x0000000010000a10                hardware_alarm_claim
 .text.time_us_64
                0x0000000010000a28       0x18 CMakeFiles/board_test.dir/home/shiokaze/Documents/pi/pico/pico-sdk/src/rp2_common/hardware_timer/timer.c.obj
                0x0000000010000a28                time_us_64
 .text.busy_wait_us
                0x0000000010000a40       0x54 CMakeFiles/board_test.dir/home/shiokaze/Documents/pi/pico/pico-sdk/src/rp2_common/hardware_timer/timer.c.obj
                0x0000000010000a40                busy_wait_us
 .text.hardware_alarm_set_callback
                0x0000000010000a94       0x8c CMakeFiles/board_test.dir/home/shiokaze/Documents/pi/pico/pico-sdk/src/rp2_common/hardware_timer/timer.c.obj
                0x0000000010000a94                hardware_alarm_set_callback
 .text.hardware_alarm_set_target
                0x0000000010000b20       0xdc CMakeFiles/board_test.dir/home/shiokaze/Documents/pi/pico/pico-sdk/src/rp2_common/hardware_timer/timer.c.obj
                0x0000000010000b20                hardware_alarm_set_target
 .text.hardware_alarm_cancel
                0x0000000010000bfc       0x40 CMakeFiles/board_test.dir/home/shiokaze/Documents/pi/pico/pico-sdk/src/rp2_common/hardware_timer/timer.c.obj
                0x0000000010000bfc                hardware_alarm_cancel
 .text.lock_init
                0x0000000010000c3c       0x10 CMakeFiles/board_test.dir/home/shiokaze/Documents/pi/pico/pico-sdk/src/common/pico_sync/lock_core.c.obj
                0x0000000010000c3c                lock_init
 .text.mutex_init
                0x0000000010000c4c       0x20 CMakeFiles/board_test.dir/home/shiokaze/Documents/pi/pico/pico-sdk/src/common/pico_sync/mutex.c.obj
                0x0000000010000c4c                mutex_init
 .text.recursive_mutex_init
                0x0000000010000c6c       0x1c CMakeFiles/board_test.dir/home/shiokaze/Documents/pi/pico/pico-sdk/src/common/pico_sync/mutex.c.obj
                0x0000000010000c6c                recursive_mutex_init
 .text.ph_merge_two_pass.part.3
                0x0000000010000c88      0x18c CMakeFiles/board_test.dir/home/shiokaze/Documents/pi/pico/pico-sdk/src/common/pico_util/pheap.c.obj
 .text.ph_post_alloc_init
                0x0000000010000e14       0x3c CMakeFiles/board_test.dir/home/shiokaze/Documents/pi/pico/pico-sdk/src/common/pico_util/pheap.c.obj
                0x0000000010000e14                ph_post_alloc_init
 .text.ph_remove_head
                0x0000000010000e50      0x158 CMakeFiles/board_test.dir/home/shiokaze/Documents/pi/pico/pico-sdk/src/common/pico_util/pheap.c.obj
                0x0000000010000e50                ph_remove_head
 .text.ph_remove_and_free_node
                0x0000000010000fa8      0x254 CMakeFiles/board_test.dir/home/shiokaze/Documents/pi/pico/pico-sdk/src/common/pico_util/pheap.c.obj
                0x0000000010000fa8                ph_remove_and_free_node
 .text.runtime_init
                0x00000000100011fc      0x104 CMakeFiles/board_test.dir/home/shiokaze/Documents/pi/pico/pico-sdk/src/rp2_common/pico_runtime/runtime.c.obj
                0x00000000100011fc                runtime_init
 .text._sbrk    0x0000000010001300       0x34 CMakeFiles/board_test.dir/home/shiokaze/Documents/pi/pico/pico-sdk/src/rp2_common/pico_runtime/runtime.c.obj
                0x0000000010001300                _sbrk
 .text.exit     0x0000000010001334        0x4 CMakeFiles/board_test.dir/home/shiokaze/Documents/pi/pico/pico-sdk/src/rp2_common/pico_runtime/runtime.c.obj
                0x0000000010001334                exit
 .text.panic    0x0000000010001338       0x30 CMakeFiles/board_test.dir/home/shiokaze/Documents/pi/pico/pico-sdk/src/rp2_common/pico_runtime/runtime.c.obj
                0x0000000010001338                panic
 .text.hard_assertion_failure
                0x0000000010001368        0xc CMakeFiles/board_test.dir/home/shiokaze/Documents/pi/pico/pico-sdk/src/rp2_common/pico_runtime/runtime.c.obj
                0x0000000010001368                hard_assertion_failure
 .text.clocks_init
                0x0000000010001374      0x2c8 CMakeFiles/board_test.dir/home/shiokaze/Documents/pi/pico/pico-sdk/src/rp2_common/hardware_clocks/clocks.c.obj
                0x0000000010001374                clocks_init
 .text.clock_get_hz
                0x000000001000163c        0xc CMakeFiles/board_test.dir/home/shiokaze/Documents/pi/pico/pico-sdk/src/rp2_common/hardware_clocks/clocks.c.obj
                0x000000001000163c                clock_get_hz
 .text.irq_set_enabled
                0x0000000010001648       0x24 CMakeFiles/board_test.dir/home/shiokaze/Documents/pi/pico/pico-sdk/src/rp2_common/hardware_irq/irq.c.obj
                0x0000000010001648                irq_set_enabled
 .text.irq_get_vtable_handler
                0x000000001000166c       0x10 CMakeFiles/board_test.dir/home/shiokaze/Documents/pi/pico/pico-sdk/src/rp2_common/hardware_irq/irq.c.obj
                0x000000001000166c                irq_get_vtable_handler
 .text.irq_set_exclusive_handler
                0x000000001000167c       0x54 CMakeFiles/board_test.dir/home/shiokaze/Documents/pi/pico/pico-sdk/src/rp2_common/hardware_irq/irq.c.obj
                0x000000001000167c                irq_set_exclusive_handler
 .text.irq_remove_handler
                0x00000000100016d0      0x1bc CMakeFiles/board_test.dir/home/shiokaze/Documents/pi/pico/pico-sdk/src/rp2_common/hardware_irq/irq.c.obj
                0x00000000100016d0                irq_remove_handler
 .text.irq_add_tail_to_free_list
                0x000000001000188c       0xb4 CMakeFiles/board_test.dir/home/shiokaze/Documents/pi/pico/pico-sdk/src/rp2_common/hardware_irq/irq.c.obj
                0x000000001000188c                irq_add_tail_to_free_list
 .text.irq_init_priorities
                0x0000000010001940       0x38 CMakeFiles/board_test.dir/home/shiokaze/Documents/pi/pico/pico-sdk/src/rp2_common/hardware_irq/irq.c.obj
                0x0000000010001940                irq_init_priorities
 .text.pll_init
                0x0000000010001978       0x98 CMakeFiles/board_test.dir/home/shiokaze/Documents/pi/pico/pico-sdk/src/rp2_common/hardware_pll/pll.c.obj
                0x0000000010001978                pll_init
 .text.watchdog_start_tick
                0x0000000010001a10       0x10 CMakeFiles/board_test.dir/home/shiokaze/Documents/pi/pico/pico-sdk/src/rp2_common/hardware_watchdog/watchdog.c.obj
                0x0000000010001a10                watchdog_start_tick
 .text.xosc_init
                0x0000000010001a20       0x28 CMakeFiles/board_test.dir/home/shiokaze/Documents/pi/pico/pico-sdk/src/rp2_common/hardware_xosc/xosc.c.obj
                0x0000000010001a20                xosc_init
 .text._out_char
                0x0000000010001a48       0x3c CMakeFiles/board_test.dir/home/shiokaze/Documents/pi/pico/pico-sdk/src/rp2_common/pico_printf/printf.c.obj
 .text.weak_raw_vprintf
                0x0000000010001a84       0x30 CMakeFiles/board_test.dir/home/shiokaze/Documents/pi/pico/pico-sdk/src/rp2_common/pico_printf/printf.c.obj
                0x0000000010001a84                weak_raw_vprintf
 .text          0x0000000010001ab4       0x10 CMakeFiles/board_test.dir/home/shiokaze/Documents/pi/pico/pico-sdk/src/rp2_common/pico_bit_ops/bit_ops_aeabi.S.obj
 .text.rom_func_lookup
                0x0000000010001ac4       0x10 CMakeFiles/board_test.dir/home/shiokaze/Documents/pi/pico/pico-sdk/src/rp2_common/pico_bootrom/bootrom.c.obj
                0x0000000010001ac4                rom_func_lookup
 .text.rom_data_lookup
                0x0000000010001ad4       0x10 CMakeFiles/board_test.dir/home/shiokaze/Documents/pi/pico/pico-sdk/src/rp2_common/pico_bootrom/bootrom.c.obj
                0x0000000010001ad4                rom_data_lookup
 .text.rom_funcs_lookup
                0x0000000010001ae4       0x44 CMakeFiles/board_test.dir/home/shiokaze/Documents/pi/pico/pico-sdk/src/rp2_common/pico_bootrom/bootrom.c.obj
                0x0000000010001ae4                rom_funcs_lookup
 .text.__wrap___aeabi_uidiv
                0x0000000010001b28       0x4c CMakeFiles/board_test.dir/home/shiokaze/Documents/pi/pico/pico-sdk/src/rp2_common/pico_divider/divider.S.obj
                0x0000000010001b28                __wrap___aeabi_uidiv
                0x0000000010001b28                __wrap___aeabi_uidivmod
                0x0000000010001b28                div_u32u32
                0x0000000010001b28                divmod_u32u32
                0x0000000010001b30                divmod_u32u32_unsafe
                0x0000000010001b58                divmod_u32u32_savestate
 .text.__wrap___aeabi_ldiv
                0x0000000010001b74      0x430 CMakeFiles/board_test.dir/home/shiokaze/Documents/pi/pico/pico-sdk/src/rp2_common/pico_divider/divider.S.obj
                0x0000000010001b74                div_s64s64
                0x0000000010001b74                divmod_s64s64
                0x0000000010001b74                __wrap___aeabi_ldivmod
                0x0000000010001bac                div_u64u64
                0x0000000010001bac                divmod_u64u64
                0x0000000010001bac                __wrap___aeabi_uldivmod
                0x0000000010001bbc                divmod_u64u64_savestate
                0x0000000010001be4                divmod_s64s64_unsafe
                0x0000000010001c6c                divmod_u64u64_unsafe
 .text.__aeabi_double_init
                0x0000000010001fa4       0x4c CMakeFiles/board_test.dir/home/shiokaze/Documents/pi/pico/pico-sdk/src/rp2_common/pico_double/double_init_rom.c.obj
                0x0000000010001fa4                __aeabi_double_init
 .text.double_table_shim_on_use_helper
                0x0000000010001ff0       0x2c CMakeFiles/board_test.dir/home/shiokaze/Documents/pi/pico/pico-sdk/src/rp2_common/pico_double/double_v1_rom_shim.S.obj
                0x0000000010001ff0                double_table_shim_on_use_helper
 .text.__aeabi_float_init
                0x000000001000201c       0x68 CMakeFiles/board_test.dir/home/shiokaze/Documents/pi/pico/pico-sdk/src/rp2_common/pico_float/float_init_rom.c.obj
                0x000000001000201c                __aeabi_float_init
 .text.float_table_shim_on_use_helper
                0x0000000010002084       0x2c CMakeFiles/board_test.dir/home/shiokaze/Documents/pi/pico/pico-sdk/src/rp2_common/pico_float/float_v1_rom_shim.S.obj
                0x0000000010002084                float_table_shim_on_use_helper
 .text          0x00000000100020b0       0x10 CMakeFiles/board_test.dir/home/shiokaze/Documents/pi/pico/pico-sdk/src/rp2_common/pico_mem_ops/mem_ops_aeabi.S.obj
                0x00000000100020b0                __aeabi_mem_init
 .text.memset   0x00000000100020c0        0xc CMakeFiles/board_test.dir/home/shiokaze/Documents/pi/pico/pico-sdk/src/rp2_common/pico_mem_ops/mem_ops_aeabi.S.obj
                0x00000000100020c0                __wrap_memset
 .text.memcpy   0x00000000100020cc        0xc CMakeFiles/board_test.dir/home/shiokaze/Documents/pi/pico/pico-sdk/src/rp2_common/pico_mem_ops/mem_ops_aeabi.S.obj
                0x00000000100020cc                __wrap___aeabi_memcpy
                0x00000000100020cc                __wrap_memcpy
 .text.stdio_out_chars_crlf
                0x00000000100020d8       0xbc CMakeFiles/board_test.dir/home/shiokaze/Documents/pi/pico/pico-sdk/src/rp2_common/pico_stdio/stdio.c.obj
 .text.__wrap_puts
                0x0000000010002194      0x104 CMakeFiles/board_test.dir/home/shiokaze/Documents/pi/pico/pico-sdk/src/rp2_common/pico_stdio/stdio.c.obj
                0x0000000010002194                __wrap_puts
 .text._read    0x0000000010002298       0x8c CMakeFiles/board_test.dir/home/shiokaze/Documents/pi/pico/pico-sdk/src/rp2_common/pico_stdio/stdio.c.obj
                0x0000000010002298                _read
 .text._write   0x0000000010002324       0xa8 CMakeFiles/board_test.dir/home/shiokaze/Documents/pi/pico/pico-sdk/src/rp2_common/pico_stdio/stdio.c.obj
                0x0000000010002324                _write
 .text.stdio_set_driver_enabled
                0x00000000100023cc       0x3c CMakeFiles/board_test.dir/home/shiokaze/Documents/pi/pico/pico-sdk/src/rp2_common/pico_stdio/stdio.c.obj
                0x00000000100023cc                stdio_set_driver_enabled
 .text.stdio_uart_out_chars
                0x0000000010002408       0x4c CMakeFiles/board_test.dir/home/shiokaze/Documents/pi/pico/pico-sdk/src/rp2_common/pico_stdio_uart/stdio_uart.c.obj
 .text.stdio_uart_in_chars
                0x0000000010002454       0x3c CMakeFiles/board_test.dir/home/shiokaze/Documents/pi/pico/pico-sdk/src/rp2_common/pico_stdio_uart/stdio_uart.c.obj
                0x0000000010002454                stdio_uart_in_chars
 .text.stdio_uart_init_full
                0x0000000010002490       0x38 CMakeFiles/board_test.dir/home/shiokaze/Documents/pi/pico/pico-sdk/src/rp2_common/pico_stdio_uart/stdio_uart.c.obj
                0x0000000010002490                stdio_uart_init_full
 .text.startup.boot_double_tap_check
                0x00000000100024c8       0x60 CMakeFiles/board_test.dir/home/shiokaze/Documents/pi/pico/pico-sdk/src/rp2_common/pico_bootsel_via_double_reset/pico_bootsel_via_double_reset.c.obj
 .text.board_init
                0x0000000010002528       0x30 CMakeFiles/board_test.dir/home/shiokaze/Documents/pi/pico/tinyusb/hw/bsp/rp2040/family.c.obj
                0x0000000010002528                board_init
 .text.board_led_write
                0x0000000010002558       0x14 CMakeFiles/board_test.dir/home/shiokaze/Documents/pi/pico/tinyusb/hw/bsp/rp2040/family.c.obj
                0x0000000010002558                board_led_write
 .text.board_button_read
                0x000000001000256c       0x10 CMakeFiles/board_test.dir/home/shiokaze/Documents/pi/pico/tinyusb/hw/bsp/rp2040/family.c.obj
                0x000000001000256c                board_button_read
 .text.board_uart_write
                0x000000001000257c       0x50 CMakeFiles/board_test.dir/home/shiokaze/Documents/pi/pico/tinyusb/hw/bsp/rp2040/family.c.obj
                0x000000001000257c                board_uart_write
 .text          0x00000000100025cc      0x558 /usr/lib/gcc/arm-none-eabi/6.3.1/../../../arm-none-eabi/lib/thumb/v6-m/libc.a(lib_a-mallocr.o)
                0x00000000100025cc                _malloc_r
 .text          0x0000000010002b24        0x8 /usr/lib/gcc/arm-none-eabi/6.3.1/../../../arm-none-eabi/lib/thumb/v6-m/libc.a(lib_a-mlock.o)
                0x0000000010002b24                __malloc_lock
                0x0000000010002b28                __malloc_unlock
 .text          0x0000000010002b2c       0x24 /usr/lib/gcc/arm-none-eabi/6.3.1/../../../arm-none-eabi/lib/thumb/v6-m/libc.a(lib_a-sbrkr.o)
                0x0000000010002b2c                _sbrk_r
 .text          0x0000000010002b50       0x64 /usr/lib/gcc/arm-none-eabi/6.3.1/../../../arm-none-eabi/lib/thumb/v6-m/libc.a(lib_a-strlen-stub.o)
                0x0000000010002b50                strlen
 .text          0x0000000010002bb4       0xd4 /usr/lib/gcc/arm-none-eabi/6.3.1/../../../arm-none-eabi/lib/thumb/v6-m/libc.a(lib_a-wbuf.o)
                0x0000000010002bb4                __swbuf_r
                0x0000000010002c70                __swbuf
 .text          0x0000000010002c88       0xd4 /usr/lib/gcc/arm-none-eabi/6.3.1/../../../arm-none-eabi/lib/thumb/v6-m/libc.a(lib_a-wsetup.o)
                0x0000000010002c88                __swsetup_r
 .text          0x0000000010002d5c      0x1a4 /usr/lib/gcc/arm-none-eabi/6.3.1/../../../arm-none-eabi/lib/thumb/v6-m/libc.a(lib_a-fflush.o)
                0x0000000010002d5c                __sflush_r
                0x0000000010002eac                _fflush_r
                0x0000000010002ed8                fflush
 .text          0x0000000010002f00      0x22c /usr/lib/gcc/arm-none-eabi/6.3.1/../../../arm-none-eabi/lib/thumb/v6-m/libc.a(lib_a-findfp.o)
                0x0000000010002f04                _cleanup_r
                0x0000000010003008                __sfmoreglue
                0x0000000010003038                __sfp
                0x00000000100030c4                _cleanup
                0x00000000100030dc                __sinit
                0x00000000100030ec                __sfp_lock_acquire
                0x00000000100030f0                __sfp_lock_release
                0x00000000100030f4                __sinit_lock_acquire
                0x00000000100030f8                __sinit_lock_release
                0x00000000100030fc                __fp_lock_all
                0x0000000010003114                __fp_unlock_all
 .text          0x000000001000312c      0x25c /usr/lib/gcc/arm-none-eabi/6.3.1/../../../arm-none-eabi/lib/thumb/v6-m/libc.a(lib_a-freer.o)
                0x000000001000312c                _malloc_trim_r
                0x00000000100031cc                _free_r
 .text          0x0000000010003388       0x90 /usr/lib/gcc/arm-none-eabi/6.3.1/../../../arm-none-eabi/lib/thumb/v6-m/libc.a(lib_a-fwalk.o)
                0x0000000010003388                _fwalk
                0x00000000100033cc                _fwalk_reent
 .text          0x0000000010003418       0xe8 /usr/lib/gcc/arm-none-eabi/6.3.1/../../../arm-none-eabi/lib/thumb/v6-m/libc.a(lib_a-makebuf.o)
                0x0000000010003418                __swhatbuf_r
                0x0000000010003478                __smakebuf_r
 .text          0x0000000010003500       0xa0 /usr/lib/gcc/arm-none-eabi/6.3.1/../../../arm-none-eabi/lib/thumb/v6-m/libc.a(lib_a-stdio.o)
                0x0000000010003500                __sread
                0x0000000010003528                __seofread
                0x000000001000352c                __swrite
                0x0000000010003568                __sseek
                0x0000000010003594                __sclose
 .text          0x00000000100035a0       0x28 /usr/lib/gcc/arm-none-eabi/6.3.1/../../../arm-none-eabi/lib/thumb/v6-m/libc.a(lib_a-writer.o)
                0x00000000100035a0                _write_r
 .text          0x00000000100035c8       0x24 /usr/lib/gcc/arm-none-eabi/6.3.1/../../../arm-none-eabi/lib/thumb/v6-m/libc.a(lib_a-closer.o)
                0x00000000100035c8                _close_r
 .text          0x00000000100035ec       0xa0 /usr/lib/gcc/arm-none-eabi/6.3.1/../../../arm-none-eabi/lib/thumb/v6-m/libc.a(lib_a-fclose.o)
                0x00000000100035ec                _fclose_r
                0x0000000010003678                fclose
 .text          0x000000001000368c       0x28 /usr/lib/gcc/arm-none-eabi/6.3.1/../../../arm-none-eabi/lib/thumb/v6-m/libc.a(lib_a-fstatr.o)
                0x000000001000368c                _fstat_r
 .text          0x00000000100036b4       0x24 /usr/lib/gcc/arm-none-eabi/6.3.1/../../../arm-none-eabi/lib/thumb/v6-m/libc.a(lib_a-isattyr.o)
                0x00000000100036b4                _isatty_r
 .text          0x00000000100036d8       0x28 /usr/lib/gcc/arm-none-eabi/6.3.1/../../../arm-none-eabi/lib/thumb/v6-m/libc.a(lib_a-lseekr.o)
                0x00000000100036d8                _lseek_r
 .text          0x0000000010003700       0x28 /usr/lib/gcc/arm-none-eabi/6.3.1/../../../arm-none-eabi/lib/thumb/v6-m/libc.a(lib_a-readr.o)
                0x0000000010003700                _read_r
 .text          0x0000000010003728       0x10 /usr/lib/gcc/arm-none-eabi/6.3.1/../../../arm-none-eabi/lib/thumb/v6-m/libnosys.a(close.o)
                0x0000000010003728                _close
 .text          0x0000000010003738       0x10 /usr/lib/gcc/arm-none-eabi/6.3.1/../../../arm-none-eabi/lib/thumb/v6-m/libnosys.a(fstat.o)
                0x0000000010003738                _fstat
 .text          0x0000000010003748       0x10 /usr/lib/gcc/arm-none-eabi/6.3.1/../../../arm-none-eabi/lib/thumb/v6-m/libnosys.a(isatty.o)
                0x0000000010003748                _isatty
 .text          0x0000000010003758       0x10 /usr/lib/gcc/arm-none-eabi/6.3.1/../../../arm-none-eabi/lib/thumb/v6-m/libnosys.a(lseek.o)
                0x0000000010003758                _lseek
 *(.fini)
 .fini          0x0000000010003768        0x4 /usr/lib/gcc/arm-none-eabi/6.3.1/thumb/v6-m/crti.o
                0x0000000010003768                _fini
 *fill*         0x000000001000376c        0x4 
 .fini.__stub   0x0000000010003770       0x60 linker stubs
 *crtbegin.o(.ctors)
 *crtbegin?.o(.ctors)
 *(EXCLUDE_FILE(*crtend.o *crtend?.o) .ctors)
 *(SORT(.ctors.*))
 *(.ctors)
 *crtbegin.o(.dtors)
 *crtbegin?.o(.dtors)
 *(EXCLUDE_FILE(*crtend.o *crtend?.o) .dtors)
 *(SORT(.dtors.*))
 *(.dtors)
 *(.eh_frame*)
 .eh_frame      0x00000000100037d0        0x0 /usr/lib/gcc/arm-none-eabi/6.3.1/thumb/v6-m/crtbegin.o
                0x00000000100037d0                . = ALIGN (0x4)

.glue_7         0x00000000100037d0        0x0
 .glue_7        0x00000000100037d0        0x0 linker stubs

.glue_7t        0x00000000100037d0        0x0
 .glue_7t       0x00000000100037d0        0x0 linker stubs

.vfp11_veneer   0x00000000100037d0        0x0
 .vfp11_veneer  0x00000000100037d0        0x0 linker stubs

.v4_bx          0x00000000100037d0        0x0
 .v4_bx         0x00000000100037d0        0x0 linker stubs

.iplt           0x00000000100037d0        0x0
 .iplt          0x00000000100037d0        0x0 /usr/lib/gcc/arm-none-eabi/6.3.1/thumb/v6-m/crtbegin.o

.rodata         0x00000000100037d0      0x110
 *(EXCLUDE_FILE(*libm.a: *libc.a:*lib_a-mem*.o *libgcc.a:) .rodata*)
 .rodata.main.str1.4
                0x00000000100037d0       0x15 CMakeFiles/board_test.dir/src/main.c.obj
 *fill*         0x00000000100037e5        0x3 
 .rodata.at_the_end_of_time
                0x00000000100037e8        0x8 CMakeFiles/board_test.dir/home/shiokaze/Documents/pi/pico/pico-sdk/src/common/pico_time/time.c.obj
                0x00000000100037e8                at_the_end_of_time
 .rodata.hardware_alarm_claim.str1.4
                0x00000000100037f0       0x22 CMakeFiles/board_test.dir/home/shiokaze/Documents/pi/pico/pico-sdk/src/rp2_common/hardware_timer/timer.c.obj
 *fill*         0x0000000010003812        0x2 
 .rodata.hard_assertion_failure.str1.4
                0x0000000010003814        0xc CMakeFiles/board_test.dir/home/shiokaze/Documents/pi/pico/pico-sdk/src/rp2_common/pico_runtime/runtime.c.obj
 .rodata.panic.str1.4
                0x0000000010003820       0x12 CMakeFiles/board_test.dir/home/shiokaze/Documents/pi/pico/pico-sdk/src/rp2_common/pico_runtime/runtime.c.obj
 *fill*         0x0000000010003832        0x2 
 .rodata.__bi_44
                0x0000000010003834        0xc CMakeFiles/board_test.dir/home/shiokaze/Documents/pi/pico/pico-sdk/src/rp2_common/pico_standard_link/binary_info.c.obj
 .rodata.__bi_75
                0x0000000010003840        0xc CMakeFiles/board_test.dir/home/shiokaze/Documents/pi/pico/pico-sdk/src/rp2_common/pico_standard_link/binary_info.c.obj
 .rodata.__bi_81
                0x000000001000384c        0xc CMakeFiles/board_test.dir/home/shiokaze/Documents/pi/pico/pico-sdk/src/rp2_common/pico_standard_link/binary_info.c.obj
 .rodata.str1.4
                0x0000000010003858       0x40 CMakeFiles/board_test.dir/home/shiokaze/Documents/pi/pico/pico-sdk/src/rp2_common/pico_standard_link/binary_info.c.obj
 .rodata.crlf_str.5896
                0x0000000010003898        0x2 CMakeFiles/board_test.dir/home/shiokaze/Documents/pi/pico/pico-sdk/src/rp2_common/pico_stdio/stdio.c.obj
 *fill*         0x000000001000389a        0x2 
 .rodata.__bi_35
                0x000000001000389c        0xc CMakeFiles/board_test.dir/home/shiokaze/Documents/pi/pico/pico-sdk/src/rp2_common/pico_bootsel_via_double_reset/pico_bootsel_via_double_reset.c.obj
 .rodata.str1.4
                0x00000000100038a8       0x18 CMakeFiles/board_test.dir/home/shiokaze/Documents/pi/pico/pico-sdk/src/rp2_common/pico_bootsel_via_double_reset/pico_bootsel_via_double_reset.c.obj
 .rodata.__bi_121.6918
                0x00000000100038c0        0xc CMakeFiles/board_test.dir/home/shiokaze/Documents/pi/pico/tinyusb/hw/bsp/rp2040/family.c.obj
 .rodata.__bi_131.6921
                0x00000000100038cc        0x8 CMakeFiles/board_test.dir/home/shiokaze/Documents/pi/pico/tinyusb/hw/bsp/rp2040/family.c.obj
 .rodata.str1.4
                0x00000000100038d4        0x4 CMakeFiles/board_test.dir/home/shiokaze/Documents/pi/pico/tinyusb/hw/bsp/rp2040/family.c.obj
 .rodata        0x00000000100038d8        0x4 /usr/lib/gcc/arm-none-eabi/6.3.1/../../../arm-none-eabi/lib/thumb/v6-m/libc.a(lib_a-impure.o)
                0x00000000100038d8                _global_impure_ptr
 .rodata.str1.4
                0x00000000100038dc        0x4 /usr/lib/gcc/arm-none-eabi/6.3.1/../../../arm-none-eabi/lib/thumb/v6-m/libc.a(lib_a-impure.o)
                                          0x2 (size before relaxing)
                0x00000000100038e0                . = ALIGN (0x4)
 *(SORT(.flashdata*))
                0x00000000100038e0                . = ALIGN (0x4)

.rel.dyn        0x00000000100038e0        0x0
 .rel.iplt      0x00000000100038e0        0x0 /usr/lib/gcc/arm-none-eabi/6.3.1/thumb/v6-m/crtbegin.o

.ARM.extab
 *(.ARM.extab* .gnu.linkonce.armextab.*)
                0x00000000100038e0                __exidx_start = .

.ARM.exidx
 *(.ARM.exidx* .gnu.linkonce.armexidx.*)
                0x00000000100038e0                __exidx_end = .
                0x00000000100038e0                . = ALIGN (0x4)
                0x00000000100038e0                __binary_info_start = .

.binary_info    0x00000000100038e0       0x28
 *(.binary_info.keep.*)
 .binary_info.keep.__bi_ptr22
                0x00000000100038e0        0x4 CMakeFiles/board_test.dir/home/shiokaze/Documents/pi/pico/pico-sdk/src/rp2_common/pico_standard_link/binary_info.c.obj
 .binary_info.keep.__bi_ptr30
                0x00000000100038e4        0x4 CMakeFiles/board_test.dir/home/shiokaze/Documents/pi/pico/pico-sdk/src/rp2_common/pico_standard_link/binary_info.c.obj
 .binary_info.keep.__bi_ptr38
                0x00000000100038e8        0x4 CMakeFiles/board_test.dir/home/shiokaze/Documents/pi/pico/pico-sdk/src/rp2_common/pico_standard_link/binary_info.c.obj
 .binary_info.keep.__bi_ptr44
                0x00000000100038ec        0x4 CMakeFiles/board_test.dir/home/shiokaze/Documents/pi/pico/pico-sdk/src/rp2_common/pico_standard_link/binary_info.c.obj
 .binary_info.keep.__bi_ptr50
                0x00000000100038f0        0x4 CMakeFiles/board_test.dir/home/shiokaze/Documents/pi/pico/pico-sdk/src/rp2_common/pico_standard_link/binary_info.c.obj
 .binary_info.keep.__bi_ptr75
                0x00000000100038f4        0x4 CMakeFiles/board_test.dir/home/shiokaze/Documents/pi/pico/pico-sdk/src/rp2_common/pico_standard_link/binary_info.c.obj
 .binary_info.keep.__bi_ptr81
                0x00000000100038f8        0x4 CMakeFiles/board_test.dir/home/shiokaze/Documents/pi/pico/pico-sdk/src/rp2_common/pico_standard_link/binary_info.c.obj
 .binary_info.keep.__bi_ptr35
                0x00000000100038fc        0x4 CMakeFiles/board_test.dir/home/shiokaze/Documents/pi/pico/pico-sdk/src/rp2_common/pico_bootsel_via_double_reset/pico_bootsel_via_double_reset.c.obj
 .binary_info.keep.__bi_ptr121
                0x0000000010003900        0x4 CMakeFiles/board_test.dir/home/shiokaze/Documents/pi/pico/tinyusb/hw/bsp/rp2040/family.c.obj
 .binary_info.keep.__bi_ptr131
                0x0000000010003904        0x4 CMakeFiles/board_test.dir/home/shiokaze/Documents/pi/pico/tinyusb/hw/bsp/rp2040/family.c.obj
 *(.binary_info.*)
                0x0000000010003908                __binary_info_end = .
                0x0000000010003908                . = ALIGN (0x4)
                0x0000000010003908                __etext = .

.ram_vector_table
                0x0000000020000000       0xc0
 *(.ram_vector_table)
 .ram_vector_table
                0x0000000020000000       0xc0 CMakeFiles/board_test.dir/home/shiokaze/Documents/pi/pico/pico-sdk/src/rp2_common/pico_runtime/runtime.c.obj
                0x0000000020000000                ram_vector_table

.data           0x00000000200000c0      0xa98 load address 0x0000000010003908
                0x00000000200000c0                __data_start__ = .
 *(vtable)
 *(.time_critical*)
 .time_critical.mutex_enter_blocking
                0x00000000200000c0       0x68 CMakeFiles/board_test.dir/home/shiokaze/Documents/pi/pico/pico-sdk/src/common/pico_sync/mutex.c.obj
                0x00000000200000c0                mutex_enter_blocking
 .time_critical.mutex_try_enter
                0x0000000020000128       0x5c CMakeFiles/board_test.dir/home/shiokaze/Documents/pi/pico/pico-sdk/src/common/pico_sync/mutex.c.obj
                0x0000000020000128                mutex_try_enter
 .time_critical.mutex_exit
                0x0000000020000184       0x5c CMakeFiles/board_test.dir/home/shiokaze/Documents/pi/pico/pico-sdk/src/common/pico_sync/mutex.c.obj
                0x0000000020000184                mutex_exit
 .time_critical.get_bootsel_button
                0x00000000200001e0       0x64 CMakeFiles/board_test.dir/home/shiokaze/Documents/pi/pico/tinyusb/hw/bsp/rp2040/family.c.obj
                0x00000000200001e0                get_bootsel_button
 *(.text*)
 .text          0x0000000020000244        0x4 /usr/lib/gcc/arm-none-eabi/6.3.1/thumb/v6-m/libgcc.a(_dvmd_tls.o)
                0x0000000020000244                __aeabi_ldiv0
                0x0000000020000244                __aeabi_idiv0
                0x0000000020000248                . = ALIGN (0x4)
 *(.rodata*)
                0x0000000020000248                . = ALIGN (0x4)
 *(.data*)
 .data.striped_spin_lock_num
                0x0000000020000248        0x1 CMakeFiles/board_test.dir/home/shiokaze/Documents/pi/pico/pico-sdk/src/rp2_common/hardware_sync/sync.c.obj
 *fill*         0x0000000020000249        0x3 
 .data.default_alarm_pool
                0x000000002000024c       0x18 CMakeFiles/board_test.dir/home/shiokaze/Documents/pi/pico/pico-sdk/src/common/pico_time/time.c.obj
 .data.default_alarm_pool_heap
                0x0000000020000264       0x10 CMakeFiles/board_test.dir/home/shiokaze/Documents/pi/pico/pico-sdk/src/common/pico_time/time.c.obj
 .data          0x0000000020000274       0x48 CMakeFiles/board_test.dir/home/shiokaze/Documents/pi/pico/pico-sdk/src/rp2_common/hardware_irq/irq_handler_chain.S.obj
                0x0000000020000274                irq_handler_chain_slots
                0x00000000200002a4                irq_handler_chain_first_slot
                0x00000000200002ae                irq_handler_chain_remove_tail
 *fill*         0x00000000200002bc        0x4 
 .data.aeabi_bits_funcs
                0x00000000200002c0       0x10 CMakeFiles/board_test.dir/home/shiokaze/Documents/pi/pico/pico-sdk/src/rp2_common/pico_bit_ops/bit_ops_aeabi.S.obj
                0x00000000200002c0                aeabi_bits_funcs
                0x00000000200002d0                aeabi_bits_funcs_end
 .data.aeabi_mem_funcs
                0x00000000200002d0       0x10 CMakeFiles/board_test.dir/home/shiokaze/Documents/pi/pico/pico-sdk/src/rp2_common/pico_mem_ops/mem_ops_aeabi.S.obj
                0x00000000200002d0                aeabi_mem_funcs
                0x00000000200002e0                aeabi_mem_funcs_end
 .data.stdio_uart
                0x00000000200002e0       0x14 CMakeFiles/board_test.dir/home/shiokaze/Documents/pi/pico/pico-sdk/src/rp2_common/pico_stdio_uart/stdio_uart.c.obj
                0x00000000200002e0                stdio_uart
 *fill*         0x00000000200002f4        0x4 
 .data          0x00000000200002f8      0x430 /usr/lib/gcc/arm-none-eabi/6.3.1/../../../arm-none-eabi/lib/thumb/v6-m/libc.a(lib_a-impure.o)
                0x00000000200002f8                _impure_ptr
 .data          0x0000000020000728      0x410 /usr/lib/gcc/arm-none-eabi/6.3.1/../../../arm-none-eabi/lib/thumb/v6-m/libc.a(lib_a-mallocr.o)
                0x0000000020000728                __malloc_av_
                0x0000000020000b30                __malloc_sbrk_base
                0x0000000020000b34                __malloc_trim_threshold
                0x0000000020000b38                . = ALIGN (0x4)
 *(.after_data.*)
                0x0000000020000b38                . = ALIGN (0x4)
                0x0000000020000b38                PROVIDE (__mutex_array_start, .)
 *(SORT(.mutex_array.*))
 *(.mutex_array)
 .mutex_array   0x0000000020000b38        0x8 CMakeFiles/board_test.dir/home/shiokaze/Documents/pi/pico/pico-sdk/src/rp2_common/pico_stdio/stdio.c.obj
                0x0000000020000b40                PROVIDE (__mutex_array_end, .)
                0x0000000020000b40                . = ALIGN (0x4)
                0x0000000020000b40                PROVIDE (__preinit_array_start, .)
 *(SORT(.preinit_array.*))
 .preinit_array.00001
                0x0000000020000b40        0x4 CMakeFiles/board_test.dir/home/shiokaze/Documents/pi/pico/pico-sdk/src/rp2_common/pico_mem_ops/mem_ops_aeabi.S.obj
 .preinit_array.00010
                0x0000000020000b44        0x4 CMakeFiles/board_test.dir/home/shiokaze/Documents/pi/pico/pico-sdk/src/rp2_common/pico_bit_ops/bit_ops_aeabi.S.obj
 .preinit_array.00020
                0x0000000020000b48        0x4 CMakeFiles/board_test.dir/home/shiokaze/Documents/pi/pico/pico-sdk/src/rp2_common/pico_double/double_aeabi.S.obj
 .preinit_array.00020
                0x0000000020000b4c        0x4 CMakeFiles/board_test.dir/home/shiokaze/Documents/pi/pico/pico-sdk/src/rp2_common/pico_float/float_aeabi.S.obj
 *(.preinit_array)
                0x0000000020000b50                PROVIDE (__preinit_array_end, .)
                0x0000000020000b50                . = ALIGN (0x4)
                0x0000000020000b50                PROVIDE (__init_array_start, .)
 *(SORT(.init_array.*))
 *(.init_array)
 .init_array    0x0000000020000b50        0x4 /usr/lib/gcc/arm-none-eabi/6.3.1/thumb/v6-m/crtbegin.o
 .init_array    0x0000000020000b54        0x4 CMakeFiles/board_test.dir/home/shiokaze/Documents/pi/pico/pico-sdk/src/rp2_common/pico_bootsel_via_double_reset/pico_bootsel_via_double_reset.c.obj
                0x0000000020000b58                PROVIDE (__init_array_end, .)
                0x0000000020000b58                . = ALIGN (0x4)
                0x0000000020000b58                PROVIDE (__fini_array_start, .)
 *(SORT(.fini_array.*))
 *(.fini_array)
                0x0000000020000b58                PROVIDE (__fini_array_end, .)
 *(.jcr)
 .jcr           0x0000000020000b58        0x0 /usr/lib/gcc/arm-none-eabi/6.3.1/thumb/v6-m/crtbegin.o
                0x0000000020000b58                . = ALIGN (0x4)
                0x0000000020000b58                __data_end__ = .

.tm_clone_table
                0x0000000020000b58        0x0 load address 0x00000000100043a0
 .tm_clone_table
                0x0000000020000b58        0x0 /usr/lib/gcc/arm-none-eabi/6.3.1/thumb/v6-m/crtbegin.o
 .tm_clone_table
                0x0000000020000b58        0x0 /usr/lib/gcc/arm-none-eabi/6.3.1/thumb/v6-m/crtend.o

.igot.plt       0x0000000020000b58        0x0 load address 0x00000000100043a0
 .igot.plt      0x0000000020000b58        0x0 /usr/lib/gcc/arm-none-eabi/6.3.1/thumb/v6-m/crtbegin.o

.uninitialized_ram.magic_location
                0x0000000020000b58        0xc load address 0x00000000100043a0
 .uninitialized_ram.magic_location
                0x0000000020000b58        0xc CMakeFiles/board_test.dir/home/shiokaze/Documents/pi/pico/pico-sdk/src/rp2_common/pico_bootsel_via_double_reset/pico_bootsel_via_double_reset.c.obj

.uninitialized_data
                0x0000000020000b64        0x0 load address 0x00000000100043ac
                0x0000000020000b64                . = ALIGN (0x4)
 *(.uninitialized_data*)

.scratch_x      0x0000000020040000        0x0 load address 0x00000000100043ac
                0x0000000020040000                __scratch_x_start__ = .
 *(.scratch_x.*)
                0x0000000020040000                . = ALIGN (0x4)
                0x0000000020040000                __scratch_x_end__ = .
                0x00000000100043ac                __scratch_x_source__ = LOADADDR (.scratch_x)

.scratch_y      0x0000000020041000        0x0 load address 0x00000000100043ac
                0x0000000020041000                __scratch_y_start__ = .
 *(.scratch_y.*)
                0x0000000020041000                . = ALIGN (0x4)
                0x0000000020041000                __scratch_y_end__ = .
                0x00000000100043ac                __scratch_y_source__ = LOADADDR (.scratch_y)

.bss            0x0000000020000b68      0x414
                0x0000000020000b68                . = ALIGN (0x4)
                0x0000000020000b68                __bss_start__ = .
 *(SORT(.bss*))
 .bss.default_alarm_pool_entries
                0x0000000020000b68      0x100 CMakeFiles/board_test.dir/home/shiokaze/Documents/pi/pico/pico-sdk/src/common/pico_time/time.c.obj
 .bss           0x0000000020000c68       0x1c /usr/lib/gcc/arm-none-eabi/6.3.1/thumb/v6-m/crtbegin.o
 .bss           0x0000000020000c84       0x34 /usr/lib/gcc/arm-none-eabi/6.3.1/../../../arm-none-eabi/lib/thumb/v6-m/libc.a(lib_a-mallocr.o)
                0x0000000020000c84                __malloc_top_pad
                0x0000000020000c88                __malloc_current_mallinfo
                0x0000000020000cb0                __malloc_max_sbrked_mem
                0x0000000020000cb4                __malloc_max_total_mem
 .bss.alarm_callbacks
                0x0000000020000cb8       0x10 CMakeFiles/board_test.dir/home/shiokaze/Documents/pi/pico/pico-sdk/src/rp2_common/hardware_timer/timer.c.obj
 .bss.configured_freq
                0x0000000020000cc8       0x28 CMakeFiles/board_test.dir/home/shiokaze/Documents/pi/pico/pico-sdk/src/rp2_common/hardware_clocks/clocks.c.obj
 .bss.default_alarm_pool_entry_ids_high
                0x0000000020000cf0       0x10 CMakeFiles/board_test.dir/home/shiokaze/Documents/pi/pico/pico-sdk/src/common/pico_time/time.c.obj
 .bss.default_alarm_pool_heap_nodes
                0x0000000020000d00       0x30 CMakeFiles/board_test.dir/home/shiokaze/Documents/pi/pico/pico-sdk/src/common/pico_time/time.c.obj
 .bss.drivers   0x0000000020000d30        0x4 CMakeFiles/board_test.dir/home/shiokaze/Documents/pi/pico/pico-sdk/src/rp2_common/pico_stdio/stdio.c.obj
 .bss.filter    0x0000000020000d34        0x4 CMakeFiles/board_test.dir/home/shiokaze/Documents/pi/pico/pico-sdk/src/rp2_common/pico_stdio/stdio.c.obj
 .bss.heap_end.5732
                0x0000000020000d38        0x4 CMakeFiles/board_test.dir/home/shiokaze/Documents/pi/pico/pico-sdk/src/rp2_common/pico_runtime/runtime.c.obj
 .bss.lazy_vsnprintf
                0x0000000020000d3c        0x4 CMakeFiles/board_test.dir/home/shiokaze/Documents/pi/pico/pico-sdk/src/rp2_common/pico_printf/printf.c.obj
 .bss.pools     0x0000000020000d40       0x10 CMakeFiles/board_test.dir/home/shiokaze/Documents/pi/pico/pico-sdk/src/common/pico_time/time.c.obj
 .bss.sleep_notifier
                0x0000000020000d50        0x4 CMakeFiles/board_test.dir/home/shiokaze/Documents/pi/pico/pico-sdk/src/common/pico_time/time.c.obj
 .bss.target_hi
                0x0000000020000d54       0x10 CMakeFiles/board_test.dir/home/shiokaze/Documents/pi/pico/pico-sdk/src/rp2_common/hardware_timer/timer.c.obj
 .bss.uart_inst
                0x0000000020000d64        0x4 CMakeFiles/board_test.dir/home/shiokaze/Documents/pi/pico/tinyusb/hw/bsp/rp2040/family.c.obj
 .bss.uart_instance
                0x0000000020000d68        0x4 CMakeFiles/board_test.dir/home/shiokaze/Documents/pi/pico/pico-sdk/src/rp2_common/pico_stdio_uart/stdio_uart.c.obj
 .bss.claimed   0x0000000020000d6c        0x1 CMakeFiles/board_test.dir/home/shiokaze/Documents/pi/pico/pico-sdk/src/rp2_common/hardware_timer/timer.c.obj
 .bss.irq_hander_chain_free_slot_head
                0x0000000020000d6d        0x1 CMakeFiles/board_test.dir/home/shiokaze/Documents/pi/pico/pico-sdk/src/rp2_common/hardware_irq/irq.c.obj
 .bss.timer_callbacks_pending
                0x0000000020000d6e        0x1 CMakeFiles/board_test.dir/home/shiokaze/Documents/pi/pico/pico-sdk/src/rp2_common/hardware_timer/timer.c.obj
 *(COMMON)
 *fill*         0x0000000020000d6f        0x1 
 COMMON         0x0000000020000d70        0x4 CMakeFiles/board_test.dir/home/shiokaze/Documents/pi/pico/pico-sdk/src/rp2_common/hardware_uart/uart.c.obj
                0x0000000020000d70                uart_char_to_line_feed
 COMMON         0x0000000020000d74      0x100 CMakeFiles/board_test.dir/home/shiokaze/Documents/pi/pico/pico-sdk/src/rp2_common/pico_double/double_init_rom.c.obj
                0x0000000020000d74                sd_table
 COMMON         0x0000000020000e74      0x104 CMakeFiles/board_test.dir/home/shiokaze/Documents/pi/pico/pico-sdk/src/rp2_common/pico_float/float_init_rom.c.obj
                0x0000000020000e74                sf_table
                0x0000000020000f74                sf_clz_func
 COMMON         0x0000000020000f78        0x4 /usr/lib/gcc/arm-none-eabi/6.3.1/../../../arm-none-eabi/lib/thumb/v6-m/libc.a(lib_a-reent.o)
                0x0000000020000f78                errno
                0x0000000020000f7c                . = ALIGN (0x4)
                0x0000000020000f7c                __bss_end__ = .

.heap           0x0000000020000f7c      0x800
                0x0000000020000f7c                __end__ = .
                0x0000000020000f7c                end = __end__
 *(.heap*)
 .heap          0x0000000020000f7c      0x800 CMakeFiles/board_test.dir/home/shiokaze/Documents/pi/pico/pico-sdk/src/rp2_common/pico_standard_link/crt0.S.obj
                0x000000002000177c                __HeapLimit = .

.stack1_dummy   0x0000000020040000        0x0
 *(.stack1*)

.stack_dummy    0x0000000020041000      0x800
 *(.stack*)
 .stack         0x0000000020041000      0x800 CMakeFiles/board_test.dir/home/shiokaze/Documents/pi/pico/pico-sdk/src/rp2_common/pico_standard_link/crt0.S.obj

.flash_end      0x00000000100043ac        0x0
                0x00000000100043ac                __flash_binary_end = .
                0x0000000020040000                __StackLimit = (ORIGIN (RAM) + LENGTH (RAM))
                0x0000000020041000                __StackOneTop = (ORIGIN (SCRATCH_X) + LENGTH (SCRATCH_X))
                0x0000000020042000                __StackTop = (ORIGIN (SCRATCH_Y) + LENGTH (SCRATCH_Y))
                0x0000000020041000                __StackOneBottom = (__StackOneTop - SIZEOF (.stack1_dummy))
                0x0000000020041800                __StackBottom = (__StackTop - SIZEOF (.stack_dummy))
                0x0000000020042000                PROVIDE (__stack, __StackTop)
                0x0000000000000001                ASSERT ((__StackLimit >= __HeapLimit), region RAM overflowed)
                0x0000000000000001                ASSERT (((__binary_info_header_end - __logical_binary_start) <= 0x100), Binary info must be in first 256 bytes of the binary)
LOAD CMakeFiles/board_test.dir/src/main.c.obj
LOAD CMakeFiles/board_test.dir/home/shiokaze/Documents/pi/pico/pico-sdk/src/rp2_common/pico_stdlib/stdlib.c.obj
LOAD CMakeFiles/board_test.dir/home/shiokaze/Documents/pi/pico/pico-sdk/src/rp2_common/hardware_gpio/gpio.c.obj
LOAD CMakeFiles/board_test.dir/home/shiokaze/Documents/pi/pico/pico-sdk/src/rp2_common/hardware_claim/claim.c.obj
LOAD CMakeFiles/board_test.dir/home/shiokaze/Documents/pi/pico/pico-sdk/src/rp2_common/pico_platform/platform.c.obj
LOAD CMakeFiles/board_test.dir/home/shiokaze/Documents/pi/pico/pico-sdk/src/rp2_common/hardware_sync/sync.c.obj
LOAD CMakeFiles/board_test.dir/home/shiokaze/Documents/pi/pico/pico-sdk/src/rp2_common/hardware_uart/uart.c.obj
LOAD CMakeFiles/board_test.dir/home/shiokaze/Documents/pi/pico/pico-sdk/src/rp2_common/hardware_divider/divider.S.obj
LOAD CMakeFiles/board_test.dir/home/shiokaze/Documents/pi/pico/pico-sdk/src/common/pico_time/time.c.obj
LOAD CMakeFiles/board_test.dir/home/shiokaze/Documents/pi/pico/pico-sdk/src/common/pico_time/timeout_helper.c.obj
LOAD CMakeFiles/board_test.dir/home/shiokaze/Documents/pi/pico/pico-sdk/src/rp2_common/hardware_timer/timer.c.obj
LOAD CMakeFiles/board_test.dir/home/shiokaze/Documents/pi/pico/pico-sdk/src/common/pico_sync/sem.c.obj
LOAD CMakeFiles/board_test.dir/home/shiokaze/Documents/pi/pico/pico-sdk/src/common/pico_sync/lock_core.c.obj
LOAD CMakeFiles/board_test.dir/home/shiokaze/Documents/pi/pico/pico-sdk/src/common/pico_sync/mutex.c.obj
LOAD CMakeFiles/board_test.dir/home/shiokaze/Documents/pi/pico/pico-sdk/src/common/pico_sync/critical_section.c.obj
LOAD CMakeFiles/board_test.dir/home/shiokaze/Documents/pi/pico/pico-sdk/src/common/pico_util/datetime.c.obj
LOAD CMakeFiles/board_test.dir/home/shiokaze/Documents/pi/pico/pico-sdk/src/common/pico_util/pheap.c.obj
LOAD CMakeFiles/board_test.dir/home/shiokaze/Documents/pi/pico/pico-sdk/src/common/pico_util/queue.c.obj
LOAD CMakeFiles/board_test.dir/home/shiokaze/Documents/pi/pico/pico-sdk/src/rp2_common/pico_runtime/runtime.c.obj
LOAD CMakeFiles/board_test.dir/home/shiokaze/Documents/pi/pico/pico-sdk/src/rp2_common/hardware_clocks/clocks.c.obj
LOAD CMakeFiles/board_test.dir/home/shiokaze/Documents/pi/pico/pico-sdk/src/rp2_common/hardware_irq/irq.c.obj
LOAD CMakeFiles/board_test.dir/home/shiokaze/Documents/pi/pico/pico-sdk/src/rp2_common/hardware_irq/irq_handler_chain.S.obj
LOAD CMakeFiles/board_test.dir/home/shiokaze/Documents/pi/pico/pico-sdk/src/rp2_common/hardware_pll/pll.c.obj
LOAD CMakeFiles/board_test.dir/home/shiokaze/Documents/pi/pico/pico-sdk/src/rp2_common/hardware_vreg/vreg.c.obj
LOAD CMakeFiles/board_test.dir/home/shiokaze/Documents/pi/pico/pico-sdk/src/rp2_common/hardware_watchdog/watchdog.c.obj
LOAD CMakeFiles/board_test.dir/home/shiokaze/Documents/pi/pico/pico-sdk/src/rp2_common/hardware_xosc/xosc.c.obj
LOAD CMakeFiles/board_test.dir/home/shiokaze/Documents/pi/pico/pico-sdk/src/rp2_common/pico_printf/printf.c.obj
LOAD CMakeFiles/board_test.dir/home/shiokaze/Documents/pi/pico/pico-sdk/src/rp2_common/pico_bit_ops/bit_ops_aeabi.S.obj
LOAD CMakeFiles/board_test.dir/home/shiokaze/Documents/pi/pico/pico-sdk/src/rp2_common/pico_bootrom/bootrom.c.obj
LOAD CMakeFiles/board_test.dir/home/shiokaze/Documents/pi/pico/pico-sdk/src/rp2_common/pico_divider/divider.S.obj
LOAD CMakeFiles/board_test.dir/home/shiokaze/Documents/pi/pico/pico-sdk/src/rp2_common/pico_double/double_aeabi.S.obj
LOAD CMakeFiles/board_test.dir/home/shiokaze/Documents/pi/pico/pico-sdk/src/rp2_common/pico_double/double_init_rom.c.obj
LOAD CMakeFiles/board_test.dir/home/shiokaze/Documents/pi/pico/pico-sdk/src/rp2_common/pico_double/double_math.c.obj
LOAD CMakeFiles/board_test.dir/home/shiokaze/Documents/pi/pico/pico-sdk/src/rp2_common/pico_double/double_v1_rom_shim.S.obj
LOAD CMakeFiles/board_test.dir/home/shiokaze/Documents/pi/pico/pico-sdk/src/rp2_common/pico_int64_ops/pico_int64_ops_aeabi.S.obj
LOAD CMakeFiles/board_test.dir/home/shiokaze/Documents/pi/pico/pico-sdk/src/rp2_common/pico_float/float_aeabi.S.obj
LOAD CMakeFiles/board_test.dir/home/shiokaze/Documents/pi/pico/pico-sdk/src/rp2_common/pico_float/float_init_rom.c.obj
LOAD CMakeFiles/board_test.dir/home/shiokaze/Documents/pi/pico/pico-sdk/src/rp2_common/pico_float/float_math.c.obj
LOAD CMakeFiles/board_test.dir/home/shiokaze/Documents/pi/pico/pico-sdk/src/rp2_common/pico_float/float_v1_rom_shim.S.obj
LOAD CMakeFiles/board_test.dir/home/shiokaze/Documents/pi/pico/pico-sdk/src/rp2_common/pico_malloc/pico_malloc.c.obj
LOAD CMakeFiles/board_test.dir/home/shiokaze/Documents/pi/pico/pico-sdk/src/rp2_common/pico_mem_ops/mem_ops_aeabi.S.obj
LOAD CMakeFiles/board_test.dir/home/shiokaze/Documents/pi/pico/pico-sdk/src/rp2_common/pico_standard_link/crt0.S.obj
LOAD CMakeFiles/board_test.dir/home/shiokaze/Documents/pi/pico/pico-sdk/src/rp2_common/pico_standard_link/new_delete.cpp.obj
LOAD CMakeFiles/board_test.dir/home/shiokaze/Documents/pi/pico/pico-sdk/src/rp2_common/pico_standard_link/binary_info.c.obj
LOAD CMakeFiles/board_test.dir/home/shiokaze/Documents/pi/pico/pico-sdk/src/rp2_common/pico_stdio/stdio.c.obj
LOAD CMakeFiles/board_test.dir/home/shiokaze/Documents/pi/pico/pico-sdk/src/rp2_common/pico_stdio_uart/stdio_uart.c.obj
LOAD CMakeFiles/board_test.dir/home/shiokaze/Documents/pi/pico/pico-sdk/src/rp2_common/pico_bootsel_via_double_reset/pico_bootsel_via_double_reset.c.obj
LOAD CMakeFiles/board_test.dir/home/shiokaze/Documents/pi/pico/tinyusb/hw/bsp/rp2040/family.c.obj
LOAD CMakeFiles/board_test.dir/home/shiokaze/Documents/pi/pico/tinyusb/src/portable/raspberrypi/rp2040/dcd_rp2040.c.obj
LOAD CMakeFiles/board_test.dir/home/shiokaze/Documents/pi/pico/tinyusb/src/portable/raspberrypi/rp2040/rp2040_usb.c.obj
LOAD CMakeFiles/board_test.dir/home/shiokaze/Documents/pi/pico/tinyusb/src/device/usbd.c.obj
LOAD CMakeFiles/board_test.dir/home/shiokaze/Documents/pi/pico/tinyusb/src/device/usbd_control.c.obj
LOAD CMakeFiles/board_test.dir/home/shiokaze/Documents/pi/pico/tinyusb/src/class/audio/audio_device.c.obj
LOAD CMakeFiles/board_test.dir/home/shiokaze/Documents/pi/pico/tinyusb/src/class/cdc/cdc_device.c.obj
LOAD CMakeFiles/board_test.dir/home/shiokaze/Documents/pi/pico/tinyusb/src/class/dfu/dfu_device.c.obj
LOAD CMakeFiles/board_test.dir/home/shiokaze/Documents/pi/pico/tinyusb/src/class/dfu/dfu_rt_device.c.obj
LOAD CMakeFiles/board_test.dir/home/shiokaze/Documents/pi/pico/tinyusb/src/class/hid/hid_device.c.obj
LOAD CMakeFiles/board_test.dir/home/shiokaze/Documents/pi/pico/tinyusb/src/class/midi/midi_device.c.obj
LOAD CMakeFiles/board_test.dir/home/shiokaze/Documents/pi/pico/tinyusb/src/class/msc/msc_device.c.obj
LOAD CMakeFiles/board_test.dir/home/shiokaze/Documents/pi/pico/tinyusb/src/class/net/net_device.c.obj
LOAD CMakeFiles/board_test.dir/home/shiokaze/Documents/pi/pico/tinyusb/src/class/usbtmc/usbtmc_device.c.obj
LOAD CMakeFiles/board_test.dir/home/shiokaze/Documents/pi/pico/tinyusb/src/class/vendor/vendor_device.c.obj
LOAD CMakeFiles/board_test.dir/home/shiokaze/Documents/pi/pico/tinyusb/src/tusb.c.obj
LOAD CMakeFiles/board_test.dir/home/shiokaze/Documents/pi/pico/tinyusb/src/common/tusb_fifo.c.obj
LOAD CMakeFiles/board_test.dir/home/shiokaze/Documents/pi/pico/pico-sdk/src/rp2_common/pico_fix/rp2040_usb_device_enumeration/rp2040_usb_device_enumeration.c.obj
LOAD /tmp/ccHcab6R.o
LOAD /usr/lib/gcc/arm-none-eabi/6.3.1/../../../arm-none-eabi/lib/thumb/v6-m/libstdc++.a
LOAD /usr/lib/gcc/arm-none-eabi/6.3.1/../../../arm-none-eabi/lib/thumb/v6-m/libm.a
START GROUP
LOAD /usr/lib/gcc/arm-none-eabi/6.3.1/thumb/v6-m/libgcc.a
LOAD /usr/lib/gcc/arm-none-eabi/6.3.1/../../../arm-none-eabi/lib/thumb/v6-m/libc.a
END GROUP
START GROUP
LOAD /usr/lib/gcc/arm-none-eabi/6.3.1/thumb/v6-m/libgcc.a
LOAD /usr/lib/gcc/arm-none-eabi/6.3.1/../../../arm-none-eabi/lib/thumb/v6-m/libc.a
LOAD /usr/lib/gcc/arm-none-eabi/6.3.1/../../../arm-none-eabi/lib/thumb/v6-m/libnosys.a
END GROUP
LOAD /usr/lib/gcc/arm-none-eabi/6.3.1/thumb/v6-m/crtend.o
LOAD /usr/lib/gcc/arm-none-eabi/6.3.1/thumb/v6-m/crtn.o
OUTPUT(board_test.elf elf32-littlearm)

.ARM.attributes
                0x0000000000000000       0x28
 .ARM.attributes
                0x0000000000000000       0x1e /usr/lib/gcc/arm-none-eabi/6.3.1/thumb/v6-m/crti.o
 .ARM.attributes
                0x000000000000001e       0x2c /usr/lib/gcc/arm-none-eabi/6.3.1/thumb/v6-m/crtbegin.o
 .ARM.attributes
                0x000000000000004a       0x32 CMakeFiles/board_test.dir/src/main.c.obj
 .ARM.attributes
                0x000000000000007c       0x32 CMakeFiles/board_test.dir/home/shiokaze/Documents/pi/pico/pico-sdk/src/rp2_common/hardware_gpio/gpio.c.obj
 .ARM.attributes
                0x00000000000000ae       0x32 CMakeFiles/board_test.dir/home/shiokaze/Documents/pi/pico/pico-sdk/src/rp2_common/hardware_claim/claim.c.obj
 .ARM.attributes
                0x00000000000000e0       0x32 CMakeFiles/board_test.dir/home/shiokaze/Documents/pi/pico/pico-sdk/src/rp2_common/pico_platform/platform.c.obj
 .ARM.attributes
                0x0000000000000112       0x32 CMakeFiles/board_test.dir/home/shiokaze/Documents/pi/pico/pico-sdk/src/rp2_common/hardware_sync/sync.c.obj
 .ARM.attributes
                0x0000000000000144       0x32 CMakeFiles/board_test.dir/home/shiokaze/Documents/pi/pico/pico-sdk/src/rp2_common/hardware_uart/uart.c.obj
 .ARM.attributes
                0x0000000000000176       0x32 CMakeFiles/board_test.dir/home/shiokaze/Documents/pi/pico/pico-sdk/src/common/pico_time/time.c.obj
 .ARM.attributes
                0x00000000000001a8       0x32 CMakeFiles/board_test.dir/home/shiokaze/Documents/pi/pico/pico-sdk/src/rp2_common/hardware_timer/timer.c.obj
 .ARM.attributes
                0x00000000000001da       0x32 CMakeFiles/board_test.dir/home/shiokaze/Documents/pi/pico/pico-sdk/src/common/pico_sync/lock_core.c.obj
 .ARM.attributes
                0x000000000000020c       0x32 CMakeFiles/board_test.dir/home/shiokaze/Documents/pi/pico/pico-sdk/src/common/pico_sync/mutex.c.obj
 .ARM.attributes
                0x000000000000023e       0x32 CMakeFiles/board_test.dir/home/shiokaze/Documents/pi/pico/pico-sdk/src/common/pico_util/pheap.c.obj
 .ARM.attributes
                0x0000000000000270       0x32 CMakeFiles/board_test.dir/home/shiokaze/Documents/pi/pico/pico-sdk/src/rp2_common/pico_runtime/runtime.c.obj
 .ARM.attributes
                0x00000000000002a2       0x32 CMakeFiles/board_test.dir/home/shiokaze/Documents/pi/pico/pico-sdk/src/rp2_common/hardware_clocks/clocks.c.obj
 .ARM.attributes
                0x00000000000002d4       0x32 CMakeFiles/board_test.dir/home/shiokaze/Documents/pi/pico/pico-sdk/src/rp2_common/hardware_irq/irq.c.obj
 .ARM.attributes
                0x0000000000000306       0x22 CMakeFiles/board_test.dir/home/shiokaze/Documents/pi/pico/pico-sdk/src/rp2_common/hardware_irq/irq_handler_chain.S.obj
 .ARM.attributes
                0x0000000000000328       0x32 CMakeFiles/board_test.dir/home/shiokaze/Documents/pi/pico/pico-sdk/src/rp2_common/hardware_pll/pll.c.obj
 .ARM.attributes
                0x000000000000035a       0x32 CMakeFiles/board_test.dir/home/shiokaze/Documents/pi/pico/pico-sdk/src/rp2_common/hardware_watchdog/watchdog.c.obj
 .ARM.attributes
                0x000000000000038c       0x32 CMakeFiles/board_test.dir/home/shiokaze/Documents/pi/pico/pico-sdk/src/rp2_common/hardware_xosc/xosc.c.obj
 .ARM.attributes
                0x00000000000003be       0x32 CMakeFiles/board_test.dir/home/shiokaze/Documents/pi/pico/pico-sdk/src/rp2_common/pico_printf/printf.c.obj
 .ARM.attributes
                0x00000000000003f0       0x22 CMakeFiles/board_test.dir/home/shiokaze/Documents/pi/pico/pico-sdk/src/rp2_common/pico_bit_ops/bit_ops_aeabi.S.obj
 .ARM.attributes
                0x0000000000000412       0x32 CMakeFiles/board_test.dir/home/shiokaze/Documents/pi/pico/pico-sdk/src/rp2_common/pico_bootrom/bootrom.c.obj
 .ARM.attributes
                0x0000000000000444       0x22 CMakeFiles/board_test.dir/home/shiokaze/Documents/pi/pico/pico-sdk/src/rp2_common/pico_divider/divider.S.obj
 .ARM.attributes
                0x0000000000000466       0x22 CMakeFiles/board_test.dir/home/shiokaze/Documents/pi/pico/pico-sdk/src/rp2_common/pico_double/double_aeabi.S.obj
 .ARM.attributes
                0x0000000000000488       0x32 CMakeFiles/board_test.dir/home/shiokaze/Documents/pi/pico/pico-sdk/src/rp2_common/pico_double/double_init_rom.c.obj
 .ARM.attributes
                0x00000000000004ba       0x22 CMakeFiles/board_test.dir/home/shiokaze/Documents/pi/pico/pico-sdk/src/rp2_common/pico_double/double_v1_rom_shim.S.obj
 .ARM.attributes
                0x00000000000004dc       0x22 CMakeFiles/board_test.dir/home/shiokaze/Documents/pi/pico/pico-sdk/src/rp2_common/pico_float/float_aeabi.S.obj
 .ARM.attributes
                0x00000000000004fe       0x32 CMakeFiles/board_test.dir/home/shiokaze/Documents/pi/pico/pico-sdk/src/rp2_common/pico_float/float_init_rom.c.obj
 .ARM.attributes
                0x0000000000000530       0x22 CMakeFiles/board_test.dir/home/shiokaze/Documents/pi/pico/pico-sdk/src/rp2_common/pico_float/float_v1_rom_shim.S.obj
 .ARM.attributes
                0x0000000000000552       0x22 CMakeFiles/board_test.dir/home/shiokaze/Documents/pi/pico/pico-sdk/src/rp2_common/pico_mem_ops/mem_ops_aeabi.S.obj
 .ARM.attributes
                0x0000000000000574       0x22 CMakeFiles/board_test.dir/home/shiokaze/Documents/pi/pico/pico-sdk/src/rp2_common/pico_standard_link/crt0.S.obj
 .ARM.attributes
                0x0000000000000596       0x32 CMakeFiles/board_test.dir/home/shiokaze/Documents/pi/pico/pico-sdk/src/rp2_common/pico_standard_link/binary_info.c.obj
 .ARM.attributes
                0x00000000000005c8       0x32 CMakeFiles/board_test.dir/home/shiokaze/Documents/pi/pico/pico-sdk/src/rp2_common/pico_stdio/stdio.c.obj
 .ARM.attributes
                0x00000000000005fa       0x32 CMakeFiles/board_test.dir/home/shiokaze/Documents/pi/pico/pico-sdk/src/rp2_common/pico_stdio_uart/stdio_uart.c.obj
 .ARM.attributes
                0x000000000000062c       0x32 CMakeFiles/board_test.dir/home/shiokaze/Documents/pi/pico/pico-sdk/src/rp2_common/pico_bootsel_via_double_reset/pico_bootsel_via_double_reset.c.obj
 .ARM.attributes
                0x000000000000065e       0x32 CMakeFiles/board_test.dir/home/shiokaze/Documents/pi/pico/tinyusb/hw/bsp/rp2040/family.c.obj
 .ARM.attributes
                0x0000000000000690       0x22 /tmp/ccHcab6R.o
 .ARM.attributes
                0x00000000000006b2       0x1e /usr/lib/gcc/arm-none-eabi/6.3.1/thumb/v6-m/libgcc.a(_dvmd_tls.o)
 .ARM.attributes
                0x00000000000006d0       0x2c /usr/lib/gcc/arm-none-eabi/6.3.1/../../../arm-none-eabi/lib/thumb/v6-m/libc.a(lib_a-impure.o)
 .ARM.attributes
                0x00000000000006fc       0x2c /usr/lib/gcc/arm-none-eabi/6.3.1/../../../arm-none-eabi/lib/thumb/v6-m/libc.a(lib_a-mallocr.o)
 .ARM.attributes
                0x0000000000000728       0x2c /usr/lib/gcc/arm-none-eabi/6.3.1/../../../arm-none-eabi/lib/thumb/v6-m/libc.a(lib_a-mlock.o)
 .ARM.attributes
                0x0000000000000754       0x2c /usr/lib/gcc/arm-none-eabi/6.3.1/../../../arm-none-eabi/lib/thumb/v6-m/libc.a(lib_a-sbrkr.o)
 .ARM.attributes
                0x0000000000000780       0x2c /usr/lib/gcc/arm-none-eabi/6.3.1/../../../arm-none-eabi/lib/thumb/v6-m/libc.a(lib_a-strlen-stub.o)
 .ARM.attributes
                0x00000000000007ac       0x2c /usr/lib/gcc/arm-none-eabi/6.3.1/../../../arm-none-eabi/lib/thumb/v6-m/libc.a(lib_a-wbuf.o)
 .ARM.attributes
                0x00000000000007d8       0x2c /usr/lib/gcc/arm-none-eabi/6.3.1/../../../arm-none-eabi/lib/thumb/v6-m/libc.a(lib_a-wsetup.o)
 .ARM.attributes
                0x0000000000000804       0x2c /usr/lib/gcc/arm-none-eabi/6.3.1/../../../arm-none-eabi/lib/thumb/v6-m/libc.a(lib_a-fflush.o)
 .ARM.attributes
                0x0000000000000830       0x2c /usr/lib/gcc/arm-none-eabi/6.3.1/../../../arm-none-eabi/lib/thumb/v6-m/libc.a(lib_a-findfp.o)
 .ARM.attributes
                0x000000000000085c       0x2c /usr/lib/gcc/arm-none-eabi/6.3.1/../../../arm-none-eabi/lib/thumb/v6-m/libc.a(lib_a-freer.o)
 .ARM.attributes
                0x0000000000000888       0x2c /usr/lib/gcc/arm-none-eabi/6.3.1/../../../arm-none-eabi/lib/thumb/v6-m/libc.a(lib_a-fwalk.o)
 .ARM.attributes
                0x00000000000008b4       0x2c /usr/lib/gcc/arm-none-eabi/6.3.1/../../../arm-none-eabi/lib/thumb/v6-m/libc.a(lib_a-makebuf.o)
 .ARM.attributes
                0x00000000000008e0       0x2c /usr/lib/gcc/arm-none-eabi/6.3.1/../../../arm-none-eabi/lib/thumb/v6-m/libc.a(lib_a-reent.o)
 .ARM.attributes
                0x000000000000090c       0x2c /usr/lib/gcc/arm-none-eabi/6.3.1/../../../arm-none-eabi/lib/thumb/v6-m/libc.a(lib_a-stdio.o)
 .ARM.attributes
                0x0000000000000938       0x2c /usr/lib/gcc/arm-none-eabi/6.3.1/../../../arm-none-eabi/lib/thumb/v6-m/libc.a(lib_a-writer.o)
 .ARM.attributes
                0x0000000000000964       0x2c /usr/lib/gcc/arm-none-eabi/6.3.1/../../../arm-none-eabi/lib/thumb/v6-m/libc.a(lib_a-closer.o)
 .ARM.attributes
                0x0000000000000990       0x2c /usr/lib/gcc/arm-none-eabi/6.3.1/../../../arm-none-eabi/lib/thumb/v6-m/libc.a(lib_a-fclose.o)
 .ARM.attributes
                0x00000000000009bc       0x2c /usr/lib/gcc/arm-none-eabi/6.3.1/../../../arm-none-eabi/lib/thumb/v6-m/libc.a(lib_a-fstatr.o)
 .ARM.attributes
                0x00000000000009e8       0x2c /usr/lib/gcc/arm-none-eabi/6.3.1/../../../arm-none-eabi/lib/thumb/v6-m/libc.a(lib_a-isattyr.o)
 .ARM.attributes
                0x0000000000000a14       0x2c /usr/lib/gcc/arm-none-eabi/6.3.1/../../../arm-none-eabi/lib/thumb/v6-m/libc.a(lib_a-lseekr.o)
 .ARM.attributes
                0x0000000000000a40       0x2c /usr/lib/gcc/arm-none-eabi/6.3.1/../../../arm-none-eabi/lib/thumb/v6-m/libc.a(lib_a-readr.o)
 .ARM.attributes
                0x0000000000000a6c       0x2c /usr/lib/gcc/arm-none-eabi/6.3.1/../../../arm-none-eabi/lib/thumb/v6-m/libnosys.a(close.o)
 .ARM.attributes
                0x0000000000000a98       0x2c /usr/lib/gcc/arm-none-eabi/6.3.1/../../../arm-none-eabi/lib/thumb/v6-m/libnosys.a(fstat.o)
 .ARM.attributes
                0x0000000000000ac4       0x2c /usr/lib/gcc/arm-none-eabi/6.3.1/../../../arm-none-eabi/lib/thumb/v6-m/libnosys.a(isatty.o)
 .ARM.attributes
                0x0000000000000af0       0x2c /usr/lib/gcc/arm-none-eabi/6.3.1/../../../arm-none-eabi/lib/thumb/v6-m/libnosys.a(lseek.o)
 .ARM.attributes
                0x0000000000000b1c       0x2c /usr/lib/gcc/arm-none-eabi/6.3.1/thumb/v6-m/crtend.o

.comment        0x0000000000000000       0x31
 .comment       0x0000000000000000       0x31 /usr/lib/gcc/arm-none-eabi/6.3.1/thumb/v6-m/crtbegin.o
                                         0x32 (size before relaxing)
 .comment       0x0000000000000031       0x32 CMakeFiles/board_test.dir/src/main.c.obj
 .comment       0x0000000000000031       0x32 CMakeFiles/board_test.dir/home/shiokaze/Documents/pi/pico/pico-sdk/src/rp2_common/hardware_gpio/gpio.c.obj
 .comment       0x0000000000000031       0x32 CMakeFiles/board_test.dir/home/shiokaze/Documents/pi/pico/pico-sdk/src/rp2_common/hardware_claim/claim.c.obj
 .comment       0x0000000000000031       0x32 CMakeFiles/board_test.dir/home/shiokaze/Documents/pi/pico/pico-sdk/src/rp2_common/pico_platform/platform.c.obj
 .comment       0x0000000000000031       0x32 CMakeFiles/board_test.dir/home/shiokaze/Documents/pi/pico/pico-sdk/src/rp2_common/hardware_sync/sync.c.obj
 .comment       0x0000000000000031       0x32 CMakeFiles/board_test.dir/home/shiokaze/Documents/pi/pico/pico-sdk/src/rp2_common/hardware_uart/uart.c.obj
 .comment       0x0000000000000031       0x32 CMakeFiles/board_test.dir/home/shiokaze/Documents/pi/pico/pico-sdk/src/common/pico_time/time.c.obj
 .comment       0x0000000000000031       0x32 CMakeFiles/board_test.dir/home/shiokaze/Documents/pi/pico/pico-sdk/src/rp2_common/hardware_timer/timer.c.obj
 .comment       0x0000000000000031       0x32 CMakeFiles/board_test.dir/home/shiokaze/Documents/pi/pico/pico-sdk/src/common/pico_sync/lock_core.c.obj
 .comment       0x0000000000000031       0x32 CMakeFiles/board_test.dir/home/shiokaze/Documents/pi/pico/pico-sdk/src/common/pico_sync/mutex.c.obj
 .comment       0x0000000000000031       0x32 CMakeFiles/board_test.dir/home/shiokaze/Documents/pi/pico/pico-sdk/src/common/pico_util/pheap.c.obj
 .comment       0x0000000000000031       0x32 CMakeFiles/board_test.dir/home/shiokaze/Documents/pi/pico/pico-sdk/src/rp2_common/pico_runtime/runtime.c.obj
 .comment       0x0000000000000031       0x32 CMakeFiles/board_test.dir/home/shiokaze/Documents/pi/pico/pico-sdk/src/rp2_common/hardware_clocks/clocks.c.obj
 .comment       0x0000000000000031       0x32 CMakeFiles/board_test.dir/home/shiokaze/Documents/pi/pico/pico-sdk/src/rp2_common/hardware_irq/irq.c.obj
 .comment       0x0000000000000031       0x32 CMakeFiles/board_test.dir/home/shiokaze/Documents/pi/pico/pico-sdk/src/rp2_common/hardware_pll/pll.c.obj
 .comment       0x0000000000000031       0x32 CMakeFiles/board_test.dir/home/shiokaze/Documents/pi/pico/pico-sdk/src/rp2_common/hardware_watchdog/watchdog.c.obj
 .comment       0x0000000000000031       0x32 CMakeFiles/board_test.dir/home/shiokaze/Documents/pi/pico/pico-sdk/src/rp2_common/hardware_xosc/xosc.c.obj
 .comment       0x0000000000000031       0x32 CMakeFiles/board_test.dir/home/shiokaze/Documents/pi/pico/pico-sdk/src/rp2_common/pico_printf/printf.c.obj
 .comment       0x0000000000000031       0x32 CMakeFiles/board_test.dir/home/shiokaze/Documents/pi/pico/pico-sdk/src/rp2_common/pico_bootrom/bootrom.c.obj
 .comment       0x0000000000000031       0x32 CMakeFiles/board_test.dir/home/shiokaze/Documents/pi/pico/pico-sdk/src/rp2_common/pico_double/double_init_rom.c.obj
 .comment       0x0000000000000031       0x32 CMakeFiles/board_test.dir/home/shiokaze/Documents/pi/pico/pico-sdk/src/rp2_common/pico_float/float_init_rom.c.obj
 .comment       0x0000000000000031       0x32 CMakeFiles/board_test.dir/home/shiokaze/Documents/pi/pico/pico-sdk/src/rp2_common/pico_standard_link/binary_info.c.obj
 .comment       0x0000000000000031       0x32 CMakeFiles/board_test.dir/home/shiokaze/Documents/pi/pico/pico-sdk/src/rp2_common/pico_stdio/stdio.c.obj
 .comment       0x0000000000000031       0x32 CMakeFiles/board_test.dir/home/shiokaze/Documents/pi/pico/pico-sdk/src/rp2_common/pico_stdio_uart/stdio_uart.c.obj
 .comment       0x0000000000000031       0x32 CMakeFiles/board_test.dir/home/shiokaze/Documents/pi/pico/pico-sdk/src/rp2_common/pico_bootsel_via_double_reset/pico_bootsel_via_double_reset.c.obj
 .comment       0x0000000000000031       0x32 CMakeFiles/board_test.dir/home/shiokaze/Documents/pi/pico/tinyusb/hw/bsp/rp2040/family.c.obj
 .comment       0x0000000000000031       0x32 /usr/lib/gcc/arm-none-eabi/6.3.1/../../../arm-none-eabi/lib/thumb/v6-m/libc.a(lib_a-impure.o)
 .comment       0x0000000000000031       0x32 /usr/lib/gcc/arm-none-eabi/6.3.1/../../../arm-none-eabi/lib/thumb/v6-m/libc.a(lib_a-mallocr.o)
 .comment       0x0000000000000031       0x32 /usr/lib/gcc/arm-none-eabi/6.3.1/../../../arm-none-eabi/lib/thumb/v6-m/libc.a(lib_a-mlock.o)
 .comment       0x0000000000000031       0x32 /usr/lib/gcc/arm-none-eabi/6.3.1/../../../arm-none-eabi/lib/thumb/v6-m/libc.a(lib_a-sbrkr.o)
 .comment       0x0000000000000031       0x32 /usr/lib/gcc/arm-none-eabi/6.3.1/../../../arm-none-eabi/lib/thumb/v6-m/libc.a(lib_a-strlen-stub.o)
 .comment       0x0000000000000031       0x32 /usr/lib/gcc/arm-none-eabi/6.3.1/../../../arm-none-eabi/lib/thumb/v6-m/libc.a(lib_a-wbuf.o)
 .comment       0x0000000000000031       0x32 /usr/lib/gcc/arm-none-eabi/6.3.1/../../../arm-none-eabi/lib/thumb/v6-m/libc.a(lib_a-wsetup.o)
 .comment       0x0000000000000031       0x32 /usr/lib/gcc/arm-none-eabi/6.3.1/../../../arm-none-eabi/lib/thumb/v6-m/libc.a(lib_a-fflush.o)
 .comment       0x0000000000000031       0x32 /usr/lib/gcc/arm-none-eabi/6.3.1/../../../arm-none-eabi/lib/thumb/v6-m/libc.a(lib_a-findfp.o)
 .comment       0x0000000000000031       0x32 /usr/lib/gcc/arm-none-eabi/6.3.1/../../../arm-none-eabi/lib/thumb/v6-m/libc.a(lib_a-freer.o)
 .comment       0x0000000000000031       0x32 /usr/lib/gcc/arm-none-eabi/6.3.1/../../../arm-none-eabi/lib/thumb/v6-m/libc.a(lib_a-fwalk.o)
 .comment       0x0000000000000031       0x32 /usr/lib/gcc/arm-none-eabi/6.3.1/../../../arm-none-eabi/lib/thumb/v6-m/libc.a(lib_a-makebuf.o)
 .comment       0x0000000000000031       0x32 /usr/lib/gcc/arm-none-eabi/6.3.1/../../../arm-none-eabi/lib/thumb/v6-m/libc.a(lib_a-reent.o)
 .comment       0x0000000000000031       0x32 /usr/lib/gcc/arm-none-eabi/6.3.1/../../../arm-none-eabi/lib/thumb/v6-m/libc.a(lib_a-stdio.o)
 .comment       0x0000000000000031       0x32 /usr/lib/gcc/arm-none-eabi/6.3.1/../../../arm-none-eabi/lib/thumb/v6-m/libc.a(lib_a-writer.o)
 .comment       0x0000000000000031       0x32 /usr/lib/gcc/arm-none-eabi/6.3.1/../../../arm-none-eabi/lib/thumb/v6-m/libc.a(lib_a-closer.o)
 .comment       0x0000000000000031       0x32 /usr/lib/gcc/arm-none-eabi/6.3.1/../../../arm-none-eabi/lib/thumb/v6-m/libc.a(lib_a-fclose.o)
 .comment       0x0000000000000031       0x32 /usr/lib/gcc/arm-none-eabi/6.3.1/../../../arm-none-eabi/lib/thumb/v6-m/libc.a(lib_a-fstatr.o)
 .comment       0x0000000000000031       0x32 /usr/lib/gcc/arm-none-eabi/6.3.1/../../../arm-none-eabi/lib/thumb/v6-m/libc.a(lib_a-isattyr.o)
 .comment       0x0000000000000031       0x32 /usr/lib/gcc/arm-none-eabi/6.3.1/../../../arm-none-eabi/lib/thumb/v6-m/libc.a(lib_a-lseekr.o)
 .comment       0x0000000000000031       0x32 /usr/lib/gcc/arm-none-eabi/6.3.1/../../../arm-none-eabi/lib/thumb/v6-m/libc.a(lib_a-readr.o)
 .comment       0x0000000000000031       0x32 /usr/lib/gcc/arm-none-eabi/6.3.1/../../../arm-none-eabi/lib/thumb/v6-m/libnosys.a(close.o)
 .comment       0x0000000000000031       0x32 /usr/lib/gcc/arm-none-eabi/6.3.1/../../../arm-none-eabi/lib/thumb/v6-m/libnosys.a(fstat.o)
 .comment       0x0000000000000031       0x32 /usr/lib/gcc/arm-none-eabi/6.3.1/../../../arm-none-eabi/lib/thumb/v6-m/libnosys.a(isatty.o)
 .comment       0x0000000000000031       0x32 /usr/lib/gcc/arm-none-eabi/6.3.1/../../../arm-none-eabi/lib/thumb/v6-m/libnosys.a(lseek.o)
 .comment       0x0000000000000031       0x32 /usr/lib/gcc/arm-none-eabi/6.3.1/thumb/v6-m/crtend.o

.debug_line     0x0000000000000000     0x2998
 .debug_line    0x0000000000000000       0x61 /usr/lib/gcc/arm-none-eabi/6.3.1/thumb/v6-m/libgcc.a(_dvmd_tls.o)
 .debug_line    0x0000000000000061       0xe9 /usr/lib/gcc/arm-none-eabi/6.3.1/../../../arm-none-eabi/lib/thumb/v6-m/libc.a(lib_a-impure.o)
 .debug_line    0x000000000000014a      0x38b /usr/lib/gcc/arm-none-eabi/6.3.1/../../../arm-none-eabi/lib/thumb/v6-m/libc.a(lib_a-mallocr.o)
 .debug_line    0x00000000000004d5       0xf9 /usr/lib/gcc/arm-none-eabi/6.3.1/../../../arm-none-eabi/lib/thumb/v6-m/libc.a(lib_a-mlock.o)
 .debug_line    0x00000000000005ce      0x15b /usr/lib/gcc/arm-none-eabi/6.3.1/../../../arm-none-eabi/lib/thumb/v6-m/libc.a(lib_a-sbrkr.o)
 .debug_line    0x0000000000000729      0x170 /usr/lib/gcc/arm-none-eabi/6.3.1/../../../arm-none-eabi/lib/thumb/v6-m/libc.a(lib_a-strlen-stub.o)
 .debug_line    0x0000000000000899      0x1d7 /usr/lib/gcc/arm-none-eabi/6.3.1/../../../arm-none-eabi/lib/thumb/v6-m/libc.a(lib_a-wbuf.o)
 .debug_line    0x0000000000000a70      0x1dd /usr/lib/gcc/arm-none-eabi/6.3.1/../../../arm-none-eabi/lib/thumb/v6-m/libc.a(lib_a-wsetup.o)
 .debug_line    0x0000000000000c4d      0x23b /usr/lib/gcc/arm-none-eabi/6.3.1/../../../arm-none-eabi/lib/thumb/v6-m/libc.a(lib_a-fflush.o)
 .debug_line    0x0000000000000e88      0x28a /usr/lib/gcc/arm-none-eabi/6.3.1/../../../arm-none-eabi/lib/thumb/v6-m/libc.a(lib_a-findfp.o)
 .debug_line    0x0000000000001112      0x236 /usr/lib/gcc/arm-none-eabi/6.3.1/../../../arm-none-eabi/lib/thumb/v6-m/libc.a(lib_a-freer.o)
 .debug_line    0x0000000000001348      0x1b9 /usr/lib/gcc/arm-none-eabi/6.3.1/../../../arm-none-eabi/lib/thumb/v6-m/libc.a(lib_a-fwalk.o)
 .debug_line    0x0000000000001501      0x24f /usr/lib/gcc/arm-none-eabi/6.3.1/../../../arm-none-eabi/lib/thumb/v6-m/libc.a(lib_a-makebuf.o)
 .debug_line    0x0000000000001750      0x17a /usr/lib/gcc/arm-none-eabi/6.3.1/../../../arm-none-eabi/lib/thumb/v6-m/libc.a(lib_a-reent.o)
 .debug_line    0x00000000000018ca      0x1b1 /usr/lib/gcc/arm-none-eabi/6.3.1/../../../arm-none-eabi/lib/thumb/v6-m/libc.a(lib_a-stdio.o)
 .debug_line    0x0000000000001a7b      0x159 /usr/lib/gcc/arm-none-eabi/6.3.1/../../../arm-none-eabi/lib/thumb/v6-m/libc.a(lib_a-writer.o)
 .debug_line    0x0000000000001bd4      0x15d /usr/lib/gcc/arm-none-eabi/6.3.1/../../../arm-none-eabi/lib/thumb/v6-m/libc.a(lib_a-closer.o)
 .debug_line    0x0000000000001d31      0x199 /usr/lib/gcc/arm-none-eabi/6.3.1/../../../arm-none-eabi/lib/thumb/v6-m/libc.a(lib_a-fclose.o)
 .debug_line    0x0000000000001eca      0x1e5 /usr/lib/gcc/arm-none-eabi/6.3.1/../../../arm-none-eabi/lib/thumb/v6-m/libc.a(lib_a-fstatr.o)
 .debug_line    0x00000000000020af      0x15e /usr/lib/gcc/arm-none-eabi/6.3.1/../../../arm-none-eabi/lib/thumb/v6-m/libc.a(lib_a-isattyr.o)
 .debug_line    0x000000000000220d      0x159 /usr/lib/gcc/arm-none-eabi/6.3.1/../../../arm-none-eabi/lib/thumb/v6-m/libc.a(lib_a-lseekr.o)
 .debug_line    0x0000000000002366      0x158 /usr/lib/gcc/arm-none-eabi/6.3.1/../../../arm-none-eabi/lib/thumb/v6-m/libc.a(lib_a-readr.o)
 .debug_line    0x00000000000024be      0x105 /usr/lib/gcc/arm-none-eabi/6.3.1/../../../arm-none-eabi/lib/thumb/v6-m/libnosys.a(close.o)
 .debug_line    0x00000000000025c3      0x1cc /usr/lib/gcc/arm-none-eabi/6.3.1/../../../arm-none-eabi/lib/thumb/v6-m/libnosys.a(fstat.o)
 .debug_line    0x000000000000278f      0x104 /usr/lib/gcc/arm-none-eabi/6.3.1/../../../arm-none-eabi/lib/thumb/v6-m/libnosys.a(isatty.o)
 .debug_line    0x0000000000002893      0x105 /usr/lib/gcc/arm-none-eabi/6.3.1/../../../arm-none-eabi/lib/thumb/v6-m/libnosys.a(lseek.o)

.debug_info     0x0000000000000000    0x11005
 .debug_info    0x0000000000000000       0xbf /usr/lib/gcc/arm-none-eabi/6.3.1/thumb/v6-m/libgcc.a(_dvmd_tls.o)
 .debug_info    0x00000000000000bf      0x8a5 /usr/lib/gcc/arm-none-eabi/6.3.1/../../../arm-none-eabi/lib/thumb/v6-m/libc.a(lib_a-impure.o)
 .debug_info    0x0000000000000964      0xdd4 /usr/lib/gcc/arm-none-eabi/6.3.1/../../../arm-none-eabi/lib/thumb/v6-m/libc.a(lib_a-mallocr.o)
 .debug_info    0x0000000000001738      0x8d8 /usr/lib/gcc/arm-none-eabi/6.3.1/../../../arm-none-eabi/lib/thumb/v6-m/libc.a(lib_a-mlock.o)
 .debug_info    0x0000000000002010      0x95a /usr/lib/gcc/arm-none-eabi/6.3.1/../../../arm-none-eabi/lib/thumb/v6-m/libc.a(lib_a-sbrkr.o)
 .debug_info    0x000000000000296a      0x8de /usr/lib/gcc/arm-none-eabi/6.3.1/../../../arm-none-eabi/lib/thumb/v6-m/libc.a(lib_a-strlen-stub.o)
 .debug_info    0x0000000000003248      0xbce /usr/lib/gcc/arm-none-eabi/6.3.1/../../../arm-none-eabi/lib/thumb/v6-m/libc.a(lib_a-wbuf.o)
 .debug_info    0x0000000000003e16      0xb46 /usr/lib/gcc/arm-none-eabi/6.3.1/../../../arm-none-eabi/lib/thumb/v6-m/libc.a(lib_a-wsetup.o)
 .debug_info    0x000000000000495c      0xc9d /usr/lib/gcc/arm-none-eabi/6.3.1/../../../arm-none-eabi/lib/thumb/v6-m/libc.a(lib_a-fflush.o)
 .debug_info    0x00000000000055f9      0xfa1 /usr/lib/gcc/arm-none-eabi/6.3.1/../../../arm-none-eabi/lib/thumb/v6-m/libc.a(lib_a-findfp.o)
 .debug_info    0x000000000000659a      0xc93 /usr/lib/gcc/arm-none-eabi/6.3.1/../../../arm-none-eabi/lib/thumb/v6-m/libc.a(lib_a-freer.o)
 .debug_info    0x000000000000722d      0xbcc /usr/lib/gcc/arm-none-eabi/6.3.1/../../../arm-none-eabi/lib/thumb/v6-m/libc.a(lib_a-fwalk.o)
 .debug_info    0x0000000000007df9      0xe45 /usr/lib/gcc/arm-none-eabi/6.3.1/../../../arm-none-eabi/lib/thumb/v6-m/libc.a(lib_a-makebuf.o)
 .debug_info    0x0000000000008c3e      0xa15 /usr/lib/gcc/arm-none-eabi/6.3.1/../../../arm-none-eabi/lib/thumb/v6-m/libc.a(lib_a-reent.o)
 .debug_info    0x0000000000009653      0xd55 /usr/lib/gcc/arm-none-eabi/6.3.1/../../../arm-none-eabi/lib/thumb/v6-m/libc.a(lib_a-stdio.o)
 .debug_info    0x000000000000a3a8      0x999 /usr/lib/gcc/arm-none-eabi/6.3.1/../../../arm-none-eabi/lib/thumb/v6-m/libc.a(lib_a-writer.o)
 .debug_info    0x000000000000ad41      0x950 /usr/lib/gcc/arm-none-eabi/6.3.1/../../../arm-none-eabi/lib/thumb/v6-m/libc.a(lib_a-closer.o)
 .debug_info    0x000000000000b691      0xc08 /usr/lib/gcc/arm-none-eabi/6.3.1/../../../arm-none-eabi/lib/thumb/v6-m/libc.a(lib_a-fclose.o)
 .debug_info    0x000000000000c299      0xb62 /usr/lib/gcc/arm-none-eabi/6.3.1/../../../arm-none-eabi/lib/thumb/v6-m/libc.a(lib_a-fstatr.o)
 .debug_info    0x000000000000cdfb      0x950 /usr/lib/gcc/arm-none-eabi/6.3.1/../../../arm-none-eabi/lib/thumb/v6-m/libc.a(lib_a-isattyr.o)
 .debug_info    0x000000000000d74b      0x97c /usr/lib/gcc/arm-none-eabi/6.3.1/../../../arm-none-eabi/lib/thumb/v6-m/libc.a(lib_a-lseekr.o)
 .debug_info    0x000000000000e0c7      0x992 /usr/lib/gcc/arm-none-eabi/6.3.1/../../../arm-none-eabi/lib/thumb/v6-m/libc.a(lib_a-readr.o)
 .debug_info    0x000000000000ea59      0x8e1 /usr/lib/gcc/arm-none-eabi/6.3.1/../../../arm-none-eabi/lib/thumb/v6-m/libnosys.a(close.o)
 .debug_info    0x000000000000f33a      0xaed /usr/lib/gcc/arm-none-eabi/6.3.1/../../../arm-none-eabi/lib/thumb/v6-m/libnosys.a(fstat.o)
 .debug_info    0x000000000000fe27      0x8e1 /usr/lib/gcc/arm-none-eabi/6.3.1/../../../arm-none-eabi/lib/thumb/v6-m/libnosys.a(isatty.o)
 .debug_info    0x0000000000010708      0x8fd /usr/lib/gcc/arm-none-eabi/6.3.1/../../../arm-none-eabi/lib/thumb/v6-m/libnosys.a(lseek.o)

.debug_abbrev   0x0000000000000000     0x36db
 .debug_abbrev  0x0000000000000000       0x14 /usr/lib/gcc/arm-none-eabi/6.3.1/thumb/v6-m/libgcc.a(_dvmd_tls.o)
 .debug_abbrev  0x0000000000000014      0x189 /usr/lib/gcc/arm-none-eabi/6.3.1/../../../arm-none-eabi/lib/thumb/v6-m/libc.a(lib_a-impure.o)
 .debug_abbrev  0x000000000000019d      0x2b9 /usr/lib/gcc/arm-none-eabi/6.3.1/../../../arm-none-eabi/lib/thumb/v6-m/libc.a(lib_a-mallocr.o)
 .debug_abbrev  0x0000000000000456      0x1ca /usr/lib/gcc/arm-none-eabi/6.3.1/../../../arm-none-eabi/lib/thumb/v6-m/libc.a(lib_a-mlock.o)
 .debug_abbrev  0x0000000000000620      0x20c /usr/lib/gcc/arm-none-eabi/6.3.1/../../../arm-none-eabi/lib/thumb/v6-m/libc.a(lib_a-sbrkr.o)
 .debug_abbrev  0x000000000000082c      0x1af /usr/lib/gcc/arm-none-eabi/6.3.1/../../../arm-none-eabi/lib/thumb/v6-m/libc.a(lib_a-strlen-stub.o)
 .debug_abbrev  0x00000000000009db      0x26b /usr/lib/gcc/arm-none-eabi/6.3.1/../../../arm-none-eabi/lib/thumb/v6-m/libc.a(lib_a-wbuf.o)
 .debug_abbrev  0x0000000000000c46      0x240 /usr/lib/gcc/arm-none-eabi/6.3.1/../../../arm-none-eabi/lib/thumb/v6-m/libc.a(lib_a-wsetup.o)
 .debug_abbrev  0x0000000000000e86      0x2c1 /usr/lib/gcc/arm-none-eabi/6.3.1/../../../arm-none-eabi/lib/thumb/v6-m/libc.a(lib_a-fflush.o)
 .debug_abbrev  0x0000000000001147      0x38f /usr/lib/gcc/arm-none-eabi/6.3.1/../../../arm-none-eabi/lib/thumb/v6-m/libc.a(lib_a-findfp.o)
 .debug_abbrev  0x00000000000014d6      0x26a /usr/lib/gcc/arm-none-eabi/6.3.1/../../../arm-none-eabi/lib/thumb/v6-m/libc.a(lib_a-freer.o)
 .debug_abbrev  0x0000000000001740      0x20a /usr/lib/gcc/arm-none-eabi/6.3.1/../../../arm-none-eabi/lib/thumb/v6-m/libc.a(lib_a-fwalk.o)
 .debug_abbrev  0x000000000000194a      0x2dd /usr/lib/gcc/arm-none-eabi/6.3.1/../../../arm-none-eabi/lib/thumb/v6-m/libc.a(lib_a-makebuf.o)
 .debug_abbrev  0x0000000000001c27      0x25f /usr/lib/gcc/arm-none-eabi/6.3.1/../../../arm-none-eabi/lib/thumb/v6-m/libc.a(lib_a-reent.o)
 .debug_abbrev  0x0000000000001e86      0x252 /usr/lib/gcc/arm-none-eabi/6.3.1/../../../arm-none-eabi/lib/thumb/v6-m/libc.a(lib_a-stdio.o)
 .debug_abbrev  0x00000000000020d8      0x20c /usr/lib/gcc/arm-none-eabi/6.3.1/../../../arm-none-eabi/lib/thumb/v6-m/libc.a(lib_a-writer.o)
 .debug_abbrev  0x00000000000022e4      0x207 /usr/lib/gcc/arm-none-eabi/6.3.1/../../../arm-none-eabi/lib/thumb/v6-m/libc.a(lib_a-closer.o)
 .debug_abbrev  0x00000000000024eb      0x2b7 /usr/lib/gcc/arm-none-eabi/6.3.1/../../../arm-none-eabi/lib/thumb/v6-m/libc.a(lib_a-fclose.o)
 .debug_abbrev  0x00000000000027a2      0x216 /usr/lib/gcc/arm-none-eabi/6.3.1/../../../arm-none-eabi/lib/thumb/v6-m/libc.a(lib_a-fstatr.o)
 .debug_abbrev  0x00000000000029b8      0x207 /usr/lib/gcc/arm-none-eabi/6.3.1/../../../arm-none-eabi/lib/thumb/v6-m/libc.a(lib_a-isattyr.o)
 .debug_abbrev  0x0000000000002bbf      0x216 /usr/lib/gcc/arm-none-eabi/6.3.1/../../../arm-none-eabi/lib/thumb/v6-m/libc.a(lib_a-lseekr.o)
 .debug_abbrev  0x0000000000002dd5      0x207 /usr/lib/gcc/arm-none-eabi/6.3.1/../../../arm-none-eabi/lib/thumb/v6-m/libc.a(lib_a-readr.o)
 .debug_abbrev  0x0000000000002fdc      0x1b4 /usr/lib/gcc/arm-none-eabi/6.3.1/../../../arm-none-eabi/lib/thumb/v6-m/libnosys.a(close.o)
 .debug_abbrev  0x0000000000003190      0x1c5 /usr/lib/gcc/arm-none-eabi/6.3.1/../../../arm-none-eabi/lib/thumb/v6-m/libnosys.a(fstat.o)
 .debug_abbrev  0x0000000000003355      0x1b4 /usr/lib/gcc/arm-none-eabi/6.3.1/../../../arm-none-eabi/lib/thumb/v6-m/libnosys.a(isatty.o)
 .debug_abbrev  0x0000000000003509      0x1d2 /usr/lib/gcc/arm-none-eabi/6.3.1/../../../arm-none-eabi/lib/thumb/v6-m/libnosys.a(lseek.o)

.debug_aranges  0x0000000000000000      0x338
 .debug_aranges
                0x0000000000000000       0x20 /usr/lib/gcc/arm-none-eabi/6.3.1/thumb/v6-m/libgcc.a(_dvmd_tls.o)
 .debug_aranges
                0x0000000000000020       0x18 /usr/lib/gcc/arm-none-eabi/6.3.1/../../../arm-none-eabi/lib/thumb/v6-m/libc.a(lib_a-impure.o)
 .debug_aranges
                0x0000000000000038       0x20 /usr/lib/gcc/arm-none-eabi/6.3.1/../../../arm-none-eabi/lib/thumb/v6-m/libc.a(lib_a-mallocr.o)
 .debug_aranges
                0x0000000000000058       0x20 /usr/lib/gcc/arm-none-eabi/6.3.1/../../../arm-none-eabi/lib/thumb/v6-m/libc.a(lib_a-mlock.o)
 .debug_aranges
                0x0000000000000078       0x20 /usr/lib/gcc/arm-none-eabi/6.3.1/../../../arm-none-eabi/lib/thumb/v6-m/libc.a(lib_a-sbrkr.o)
 .debug_aranges
                0x0000000000000098       0x20 /usr/lib/gcc/arm-none-eabi/6.3.1/../../../arm-none-eabi/lib/thumb/v6-m/libc.a(lib_a-strlen-stub.o)
 .debug_aranges
                0x00000000000000b8       0x20 /usr/lib/gcc/arm-none-eabi/6.3.1/../../../arm-none-eabi/lib/thumb/v6-m/libc.a(lib_a-wbuf.o)
 .debug_aranges
                0x00000000000000d8       0x20 /usr/lib/gcc/arm-none-eabi/6.3.1/../../../arm-none-eabi/lib/thumb/v6-m/libc.a(lib_a-wsetup.o)
 .debug_aranges
                0x00000000000000f8       0x20 /usr/lib/gcc/arm-none-eabi/6.3.1/../../../arm-none-eabi/lib/thumb/v6-m/libc.a(lib_a-fflush.o)
 .debug_aranges
                0x0000000000000118       0x20 /usr/lib/gcc/arm-none-eabi/6.3.1/../../../arm-none-eabi/lib/thumb/v6-m/libc.a(lib_a-findfp.o)
 .debug_aranges
                0x0000000000000138       0x20 /usr/lib/gcc/arm-none-eabi/6.3.1/../../../arm-none-eabi/lib/thumb/v6-m/libc.a(lib_a-freer.o)
 .debug_aranges
                0x0000000000000158       0x20 /usr/lib/gcc/arm-none-eabi/6.3.1/../../../arm-none-eabi/lib/thumb/v6-m/libc.a(lib_a-fwalk.o)
 .debug_aranges
                0x0000000000000178       0x20 /usr/lib/gcc/arm-none-eabi/6.3.1/../../../arm-none-eabi/lib/thumb/v6-m/libc.a(lib_a-makebuf.o)
 .debug_aranges
                0x0000000000000198       0x20 /usr/lib/gcc/arm-none-eabi/6.3.1/../../../arm-none-eabi/lib/thumb/v6-m/libc.a(lib_a-reent.o)
 .debug_aranges
                0x00000000000001b8       0x20 /usr/lib/gcc/arm-none-eabi/6.3.1/../../../arm-none-eabi/lib/thumb/v6-m/libc.a(lib_a-stdio.o)
 .debug_aranges
                0x00000000000001d8       0x20 /usr/lib/gcc/arm-none-eabi/6.3.1/../../../arm-none-eabi/lib/thumb/v6-m/libc.a(lib_a-writer.o)
 .debug_aranges
                0x00000000000001f8       0x20 /usr/lib/gcc/arm-none-eabi/6.3.1/../../../arm-none-eabi/lib/thumb/v6-m/libc.a(lib_a-closer.o)
 .debug_aranges
                0x0000000000000218       0x20 /usr/lib/gcc/arm-none-eabi/6.3.1/../../../arm-none-eabi/lib/thumb/v6-m/libc.a(lib_a-fclose.o)
 .debug_aranges
                0x0000000000000238       0x20 /usr/lib/gcc/arm-none-eabi/6.3.1/../../../arm-none-eabi/lib/thumb/v6-m/libc.a(lib_a-fstatr.o)
 .debug_aranges
                0x0000000000000258       0x20 /usr/lib/gcc/arm-none-eabi/6.3.1/../../../arm-none-eabi/lib/thumb/v6-m/libc.a(lib_a-isattyr.o)
 .debug_aranges
                0x0000000000000278       0x20 /usr/lib/gcc/arm-none-eabi/6.3.1/../../../arm-none-eabi/lib/thumb/v6-m/libc.a(lib_a-lseekr.o)
 .debug_aranges
                0x0000000000000298       0x20 /usr/lib/gcc/arm-none-eabi/6.3.1/../../../arm-none-eabi/lib/thumb/v6-m/libc.a(lib_a-readr.o)
 .debug_aranges
                0x00000000000002b8       0x20 /usr/lib/gcc/arm-none-eabi/6.3.1/../../../arm-none-eabi/lib/thumb/v6-m/libnosys.a(close.o)
 .debug_aranges
                0x00000000000002d8       0x20 /usr/lib/gcc/arm-none-eabi/6.3.1/../../../arm-none-eabi/lib/thumb/v6-m/libnosys.a(fstat.o)
 .debug_aranges
                0x00000000000002f8       0x20 /usr/lib/gcc/arm-none-eabi/6.3.1/../../../arm-none-eabi/lib/thumb/v6-m/libnosys.a(isatty.o)
 .debug_aranges
                0x0000000000000318       0x20 /usr/lib/gcc/arm-none-eabi/6.3.1/../../../arm-none-eabi/lib/thumb/v6-m/libnosys.a(lseek.o)

.debug_str      0x0000000000000000     0x121e
 .debug_str     0x0000000000000000      0x4d9 /usr/lib/gcc/arm-none-eabi/6.3.1/../../../arm-none-eabi/lib/thumb/v6-m/libc.a(lib_a-impure.o)
                                        0x566 (size before relaxing)
 .debug_str     0x00000000000004d9      0x2cc /usr/lib/gcc/arm-none-eabi/6.3.1/../../../arm-none-eabi/lib/thumb/v6-m/libc.a(lib_a-mallocr.o)
                                        0x7ce (size before relaxing)
 .debug_str     0x00000000000007a5       0x45 /usr/lib/gcc/arm-none-eabi/6.3.1/../../../arm-none-eabi/lib/thumb/v6-m/libc.a(lib_a-mlock.o)
                                        0x58e (size before relaxing)
 .debug_str     0x00000000000007ea       0x44 /usr/lib/gcc/arm-none-eabi/6.3.1/../../../arm-none-eabi/lib/thumb/v6-m/libc.a(lib_a-sbrkr.o)
                                        0x5a9 (size before relaxing)
 .debug_str     0x000000000000082e       0xba /usr/lib/gcc/arm-none-eabi/6.3.1/../../../arm-none-eabi/lib/thumb/v6-m/libc.a(lib_a-strlen-stub.o)
                                        0x58f (size before relaxing)
 .debug_str     0x00000000000008e8      0x1ce /usr/lib/gcc/arm-none-eabi/6.3.1/../../../arm-none-eabi/lib/thumb/v6-m/libc.a(lib_a-wbuf.o)
                                        0x6ef (size before relaxing)
 .debug_str     0x0000000000000ab6       0x3d /usr/lib/gcc/arm-none-eabi/6.3.1/../../../arm-none-eabi/lib/thumb/v6-m/libc.a(lib_a-wsetup.o)
                                        0x6ea (size before relaxing)
 .debug_str     0x0000000000000af3       0x60 /usr/lib/gcc/arm-none-eabi/6.3.1/../../../arm-none-eabi/lib/thumb/v6-m/libc.a(lib_a-fflush.o)
                                        0x718 (size before relaxing)
 .debug_str     0x0000000000000b53      0x136 /usr/lib/gcc/arm-none-eabi/6.3.1/../../../arm-none-eabi/lib/thumb/v6-m/libc.a(lib_a-findfp.o)
                                        0x7f4 (size before relaxing)
 .debug_str     0x0000000000000c89       0x34 /usr/lib/gcc/arm-none-eabi/6.3.1/../../../arm-none-eabi/lib/thumb/v6-m/libc.a(lib_a-freer.o)
                                        0x747 (size before relaxing)